******************************************************************************
                  TI ARM Linker Unix v18.1.3                   
******************************************************************************
>> Linked Tue Nov 27 16:45:58 2018

OUTPUT FILE NAME:   <FinalProject.out>
ENTRY POINT SYMBOL: "_c_int00_noargs"  address: 00002bcd


MEMORY CONFIGURATION

         name            origin    length      used     unused   attr    fill
----------------------  --------  ---------  --------  --------  ----  --------
  MAIN                  00000000   00040000  00002e87  0003d179  R  X
  INFO                  00200000   00004000  00000000  00004000  R  X
  SRAM_CODE             01000000   00010000  00000241  0000fdbf  RW X
  SRAM_DATA             20000000   00010000  00000241  0000fdbf  RW  


SEGMENT ALLOCATION MAP

run origin  load origin   length   init length attrs members
----------  ----------- ---------- ----------- ----- -------
00000000    00000000    00002e88   00002e88    r-x
  00000000    00000000    000000e4   000000e4    r-- .intvecs
  000000e4    000000e4    00002c30   00002c30    r-x .text
  00002d14    00002d14    0000012b   0000012b    r-- .const
  00002e40    00002e40    00000048   00000048    r-- .cinit
20000000    20000000    00000041   00000000    rw-
  20000000    20000000    00000039   00000000    rw- .data
  20000039    20000039    00000008   00000000    rw- .bss
2000fe00    2000fe00    00000200   00000000    rw-
  2000fe00    2000fe00    00000200   00000000    rw- .stack


SECTION ALLOCATION MAP

 output                                  attributes/
section   page    origin      length       input sections
--------  ----  ----------  ----------   ----------------
.intvecs   0    00000000    000000e4     
                  00000000    000000e4     startup_msp432p401r_ccs.obj (.intvecs:retain)

.text      0    000000e4    00002c30     
                  000000e4    00000ac4     main.obj (.text)
                  00000ba8    00000a5e     rtsv7M4_T_le_v4SPD16_eabi.lib : _printfi.c.obj (.text:__TI_printfi)
                  00001606    00000002                                   : div0.asm.obj (.text)
                  00001608    00000334     system_msp432p401r.obj (.text)
                  0000193c    00000270     rtsv7M4_T_le_v4SPD16_eabi.lib : _printfi.c.obj (.text:_pconv_a)
                  00001bac    000001d0                                   : _printfi.c.obj (.text:_pconv_g)
                  00001d7c    000001b6                                   : fd_add_t2.asm.obj (.text)
                  00001f32    00000002     --HOLE-- [fill = 0]
                  00001f34    0000013c                                   : _printfi.c.obj (.text:_pconv_e)
                  00002070    00000136                                   : fd_div_t2.asm.obj (.text)
                  000021a6    00000002     --HOLE-- [fill = 0]
                  000021a8    00000120                                   : _printfi.c.obj (.text:fcvt)
                  000022c8    00000110                                   : s_scalbn.c.obj (.text:scalbn)
                  000023d8    000000fc                                   : fd_mul_t2.asm.obj (.text)
                  000024d4    000000b1                                   : _printfi.c.obj (.text:_ltostr)
                  00002585    00000001     --HOLE-- [fill = 0]
                  00002586    0000009c                                   : memcpy_t2.asm.obj (.text)
                  00002622    00000096                                   : ull_div_t2.asm.obj (.text)
                  000026b8    00000086                                   : fd_cmp_t2.asm.obj (.text:__aeabi_cdcmple)
                  0000273e    00000086                                   : fd_cmp_t2.asm.obj (.text:__aeabi_cdrcmple)
                  000027c4    0000007a                                   : memset_t2.asm.obj (.text)
                  0000283e    0000006e                                   : _printfi.c.obj (.text:_mcpy)
                  000028ac    00000068                                   : copy_decompress_lzss.c.obj (.text:decompress:lzss:__TI_decompress_lzss)
                  00002914    00000064                                   : s_frexp.c.obj (.text:frexp)
                  00002978    00000056                                   : _printfi.c.obj (.text:_pconv_f)
                  000029ce    00000054                                   : ltoa.c.obj (.text:ltoa)
                  00002a22    00000052                                   : _printfi.c.obj (.text:_ecpy)
                  00002a74    0000004c                                   : atoi.c.obj (.text:atoi)
                  00002ac0    00000048                                   : fd_toi_t2.asm.obj (.text)
                  00002b08    00000044                                   : autoinit.c.obj (.text:__TI_auto_init_nobinit_nopinit:__TI_auto_init_nobinit_nopinit)
                  00002b4c    00000040                                   : sprintf.c.obj (.text:sprintf)
                  00002b8c    0000003e                                   : _printfi.c.obj (.text:_fcpy)
                  00002bca    00000002     --HOLE-- [fill = 0]
                  00002bcc    00000038                                   : boot_cortex_m.c.obj (.text:_c_int00_noargs:_c_int00_noargs)
                  00002c04    0000002e                                   : i_tofd_t2.asm.obj (.text)
                  00002c32    0000001c                                   : memccpy.c.obj (.text:memccpy)
                  00002c4e    00000018                                   : sprintf.c.obj (.text:_outs)
                  00002c66    00000016                                   : strchr.c.obj (.text:strchr)
                  00002c7c    00000014                                   : s_copysign.c.obj (.text:copysign)
                  00002c90    00000014                                   : strcpy.c.obj (.text:strcpy)
                  00002ca4    00000014                                   : strlen.c.obj (.text:strlen)
                  00002cb8    00000012                                   : copy_zero_init.c.obj (.text:decompress:ZI:__TI_zero_init_nomemset:__TI_zero_init_nomemset)
                  00002cca    00000012                                   : wcslen.c.obj (.text:wcslen)
                  00002cdc    0000000e                                   : copy_decompress_none.c.obj (.text:decompress:none:__TI_decompress_none)
                  00002cea    0000000e     startup_msp432p401r_ccs.obj (.text)
                  00002cf8    0000000a     rtsv7M4_T_le_v4SPD16_eabi.lib : sprintf.c.obj (.text:_outc)
                  00002d02    00000002     --HOLE-- [fill = 0]
                  00002d04    00000008                                   : errno.c.obj (.text:__aeabi_errno_addr)
                  00002d0c    00000004                                   : pre_init.c.obj (.text:_system_pre_init)
                  00002d10    00000004                                   : exit.c.obj (.text:abort:abort)

.const     0    00002d14    0000012b     
                  00002d14    00000101     rtsv7M4_T_le_v4SPD16_eabi.lib : ctype.c.obj (.const:.string:_ctypes_)
                  00002e15    0000000c     main.obj (.const:.string:$P$T0$1)
                  00002e21    0000000a     main.obj (.const:.string:$P$T1$2)
                  00002e2b    00000009     main.obj (.const:.string:$P$T2$3)
                  00002e34    00000007     main.obj (.const:.string:$P$T3$4)
                  00002e3b    00000002     main.obj (.const:.string:$P$T4$5)
                  00002e3d    00000002     main.obj (.const:.string:$P$T5$6)

.cinit     0    00002e40    00000048     
                  00002e40    0000001f     (.cinit..data.load) [load image, compression = lzss]
                  00002e5f    00000001     --HOLE-- [fill = 0]
                  00002e60    0000000c     (__TI_handler_table)
                  00002e6c    00000004     --HOLE-- [fill = 0]
                  00002e70    00000008     (.cinit..bss.load) [load image, compression = zero_init]
                  00002e78    00000010     (__TI_cinit_table)

.init_array 
*          0    00000000    00000000     UNINITIALIZED

.binit     0    00000000    00000000     

.data      0    20000000    00000039     UNINITIALIZED
                  20000000    00000020     main.obj (.data)
                  20000020    00000004     main.obj (.data:alarm_xm)
                  20000024    00000004     rtsv7M4_T_le_v4SPD16_eabi.lib : errno.c.obj (.data)
                  20000028    00000004     system_msp432p401r.obj (.data)
                  2000002c    00000004     main.obj (.data:xm)
                  20000030    00000003     main.obj (.data:hours)
                  20000033    00000003     main.obj (.data:minutes)
                  20000036    00000003     main.obj (.data:seconds)

.bss       0    20000039    00000008     UNINITIALIZED
                  20000039    00000004     (.common:alarm_hours)
                  2000003d    00000004     (.common:alarm_minutes)

.stack     0    2000fe00    00000200     UNINITIALIZED
                  2000fe00    00000004     rtsv7M4_T_le_v4SPD16_eabi.lib : boot_cortex_m.c.obj (.stack)
                  2000fe04    000001fc     --HOLE--

MODULE SUMMARY

       Module                        code    ro data   rw data
       ------                        ----    -------   -------
    ./
       main.obj                      2756    42        114    
       system_msp432p401r.obj        820     0         8      
       startup_msp432p401r_ccs.obj   14      228       0      
    +--+-----------------------------+-------+---------+---------+
       Total:                        3590    270       122    
                                                              
    /Applications/ti/ccsv8/tools/compiler/ti-cgt-arm_18.1.3.LTS/lib/rtsv7M4_T_le_v4SPD16_eabi.lib
       _printfi.c.obj                4863    0         0      
       fd_add_t2.asm.obj             438     0         0      
       fd_div_t2.asm.obj             310     0         0      
       s_scalbn.c.obj                272     0         0      
       fd_cmp_t2.asm.obj             268     0         0      
       ctype.c.obj                   0       257       0      
       fd_mul_t2.asm.obj             252     0         0      
       memcpy_t2.asm.obj             156     0         0      
       ull_div_t2.asm.obj            150     0         0      
       memset_t2.asm.obj             122     0         0      
       copy_decompress_lzss.c.obj    104     0         0      
       s_frexp.c.obj                 100     0         0      
       sprintf.c.obj                 98      0         0      
       ltoa.c.obj                    84      0         0      
       atoi.c.obj                    76      0         0      
       fd_toi_t2.asm.obj             72      0         0      
       autoinit.c.obj                68      0         0      
       boot_cortex_m.c.obj           56      0         0      
       i_tofd_t2.asm.obj             46      0         0      
       memccpy.c.obj                 28      0         0      
       strchr.c.obj                  22      0         0      
       s_copysign.c.obj              20      0         0      
       strcpy.c.obj                  20      0         0      
       strlen.c.obj                  20      0         0      
       copy_zero_init.c.obj          18      0         0      
       wcslen.c.obj                  18      0         0      
       errno.c.obj                   8       0         8      
       copy_decompress_none.c.obj    14      0         0      
       exit.c.obj                    4       0         0      
       pre_init.c.obj                4       0         0      
       div0.asm.obj                  2       0         0      
    +--+-----------------------------+-------+---------+---------+
       Total:                        7713    257       8      
                                                              
       Stack:                        0       0         1024   
       Linker Generated:             0       67        0      
    +--+-----------------------------+-------+---------+---------+
       Grand Total:                  11303   594       1154   


LINKER GENERATED COPY TABLES

__TI_cinit_table @ 00002e78 records: 2, size/record: 8, table size: 16
	.data: load addr=00002e40, load size=0000001f bytes, run addr=20000000, run size=00000039 bytes, compression=lzss
	.bss: load addr=00002e70, load size=00000008 bytes, run addr=20000039, run size=00000008 bytes, compression=zero_init


LINKER GENERATED HANDLER TABLE

__TI_handler_table @ 00002e60 records: 3, size/record: 4, table size: 12
	index: 0, handler: __TI_decompress_lzss
	index: 1, handler: __TI_decompress_none
	index: 2, handler: __TI_zero_init


GLOBAL SYMBOLS: SORTED ALPHABETICALLY BY Name 

address   name                          
-------   ----                          
00002cf7  ADC14_IRQHandler              
00002cf7  AES256_IRQHandler             
00002cf7  BusFault_Handler              
00002d11  C$$EXIT                       
00002cf7  COMP_E0_IRQHandler            
00002cf7  COMP_E1_IRQHandler            
00002cf7  CS_IRQHandler                 
00002cf7  DMA_ERR_IRQHandler            
00002cf7  DMA_INT0_IRQHandler           
00002cf7  DMA_INT1_IRQHandler           
00002cf7  DMA_INT2_IRQHandler           
00002cf7  DMA_INT3_IRQHandler           
00002cf7  DebugMon_Handler              
00002cf7  Default_Handler               
00002cf7  EUSCIA0_IRQHandler            
00002cf7  EUSCIA1_IRQHandler            
00002cf7  EUSCIA2_IRQHandler            
00002cf7  EUSCIA3_IRQHandler            
00002cf7  EUSCIB0_IRQHandler            
00002cf7  EUSCIB1_IRQHandler            
00002cf7  EUSCIB2_IRQHandler            
00002cf7  EUSCIB3_IRQHandler            
00002cf7  FLCTL_IRQHandler              
00002cf7  FPU_IRQHandler                
00002cf7  HardFault_Handler             
00002cf7  MemManage_Handler             
00002cf7  NMI_Handler                   
00002cf7  PCM_IRQHandler                
00002cf7  PORT1_IRQHandler              
00002cf7  PORT2_IRQHandler              
00000951  PORT3_IRQHandler              
00000951  PORT3_IRQHandler              
00000b41  PORT4_IRQHandler              
00000b41  PORT4_IRQHandler              
00002cf7  PORT5_IRQHandler              
00002cf7  PORT6_IRQHandler              
00002cf7  PSS_IRQHandler                
00002cf7  PendSV_Handler                
000004e9  PulseEnablePin                
00002cf7  RTC_C_IRQHandler              
00002ceb  Reset_Handler                 
00002cf7  SVC_Handler                   
00002cf7  SysTick_Handler               
20000028  SystemCoreClock               
00001609  SystemCoreClockUpdate         
00001881  SystemInit                    
0000020d  T32_INT1_IRQHandler           
0000020d  T32_INT1_IRQHandler           
00002cf7  T32_INT2_IRQHandler           
00002cf7  T32_INTC_IRQHandler           
00002cf7  TA0_0_IRQHandler              
00002cf7  TA0_N_IRQHandler              
00002cf7  TA1_0_IRQHandler              
00002cf7  TA1_N_IRQHandler              
00002cf7  TA2_0_IRQHandler              
00002cf7  TA2_N_IRQHandler              
00002cf7  TA3_0_IRQHandler              
00002cf7  TA3_N_IRQHandler              
00002cf7  UsageFault_Handler            
4000480c  WDTCTL_SYM                    
00002cf7  WDT_A_IRQHandler              
20010000  __STACK_END                   
00000200  __STACK_SIZE                  
00002e78  __TI_CINIT_Base               
00002e88  __TI_CINIT_Limit              
00002e60  __TI_Handler_Table_Base       
00002e6c  __TI_Handler_Table_Limit      
00002b09  __TI_auto_init_nobinit_nopinit
000028ad  __TI_decompress_lzss          
00002cdd  __TI_decompress_none          
ffffffff  __TI_pprof_out_hndl           
00000ba9  __TI_printfi                  
ffffffff  __TI_prof_data_size           
ffffffff  __TI_prof_data_start          
00000000  __TI_static_base__            
00002cb9  __TI_zero_init_nomemset       
000026b9  __aeabi_cdcmpeq               
000026b9  __aeabi_cdcmple               
0000273f  __aeabi_cdrcmple              
00002ac1  __aeabi_d2iz                  
00001d87  __aeabi_dadd                  
00002071  __aeabi_ddiv                  
000023d9  __aeabi_dmul                  
00001d7d  __aeabi_dsub                  
00002d05  __aeabi_errno_addr            
00002c05  __aeabi_i2d                   
00001607  __aeabi_idiv0                 
00001607  __aeabi_ldiv0                 
000027c5  __aeabi_memclr                
000027c5  __aeabi_memclr4               
000027c5  __aeabi_memclr8               
00002587  __aeabi_memcpy                
00002587  __aeabi_memcpy4               
00002587  __aeabi_memcpy8               
000027c7  __aeabi_memset                
000027c7  __aeabi_memset4               
000027c7  __aeabi_memset8               
00002623  __aeabi_uldivmod              
ffffffff  __binit__                     
ffffffff  __c_args__                    
UNDEFED   __mpu_init                    
2000fe00  __stack                       
00002bcd  _c_int00_noargs               
00002d14  _ctypes_                      
UNDEFED   _system_post_cinit            
00002d0d  _system_pre_init              
00002d11  abort                         
20000039  alarm_hours                   
2000000c  alarm_hr                      
20000010  alarm_min                     
2000003d  alarm_minutes                 
20000014  alarm_sec                     
20000020  alarm_xm                      
00002a75  atoi                          
ffffffff  binit                         
00000431  commandWrite                  
00002c7d  copysign                      
00002c7d  copysignl                     
00000455  dataWrite                     
00000407  delay_micro                   
000003df  delay_ms                      
20000024  errno                         
00002915  frexp                         
00002915  frexpl                        
20000030  hours                         
20000000  hr                            
000002f1  init_LCD                      
000001af  init_LEDs                     
000007c1  init_Switches                 
00000193  init_SysTick                  
000001f7  init_Timer32                  
00000000  interruptVectors              
000022c9  ldexp                         
000022c9  ldexpl                        
000029cf  ltoa                          
00000111  main                          
00002c33  memccpy                       
00002587  memcpy                        
000027cd  memset                        
20000004  min                           
20000033  minutes                       
0000047d  pushByte                      
000004b3  pushNibble                    
000022c9  scalbn                        
000022c9  scalbnl                       
20000008  sec                           
20000036  seconds                       
000006ed  set_alarm                     
2000001c  set_alarm_flag                
0000062d  set_time                      
20000018  set_time_flag                 
00002b4d  sprintf                       
00000595  start_Menu                    
00002c67  strchr                        
00002c91  strcpy                        
00002ca5  strlen                        
00000257  update_time                   
00002ccb  wcslen                        
00000549  write_String                  
2000002c  xm                            


GLOBAL SYMBOLS: SORTED BY Symbol Address 

address   name                          
-------   ----                          
00000000  __TI_static_base__            
00000000  interruptVectors              
00000111  main                          
00000193  init_SysTick                  
000001af  init_LEDs                     
000001f7  init_Timer32                  
00000200  __STACK_SIZE                  
0000020d  T32_INT1_IRQHandler           
0000020d  T32_INT1_IRQHandler           
00000257  update_time                   
000002f1  init_LCD                      
000003df  delay_ms                      
00000407  delay_micro                   
00000431  commandWrite                  
00000455  dataWrite                     
0000047d  pushByte                      
000004b3  pushNibble                    
000004e9  PulseEnablePin                
00000549  write_String                  
00000595  start_Menu                    
0000062d  set_time                      
000006ed  set_alarm                     
000007c1  init_Switches                 
00000951  PORT3_IRQHandler              
00000951  PORT3_IRQHandler              
00000b41  PORT4_IRQHandler              
00000b41  PORT4_IRQHandler              
00000ba9  __TI_printfi                  
00001607  __aeabi_idiv0                 
00001607  __aeabi_ldiv0                 
00001609  SystemCoreClockUpdate         
00001881  SystemInit                    
00001d7d  __aeabi_dsub                  
00001d87  __aeabi_dadd                  
00002071  __aeabi_ddiv                  
000022c9  ldexp                         
000022c9  ldexpl                        
000022c9  scalbn                        
000022c9  scalbnl                       
000023d9  __aeabi_dmul                  
00002587  __aeabi_memcpy                
00002587  __aeabi_memcpy4               
00002587  __aeabi_memcpy8               
00002587  memcpy                        
00002623  __aeabi_uldivmod              
000026b9  __aeabi_cdcmpeq               
000026b9  __aeabi_cdcmple               
0000273f  __aeabi_cdrcmple              
000027c5  __aeabi_memclr                
000027c5  __aeabi_memclr4               
000027c5  __aeabi_memclr8               
000027c7  __aeabi_memset                
000027c7  __aeabi_memset4               
000027c7  __aeabi_memset8               
000027cd  memset                        
000028ad  __TI_decompress_lzss          
00002915  frexp                         
00002915  frexpl                        
000029cf  ltoa                          
00002a75  atoi                          
00002ac1  __aeabi_d2iz                  
00002b09  __TI_auto_init_nobinit_nopinit
00002b4d  sprintf                       
00002bcd  _c_int00_noargs               
00002c05  __aeabi_i2d                   
00002c33  memccpy                       
00002c67  strchr                        
00002c7d  copysign                      
00002c7d  copysignl                     
00002c91  strcpy                        
00002ca5  strlen                        
00002cb9  __TI_zero_init_nomemset       
00002ccb  wcslen                        
00002cdd  __TI_decompress_none          
00002ceb  Reset_Handler                 
00002cf7  ADC14_IRQHandler              
00002cf7  AES256_IRQHandler             
00002cf7  BusFault_Handler              
00002cf7  COMP_E0_IRQHandler            
00002cf7  COMP_E1_IRQHandler            
00002cf7  CS_IRQHandler                 
00002cf7  DMA_ERR_IRQHandler            
00002cf7  DMA_INT0_IRQHandler           
00002cf7  DMA_INT1_IRQHandler           
00002cf7  DMA_INT2_IRQHandler           
00002cf7  DMA_INT3_IRQHandler           
00002cf7  DebugMon_Handler              
00002cf7  Default_Handler               
00002cf7  EUSCIA0_IRQHandler            
00002cf7  EUSCIA1_IRQHandler            
00002cf7  EUSCIA2_IRQHandler            
00002cf7  EUSCIA3_IRQHandler            
00002cf7  EUSCIB0_IRQHandler            
00002cf7  EUSCIB1_IRQHandler            
00002cf7  EUSCIB2_IRQHandler            
00002cf7  EUSCIB3_IRQHandler            
00002cf7  FLCTL_IRQHandler              
00002cf7  FPU_IRQHandler                
00002cf7  HardFault_Handler             
00002cf7  MemManage_Handler             
00002cf7  NMI_Handler                   
00002cf7  PCM_IRQHandler                
00002cf7  PORT1_IRQHandler              
00002cf7  PORT2_IRQHandler              
00002cf7  PORT5_IRQHandler              
00002cf7  PORT6_IRQHandler              
00002cf7  PSS_IRQHandler                
00002cf7  PendSV_Handler                
00002cf7  RTC_C_IRQHandler              
00002cf7  SVC_Handler                   
00002cf7  SysTick_Handler               
00002cf7  T32_INT2_IRQHandler           
00002cf7  T32_INTC_IRQHandler           
00002cf7  TA0_0_IRQHandler              
00002cf7  TA0_N_IRQHandler              
00002cf7  TA1_0_IRQHandler              
00002cf7  TA1_N_IRQHandler              
00002cf7  TA2_0_IRQHandler              
00002cf7  TA2_N_IRQHandler              
00002cf7  TA3_0_IRQHandler              
00002cf7  TA3_N_IRQHandler              
00002cf7  UsageFault_Handler            
00002cf7  WDT_A_IRQHandler              
00002d05  __aeabi_errno_addr            
00002d0d  _system_pre_init              
00002d11  C$$EXIT                       
00002d11  abort                         
00002d14  _ctypes_                      
00002e60  __TI_Handler_Table_Base       
00002e6c  __TI_Handler_Table_Limit      
00002e78  __TI_CINIT_Base               
00002e88  __TI_CINIT_Limit              
20000000  hr                            
20000004  min                           
20000008  sec                           
2000000c  alarm_hr                      
20000010  alarm_min                     
20000014  alarm_sec                     
20000018  set_time_flag                 
2000001c  set_alarm_flag                
20000020  alarm_xm                      
20000024  errno                         
20000028  SystemCoreClock               
2000002c  xm                            
20000030  hours                         
20000033  minutes                       
20000036  seconds                       
20000039  alarm_hours                   
2000003d  alarm_minutes                 
2000fe00  __stack                       
20010000  __STACK_END                   
4000480c  WDTCTL_SYM                    
ffffffff  __TI_pprof_out_hndl           
ffffffff  __TI_prof_data_size           
ffffffff  __TI_prof_data_start          
ffffffff  __binit__                     
ffffffff  __c_args__                    
ffffffff  binit                         
UNDEFED   __mpu_init                    
UNDEFED   _system_post_cinit            

[160 symbols]
