******************************************************************************
                  TI ARM Linker Unix v18.1.3                   
******************************************************************************
>> Linked Sun Dec  2 20:33:40 2018

OUTPUT FILE NAME:   <FinalProject.out>
ENTRY POINT SYMBOL: "_c_int00_noargs"  address: 00003085


MEMORY CONFIGURATION

         name            origin    length      used     unused   attr    fill
----------------------  --------  ---------  --------  --------  ----  --------
  MAIN                  00000000   00040000  00003323  0003ccdd  R  X
  INFO                  00200000   00004000  00000000  00004000  R  X
  SRAM_CODE             01000000   00010000  0000025c  0000fda4  RW X
  SRAM_DATA             20000000   00010000  0000025c  0000fda4  RW  


SEGMENT ALLOCATION MAP

run origin  load origin   length   init length attrs members
----------  ----------- ---------- ----------- ----- -------
00000000    00000000    00003328   00003328    r-x
  00000000    00000000    000000e4   000000e4    r-- .intvecs
  000000e4    000000e4    000030d4   000030d4    r-x .text
  000031b8    000031b8    0000012b   0000012b    r-- .const
  000032e8    000032e8    00000040   00000040    r-- .cinit
20000000    20000000    0000005c   00000000    rw-
  20000000    20000000    0000005c   00000000    rw- .data
2000fe00    2000fe00    00000200   00000000    rw-
  2000fe00    2000fe00    00000200   00000000    rw- .stack


SECTION ALLOCATION MAP

 output                                  attributes/
section   page    origin      length       input sections
--------  ----  ----------  ----------   ----------------
.intvecs   0    00000000    000000e4     
                  00000000    000000e4     startup_msp432p401r_ccs.obj (.intvecs:retain)

.text      0    000000e4    000030d4     
                  000000e4    00000f7c     main.obj (.text)
                  00001060    00000a5e     rtsv7M4_T_le_v4SPD16_eabi.lib : _printfi.c.obj (.text:__TI_printfi)
                  00001abe    00000002                                   : div0.asm.obj (.text)
                  00001ac0    00000334     system_msp432p401r.obj (.text)
                  00001df4    00000270     rtsv7M4_T_le_v4SPD16_eabi.lib : _printfi.c.obj (.text:_pconv_a)
                  00002064    000001d0                                   : _printfi.c.obj (.text:_pconv_g)
                  00002234    000001b6                                   : fd_add_t2.asm.obj (.text)
                  000023ea    00000002     --HOLE-- [fill = 0]
                  000023ec    0000013c                                   : _printfi.c.obj (.text:_pconv_e)
                  00002528    00000136                                   : fd_div_t2.asm.obj (.text)
                  0000265e    00000002     --HOLE-- [fill = 0]
                  00002660    00000120                                   : _printfi.c.obj (.text:fcvt)
                  00002780    00000110                                   : s_scalbn.c.obj (.text:scalbn)
                  00002890    000000fc                                   : fd_mul_t2.asm.obj (.text)
                  0000298c    000000b1                                   : _printfi.c.obj (.text:_ltostr)
                  00002a3d    00000001     --HOLE-- [fill = 0]
                  00002a3e    0000009c                                   : memcpy_t2.asm.obj (.text)
                  00002ada    00000096                                   : ull_div_t2.asm.obj (.text)
                  00002b70    00000086                                   : fd_cmp_t2.asm.obj (.text:__aeabi_cdcmple)
                  00002bf6    00000086                                   : fd_cmp_t2.asm.obj (.text:__aeabi_cdrcmple)
                  00002c7c    0000007a                                   : memset_t2.asm.obj (.text)
                  00002cf6    0000006e                                   : _printfi.c.obj (.text:_mcpy)
                  00002d64    00000068                                   : copy_decompress_lzss.c.obj (.text:decompress:lzss:__TI_decompress_lzss)
                  00002dcc    00000064                                   : s_frexp.c.obj (.text:frexp)
                  00002e30    00000056                                   : _printfi.c.obj (.text:_pconv_f)
                  00002e86    00000054                                   : ltoa.c.obj (.text:ltoa)
                  00002eda    00000052                                   : _printfi.c.obj (.text:_ecpy)
                  00002f2c    0000004c                                   : atoi.c.obj (.text:atoi)
                  00002f78    00000048                                   : fd_toi_t2.asm.obj (.text)
                  00002fc0    00000044                                   : autoinit.c.obj (.text:__TI_auto_init_nobinit_nopinit:__TI_auto_init_nobinit_nopinit)
                  00003004    00000040                                   : sprintf.c.obj (.text:sprintf)
                  00003044    0000003e                                   : _printfi.c.obj (.text:_fcpy)
                  00003082    00000002     --HOLE-- [fill = 0]
                  00003084    00000038                                   : boot_cortex_m.c.obj (.text:_c_int00_noargs:_c_int00_noargs)
                  000030bc    0000002e                                   : i_tofd_t2.asm.obj (.text)
                  000030ea    0000001c                                   : memccpy.c.obj (.text:memccpy)
                  00003106    00000018                                   : sprintf.c.obj (.text:_outs)
                  0000311e    00000016                                   : strchr.c.obj (.text:strchr)
                  00003134    00000014                                   : s_copysign.c.obj (.text:copysign)
                  00003148    00000014                                   : strcpy.c.obj (.text:strcpy)
                  0000315c    00000014                                   : strlen.c.obj (.text:strlen)
                  00003170    00000012                                   : wcslen.c.obj (.text:wcslen)
                  00003182    0000000e                                   : copy_decompress_none.c.obj (.text:decompress:none:__TI_decompress_none)
                  00003190    0000000e     startup_msp432p401r_ccs.obj (.text)
                  0000319e    0000000a     rtsv7M4_T_le_v4SPD16_eabi.lib : sprintf.c.obj (.text:_outc)
                  000031a8    00000008                                   : errno.c.obj (.text:__aeabi_errno_addr)
                  000031b0    00000004                                   : pre_init.c.obj (.text:_system_pre_init)
                  000031b4    00000004                                   : exit.c.obj (.text:abort:abort)

.const     0    000031b8    0000012b     
                  000031b8    00000101     rtsv7M4_T_le_v4SPD16_eabi.lib : ctype.c.obj (.const:.string:_ctypes_)
                  000032b9    0000000c     main.obj (.const:.string:$P$T2$3)
                  000032c5    0000000a     main.obj (.const:.string:$P$T3$4)
                  000032cf    00000009     main.obj (.const:.string:$P$T4$5)
                  000032d8    00000007     main.obj (.const:.string:$P$T5$6)
                  000032df    00000002     main.obj (.const:.string:$P$T0$1)
                  000032e1    00000002     main.obj (.const:.string:$P$T1$2)

.cinit     0    000032e8    00000040     
                  000032e8    0000002e     (.cinit..data.load) [load image, compression = lzss]
                  00003316    00000002     --HOLE-- [fill = 0]
                  00003318    00000008     (__TI_handler_table)
                  00003320    00000008     (__TI_cinit_table)

.init_array 
*          0    00000000    00000000     UNINITIALIZED

.binit     0    00000000    00000000     

.data      0    20000000    0000005c     UNINITIALIZED
                  20000000    00000034     main.obj (.data)
                  20000034    0000000a     main.obj (.data:alarm)
                  2000003e    00000004     main.obj (.data:alarm_xm)
                  20000042    00000002     main.obj (.data:alarm_minutes)
                  20000044    00000004     rtsv7M4_T_le_v4SPD16_eabi.lib : errno.c.obj (.data)
                  20000048    00000004     system_msp432p401r.obj (.data)
                  2000004c    00000004     main.obj (.data:xm)
                  20000050    00000003     main.obj (.data:alarm_hours)
                  20000053    00000003     main.obj (.data:hours)
                  20000056    00000003     main.obj (.data:minutes)
                  20000059    00000003     main.obj (.data:seconds)

.stack     0    2000fe00    00000200     UNINITIALIZED
                  2000fe00    00000004     rtsv7M4_T_le_v4SPD16_eabi.lib : boot_cortex_m.c.obj (.stack)
                  2000fe04    000001fc     --HOLE--

MODULE SUMMARY

       Module                        code    ro data   rw data
       ------                        ----    -------   -------
    ./
       main.obj                      3964    42        168    
       system_msp432p401r.obj        820     0         8      
       startup_msp432p401r_ccs.obj   14      228       0      
    +--+-----------------------------+-------+---------+---------+
       Total:                        4798    270       176    
                                                              
    /Applications/ti/ccsv8/tools/compiler/ti-cgt-arm_18.1.3.LTS/lib/rtsv7M4_T_le_v4SPD16_eabi.lib
       _printfi.c.obj                4863    0         0      
       fd_add_t2.asm.obj             438     0         0      
       fd_div_t2.asm.obj             310     0         0      
       s_scalbn.c.obj                272     0         0      
       fd_cmp_t2.asm.obj             268     0         0      
       ctype.c.obj                   0       257       0      
       fd_mul_t2.asm.obj             252     0         0      
       memcpy_t2.asm.obj             156     0         0      
       ull_div_t2.asm.obj            150     0         0      
       memset_t2.asm.obj             122     0         0      
       copy_decompress_lzss.c.obj    104     0         0      
       s_frexp.c.obj                 100     0         0      
       sprintf.c.obj                 98      0         0      
       ltoa.c.obj                    84      0         0      
       atoi.c.obj                    76      0         0      
       fd_toi_t2.asm.obj             72      0         0      
       autoinit.c.obj                68      0         0      
       boot_cortex_m.c.obj           56      0         0      
       i_tofd_t2.asm.obj             46      0         0      
       memccpy.c.obj                 28      0         0      
       strchr.c.obj                  22      0         0      
       s_copysign.c.obj              20      0         0      
       strcpy.c.obj                  20      0         0      
       strlen.c.obj                  20      0         0      
       wcslen.c.obj                  18      0         0      
       errno.c.obj                   8       0         8      
       copy_decompress_none.c.obj    14      0         0      
       exit.c.obj                    4       0         0      
       pre_init.c.obj                4       0         0      
       div0.asm.obj                  2       0         0      
    +--+-----------------------------+-------+---------+---------+
       Total:                        7695    257       8      
                                                              
       Stack:                        0       0         1024   
       Linker Generated:             0       62        0      
    +--+-----------------------------+-------+---------+---------+
       Grand Total:                  12493   589       1208   


LINKER GENERATED COPY TABLES

__TI_cinit_table @ 00003320 records: 1, size/record: 8, table size: 8
	.data: load addr=000032e8, load size=0000002e bytes, run addr=20000000, run size=0000005c bytes, compression=lzss


LINKER GENERATED HANDLER TABLE

__TI_handler_table @ 00003318 records: 2, size/record: 4, table size: 8
	index: 0, handler: __TI_decompress_lzss
	index: 1, handler: __TI_decompress_none


GLOBAL SYMBOLS: SORTED ALPHABETICALLY BY Name 

address   name                          
-------   ----                          
00000455  ADC14_IRQHandler              
00000455  ADC14_IRQHandler              
0000319d  AES256_IRQHandler             
0000319d  BusFault_Handler              
000031b5  C$$EXIT                       
0000319d  COMP_E0_IRQHandler            
0000319d  COMP_E1_IRQHandler            
0000319d  CS_IRQHandler                 
0000319d  DMA_ERR_IRQHandler            
0000319d  DMA_INT0_IRQHandler           
0000319d  DMA_INT1_IRQHandler           
0000319d  DMA_INT2_IRQHandler           
0000319d  DMA_INT3_IRQHandler           
0000319d  DebugMon_Handler              
0000319d  Default_Handler               
0000319d  EUSCIA0_IRQHandler            
0000319d  EUSCIA1_IRQHandler            
0000319d  EUSCIA2_IRQHandler            
0000319d  EUSCIA3_IRQHandler            
0000319d  EUSCIB0_IRQHandler            
0000319d  EUSCIB1_IRQHandler            
0000319d  EUSCIB2_IRQHandler            
0000319d  EUSCIB3_IRQHandler            
0000319d  FLCTL_IRQHandler              
0000319d  FPU_IRQHandler                
0000319d  HardFault_Handler             
0000319d  MemManage_Handler             
0000319d  NMI_Handler                   
0000319d  PCM_IRQHandler                
0000319d  PORT1_IRQHandler              
0000319d  PORT2_IRQHandler              
00000b85  PORT3_IRQHandler              
00000b85  PORT3_IRQHandler              
00000bb3  PORT4_IRQHandler              
00000bb3  PORT4_IRQHandler              
0000319d  PORT5_IRQHandler              
0000319d  PORT6_IRQHandler              
0000319d  PSS_IRQHandler                
0000319d  PendSV_Handler                
00000ed5  PulseEnablePin                
0000048d  RTC_C_IRQHandler              
0000048d  RTC_C_IRQHandler              
00003191  Reset_Handler                 
0000319d  SVC_Handler                   
0000319d  SysTick_Handler               
20000048  SystemCoreClock               
00001ac1  SystemCoreClockUpdate         
00001d39  SystemInit                    
0000319d  T32_INT1_IRQHandler           
0000319d  T32_INT2_IRQHandler           
0000319d  T32_INTC_IRQHandler           
0000319d  TA0_0_IRQHandler              
0000319d  TA0_N_IRQHandler              
0000319d  TA1_0_IRQHandler              
0000319d  TA1_N_IRQHandler              
0000319d  TA2_0_IRQHandler              
0000319d  TA2_N_IRQHandler              
0000319d  TA3_0_IRQHandler              
0000319d  TA3_N_IRQHandler              
0000319d  UsageFault_Handler            
4000480c  WDTCTL_SYM                    
0000319d  WDT_A_IRQHandler              
20010000  __STACK_END                   
00000200  __STACK_SIZE                  
00003320  __TI_CINIT_Base               
00003328  __TI_CINIT_Limit              
00003318  __TI_Handler_Table_Base       
00003320  __TI_Handler_Table_Limit      
00002fc1  __TI_auto_init_nobinit_nopinit
00002d65  __TI_decompress_lzss          
00003183  __TI_decompress_none          
ffffffff  __TI_pprof_out_hndl           
00001061  __TI_printfi                  
ffffffff  __TI_prof_data_size           
ffffffff  __TI_prof_data_start          
00000000  __TI_static_base__            
00002b71  __aeabi_cdcmpeq               
00002b71  __aeabi_cdcmple               
00002bf7  __aeabi_cdrcmple              
00002f79  __aeabi_d2iz                  
0000223f  __aeabi_dadd                  
00002529  __aeabi_ddiv                  
00002891  __aeabi_dmul                  
00002235  __aeabi_dsub                  
000031a9  __aeabi_errno_addr            
000030bd  __aeabi_i2d                   
00001abf  __aeabi_idiv0                 
00001abf  __aeabi_ldiv0                 
00002c7d  __aeabi_memclr                
00002c7d  __aeabi_memclr4               
00002c7d  __aeabi_memclr8               
00002a3f  __aeabi_memcpy                
00002a3f  __aeabi_memcpy4               
00002a3f  __aeabi_memcpy8               
00002c7f  __aeabi_memset                
00002c7f  __aeabi_memset4               
00002c7f  __aeabi_memset8               
00002adb  __aeabi_uldivmod              
ffffffff  __binit__                     
ffffffff  __c_args__                    
UNDEFED   __mpu_init                    
2000fe00  __stack                       
00003085  _c_int00_noargs               
000031b8  _ctypes_                      
UNDEFED   _system_post_cinit            
000031b1  _system_pre_init              
000031b5  abort                         
20000034  alarm                         
20000030  alarm_enable                  
20000050  alarm_hours                   
20000014  alarm_hr                      
20000018  alarm_min                     
20000042  alarm_minutes                 
2000001c  alarm_sec                     
2000003e  alarm_xm                      
00002f2d  atoi                          
ffffffff  binit                         
20000024  btndown_flag                  
20000020  btnup_flag                    
00000e17  commandWrite                  
00003135  copysign                      
00003135  copysignl                     
00000e41  dataWrite                     
00000bed  debounce1                     
00000c55  debounce2                     
00000df1  delay_micro                   
00000db5  delay_ms                      
20000044  errno                         
00002dcd  frexp                         
00002dcd  frexpl                        
20000053  hours                         
20000008  hr                            
00000cbd  init_LCD                      
00000371  init_LEDs                     
000003b9  init_RTC                      
00000fcd  init_Speaker                  
00000a45  init_Switches                 
00000355  init_SysTick                  
000003f7  init_adc                      
00000000  interruptVectors              
20000004  lcd_raw                       
00002781  ldexp                         
00002781  ldexpl                        
00002e87  ltoa                          
00000111  main                          
000030eb  memccpy                       
00002a3f  memcpy                        
00002c85  memset                        
2000000c  min                           
20000056  minutes                       
00000e79  pushByte                      
00000eaf  pushNibble                    
00002781  scalbn                        
00002781  scalbnl                       
20000010  sec                           
20000059  seconds                       
00000845  set_alarm                     
2000002c  set_alarm_flag                
0000065d  set_time                      
20000028  set_time_flag                 
00003005  sprintf                       
00000f49  start_Menu                    
0000311f  strchr                        
00003149  strcpy                        
0000315d  strlen                        
20000000  temperature_raw               
000004fd  update_time                   
00003171  wcslen                        
00000f0d  write_String                  
2000004c  xm                            


GLOBAL SYMBOLS: SORTED BY Symbol Address 

address   name                          
-------   ----                          
00000000  __TI_static_base__            
00000000  interruptVectors              
00000111  main                          
00000200  __STACK_SIZE                  
00000355  init_SysTick                  
00000371  init_LEDs                     
000003b9  init_RTC                      
000003f7  init_adc                      
00000455  ADC14_IRQHandler              
00000455  ADC14_IRQHandler              
0000048d  RTC_C_IRQHandler              
0000048d  RTC_C_IRQHandler              
000004fd  update_time                   
0000065d  set_time                      
00000845  set_alarm                     
00000a45  init_Switches                 
00000b85  PORT3_IRQHandler              
00000b85  PORT3_IRQHandler              
00000bb3  PORT4_IRQHandler              
00000bb3  PORT4_IRQHandler              
00000bed  debounce1                     
00000c55  debounce2                     
00000cbd  init_LCD                      
00000db5  delay_ms                      
00000df1  delay_micro                   
00000e17  commandWrite                  
00000e41  dataWrite                     
00000e79  pushByte                      
00000eaf  pushNibble                    
00000ed5  PulseEnablePin                
00000f0d  write_String                  
00000f49  start_Menu                    
00000fcd  init_Speaker                  
00001061  __TI_printfi                  
00001abf  __aeabi_idiv0                 
00001abf  __aeabi_ldiv0                 
00001ac1  SystemCoreClockUpdate         
00001d39  SystemInit                    
00002235  __aeabi_dsub                  
0000223f  __aeabi_dadd                  
00002529  __aeabi_ddiv                  
00002781  ldexp                         
00002781  ldexpl                        
00002781  scalbn                        
00002781  scalbnl                       
00002891  __aeabi_dmul                  
00002a3f  __aeabi_memcpy                
00002a3f  __aeabi_memcpy4               
00002a3f  __aeabi_memcpy8               
00002a3f  memcpy                        
00002adb  __aeabi_uldivmod              
00002b71  __aeabi_cdcmpeq               
00002b71  __aeabi_cdcmple               
00002bf7  __aeabi_cdrcmple              
00002c7d  __aeabi_memclr                
00002c7d  __aeabi_memclr4               
00002c7d  __aeabi_memclr8               
00002c7f  __aeabi_memset                
00002c7f  __aeabi_memset4               
00002c7f  __aeabi_memset8               
00002c85  memset                        
00002d65  __TI_decompress_lzss          
00002dcd  frexp                         
00002dcd  frexpl                        
00002e87  ltoa                          
00002f2d  atoi                          
00002f79  __aeabi_d2iz                  
00002fc1  __TI_auto_init_nobinit_nopinit
00003005  sprintf                       
00003085  _c_int00_noargs               
000030bd  __aeabi_i2d                   
000030eb  memccpy                       
0000311f  strchr                        
00003135  copysign                      
00003135  copysignl                     
00003149  strcpy                        
0000315d  strlen                        
00003171  wcslen                        
00003183  __TI_decompress_none          
00003191  Reset_Handler                 
0000319d  AES256_IRQHandler             
0000319d  BusFault_Handler              
0000319d  COMP_E0_IRQHandler            
0000319d  COMP_E1_IRQHandler            
0000319d  CS_IRQHandler                 
0000319d  DMA_ERR_IRQHandler            
0000319d  DMA_INT0_IRQHandler           
0000319d  DMA_INT1_IRQHandler           
0000319d  DMA_INT2_IRQHandler           
0000319d  DMA_INT3_IRQHandler           
0000319d  DebugMon_Handler              
0000319d  Default_Handler               
0000319d  EUSCIA0_IRQHandler            
0000319d  EUSCIA1_IRQHandler            
0000319d  EUSCIA2_IRQHandler            
0000319d  EUSCIA3_IRQHandler            
0000319d  EUSCIB0_IRQHandler            
0000319d  EUSCIB1_IRQHandler            
0000319d  EUSCIB2_IRQHandler            
0000319d  EUSCIB3_IRQHandler            
0000319d  FLCTL_IRQHandler              
0000319d  FPU_IRQHandler                
0000319d  HardFault_Handler             
0000319d  MemManage_Handler             
0000319d  NMI_Handler                   
0000319d  PCM_IRQHandler                
0000319d  PORT1_IRQHandler              
0000319d  PORT2_IRQHandler              
0000319d  PORT5_IRQHandler              
0000319d  PORT6_IRQHandler              
0000319d  PSS_IRQHandler                
0000319d  PendSV_Handler                
0000319d  SVC_Handler                   
0000319d  SysTick_Handler               
0000319d  T32_INT1_IRQHandler           
0000319d  T32_INT2_IRQHandler           
0000319d  T32_INTC_IRQHandler           
0000319d  TA0_0_IRQHandler              
0000319d  TA0_N_IRQHandler              
0000319d  TA1_0_IRQHandler              
0000319d  TA1_N_IRQHandler              
0000319d  TA2_0_IRQHandler              
0000319d  TA2_N_IRQHandler              
0000319d  TA3_0_IRQHandler              
0000319d  TA3_N_IRQHandler              
0000319d  UsageFault_Handler            
0000319d  WDT_A_IRQHandler              
000031a9  __aeabi_errno_addr            
000031b1  _system_pre_init              
000031b5  C$$EXIT                       
000031b5  abort                         
000031b8  _ctypes_                      
00003318  __TI_Handler_Table_Base       
00003320  __TI_CINIT_Base               
00003320  __TI_Handler_Table_Limit      
00003328  __TI_CINIT_Limit              
20000000  temperature_raw               
20000004  lcd_raw                       
20000008  hr                            
2000000c  min                           
20000010  sec                           
20000014  alarm_hr                      
20000018  alarm_min                     
2000001c  alarm_sec                     
20000020  btnup_flag                    
20000024  btndown_flag                  
20000028  set_time_flag                 
2000002c  set_alarm_flag                
20000030  alarm_enable                  
20000034  alarm                         
2000003e  alarm_xm                      
20000042  alarm_minutes                 
20000044  errno                         
20000048  SystemCoreClock               
2000004c  xm                            
20000050  alarm_hours                   
20000053  hours                         
20000056  minutes                       
20000059  seconds                       
2000fe00  __stack                       
20010000  __STACK_END                   
4000480c  WDTCTL_SYM                    
ffffffff  __TI_pprof_out_hndl           
ffffffff  __TI_prof_data_size           
ffffffff  __TI_prof_data_start          
ffffffff  __binit__                     
ffffffff  __c_args__                    
ffffffff  binit                         
UNDEFED   __mpu_init                    
UNDEFED   _system_post_cinit            

[170 symbols]
