******************************************************************************
                  TI ARM Linker Unix v18.1.3                   
******************************************************************************
>> Linked Sat Dec  1 15:44:02 2018

OUTPUT FILE NAME:   <FinalProject.out>
ENTRY POINT SYMBOL: "_c_int00_noargs"  address: 00002d9d


MEMORY CONFIGURATION

         name            origin    length      used     unused   attr    fill
----------------------  --------  ---------  --------  --------  ----  --------
  MAIN                  00000000   00040000  00003057  0003cfa9  R  X
  INFO                  00200000   00004000  00000000  00004000  R  X
  SRAM_CODE             01000000   00010000  00000249  0000fdb7  RW X
  SRAM_DATA             20000000   00010000  00000249  0000fdb7  RW  


SEGMENT ALLOCATION MAP

run origin  load origin   length   init length attrs members
----------  ----------- ---------- ----------- ----- -------
00000000    00000000    00003058   00003058    r-x
  00000000    00000000    000000e4   000000e4    r-- .intvecs
  000000e4    000000e4    00002e00   00002e00    r-x .text
  00002ee4    00002ee4    0000012b   0000012b    r-- .const
  00003010    00003010    00000048   00000048    r-- .cinit
20000000    20000000    00000049   00000000    rw-
  20000000    20000000    00000041   00000000    rw- .data
  20000041    20000041    00000008   00000000    rw- .bss
2000fe00    2000fe00    00000200   00000000    rw-
  2000fe00    2000fe00    00000200   00000000    rw- .stack


SECTION ALLOCATION MAP

 output                                  attributes/
section   page    origin      length       input sections
--------  ----  ----------  ----------   ----------------
.intvecs   0    00000000    000000e4     
                  00000000    000000e4     startup_msp432p401r_ccs.obj (.intvecs:retain)

.text      0    000000e4    00002e00     
                  000000e4    00000c94     main.obj (.text)
                  00000d78    00000a5e     rtsv7M4_T_le_v4SPD16_eabi.lib : _printfi.c.obj (.text:__TI_printfi)
                  000017d6    00000002                                   : div0.asm.obj (.text)
                  000017d8    00000334     system_msp432p401r.obj (.text)
                  00001b0c    00000270     rtsv7M4_T_le_v4SPD16_eabi.lib : _printfi.c.obj (.text:_pconv_a)
                  00001d7c    000001d0                                   : _printfi.c.obj (.text:_pconv_g)
                  00001f4c    000001b6                                   : fd_add_t2.asm.obj (.text)
                  00002102    00000002     --HOLE-- [fill = 0]
                  00002104    0000013c                                   : _printfi.c.obj (.text:_pconv_e)
                  00002240    00000136                                   : fd_div_t2.asm.obj (.text)
                  00002376    00000002     --HOLE-- [fill = 0]
                  00002378    00000120                                   : _printfi.c.obj (.text:fcvt)
                  00002498    00000110                                   : s_scalbn.c.obj (.text:scalbn)
                  000025a8    000000fc                                   : fd_mul_t2.asm.obj (.text)
                  000026a4    000000b1                                   : _printfi.c.obj (.text:_ltostr)
                  00002755    00000001     --HOLE-- [fill = 0]
                  00002756    0000009c                                   : memcpy_t2.asm.obj (.text)
                  000027f2    00000096                                   : ull_div_t2.asm.obj (.text)
                  00002888    00000086                                   : fd_cmp_t2.asm.obj (.text:__aeabi_cdcmple)
                  0000290e    00000086                                   : fd_cmp_t2.asm.obj (.text:__aeabi_cdrcmple)
                  00002994    0000007a                                   : memset_t2.asm.obj (.text)
                  00002a0e    0000006e                                   : _printfi.c.obj (.text:_mcpy)
                  00002a7c    00000068                                   : copy_decompress_lzss.c.obj (.text:decompress:lzss:__TI_decompress_lzss)
                  00002ae4    00000064                                   : s_frexp.c.obj (.text:frexp)
                  00002b48    00000056                                   : _printfi.c.obj (.text:_pconv_f)
                  00002b9e    00000054                                   : ltoa.c.obj (.text:ltoa)
                  00002bf2    00000052                                   : _printfi.c.obj (.text:_ecpy)
                  00002c44    0000004c                                   : atoi.c.obj (.text:atoi)
                  00002c90    00000048                                   : fd_toi_t2.asm.obj (.text)
                  00002cd8    00000044                                   : autoinit.c.obj (.text:__TI_auto_init_nobinit_nopinit:__TI_auto_init_nobinit_nopinit)
                  00002d1c    00000040                                   : sprintf.c.obj (.text:sprintf)
                  00002d5c    0000003e                                   : _printfi.c.obj (.text:_fcpy)
                  00002d9a    00000002     --HOLE-- [fill = 0]
                  00002d9c    00000038                                   : boot_cortex_m.c.obj (.text:_c_int00_noargs:_c_int00_noargs)
                  00002dd4    0000002e                                   : i_tofd_t2.asm.obj (.text)
                  00002e02    0000001c                                   : memccpy.c.obj (.text:memccpy)
                  00002e1e    00000018                                   : sprintf.c.obj (.text:_outs)
                  00002e36    00000016                                   : strchr.c.obj (.text:strchr)
                  00002e4c    00000014                                   : s_copysign.c.obj (.text:copysign)
                  00002e60    00000014                                   : strcpy.c.obj (.text:strcpy)
                  00002e74    00000014                                   : strlen.c.obj (.text:strlen)
                  00002e88    00000012                                   : copy_zero_init.c.obj (.text:decompress:ZI:__TI_zero_init_nomemset:__TI_zero_init_nomemset)
                  00002e9a    00000012                                   : wcslen.c.obj (.text:wcslen)
                  00002eac    0000000e                                   : copy_decompress_none.c.obj (.text:decompress:none:__TI_decompress_none)
                  00002eba    0000000e     startup_msp432p401r_ccs.obj (.text)
                  00002ec8    0000000a     rtsv7M4_T_le_v4SPD16_eabi.lib : sprintf.c.obj (.text:_outc)
                  00002ed2    00000002     --HOLE-- [fill = 0]
                  00002ed4    00000008                                   : errno.c.obj (.text:__aeabi_errno_addr)
                  00002edc    00000004                                   : pre_init.c.obj (.text:_system_pre_init)
                  00002ee0    00000004                                   : exit.c.obj (.text:abort:abort)

.const     0    00002ee4    0000012b     
                  00002ee4    00000101     rtsv7M4_T_le_v4SPD16_eabi.lib : ctype.c.obj (.const:.string:_ctypes_)
                  00002fe5    0000000c     main.obj (.const:.string:$P$T2$3)
                  00002ff1    0000000a     main.obj (.const:.string:$P$T3$4)
                  00002ffb    00000009     main.obj (.const:.string:$P$T4$5)
                  00003004    00000007     main.obj (.const:.string:$P$T5$6)
                  0000300b    00000002     main.obj (.const:.string:$P$T0$1)
                  0000300d    00000002     main.obj (.const:.string:$P$T1$2)

.cinit     0    00003010    00000048     
                  00003010    0000001e     (.cinit..data.load) [load image, compression = lzss]
                  0000302e    00000002     --HOLE-- [fill = 0]
                  00003030    0000000c     (__TI_handler_table)
                  0000303c    00000004     --HOLE-- [fill = 0]
                  00003040    00000008     (.cinit..bss.load) [load image, compression = zero_init]
                  00003048    00000010     (__TI_cinit_table)

.init_array 
*          0    00000000    00000000     UNINITIALIZED

.binit     0    00000000    00000000     

.data      0    20000000    00000041     UNINITIALIZED
                  20000000    00000028     main.obj (.data)
                  20000028    00000004     main.obj (.data:alarm_xm)
                  2000002c    00000004     rtsv7M4_T_le_v4SPD16_eabi.lib : errno.c.obj (.data)
                  20000030    00000004     system_msp432p401r.obj (.data)
                  20000034    00000004     main.obj (.data:xm)
                  20000038    00000003     main.obj (.data:hours)
                  2000003b    00000003     main.obj (.data:minutes)
                  2000003e    00000003     main.obj (.data:seconds)

.bss       0    20000041    00000008     UNINITIALIZED
                  20000041    00000004     (.common:alarm_hours)
                  20000045    00000004     (.common:alarm_minutes)

.stack     0    2000fe00    00000200     UNINITIALIZED
                  2000fe00    00000004     rtsv7M4_T_le_v4SPD16_eabi.lib : boot_cortex_m.c.obj (.stack)
                  2000fe04    000001fc     --HOLE--

MODULE SUMMARY

       Module                        code    ro data   rw data
       ------                        ----    -------   -------
    ./
       main.obj                      3220    42        130    
       system_msp432p401r.obj        820     0         8      
       startup_msp432p401r_ccs.obj   14      228       0      
    +--+-----------------------------+-------+---------+---------+
       Total:                        4054    270       138    
                                                              
    /Applications/ti/ccsv8/tools/compiler/ti-cgt-arm_18.1.3.LTS/lib/rtsv7M4_T_le_v4SPD16_eabi.lib
       _printfi.c.obj                4863    0         0      
       fd_add_t2.asm.obj             438     0         0      
       fd_div_t2.asm.obj             310     0         0      
       s_scalbn.c.obj                272     0         0      
       fd_cmp_t2.asm.obj             268     0         0      
       ctype.c.obj                   0       257       0      
       fd_mul_t2.asm.obj             252     0         0      
       memcpy_t2.asm.obj             156     0         0      
       ull_div_t2.asm.obj            150     0         0      
       memset_t2.asm.obj             122     0         0      
       copy_decompress_lzss.c.obj    104     0         0      
       s_frexp.c.obj                 100     0         0      
       sprintf.c.obj                 98      0         0      
       ltoa.c.obj                    84      0         0      
       atoi.c.obj                    76      0         0      
       fd_toi_t2.asm.obj             72      0         0      
       autoinit.c.obj                68      0         0      
       boot_cortex_m.c.obj           56      0         0      
       i_tofd_t2.asm.obj             46      0         0      
       memccpy.c.obj                 28      0         0      
       strchr.c.obj                  22      0         0      
       s_copysign.c.obj              20      0         0      
       strcpy.c.obj                  20      0         0      
       strlen.c.obj                  20      0         0      
       copy_zero_init.c.obj          18      0         0      
       wcslen.c.obj                  18      0         0      
       errno.c.obj                   8       0         8      
       copy_decompress_none.c.obj    14      0         0      
       exit.c.obj                    4       0         0      
       pre_init.c.obj                4       0         0      
       div0.asm.obj                  2       0         0      
    +--+-----------------------------+-------+---------+---------+
       Total:                        7713    257       8      
                                                              
       Stack:                        0       0         1024   
       Linker Generated:             0       66        0      
    +--+-----------------------------+-------+---------+---------+
       Grand Total:                  11767   593       1170   


LINKER GENERATED COPY TABLES

__TI_cinit_table @ 00003048 records: 2, size/record: 8, table size: 16
	.data: load addr=00003010, load size=0000001e bytes, run addr=20000000, run size=00000041 bytes, compression=lzss
	.bss: load addr=00003040, load size=00000008 bytes, run addr=20000041, run size=00000008 bytes, compression=zero_init


LINKER GENERATED HANDLER TABLE

__TI_handler_table @ 00003030 records: 3, size/record: 4, table size: 12
	index: 0, handler: __TI_decompress_lzss
	index: 1, handler: __TI_decompress_none
	index: 2, handler: __TI_zero_init


GLOBAL SYMBOLS: SORTED ALPHABETICALLY BY Name 

address   name                          
-------   ----                          
00000285  ADC14_IRQHandler              
00000285  ADC14_IRQHandler              
00002ec7  AES256_IRQHandler             
00002ec7  BusFault_Handler              
00002ee1  C$$EXIT                       
00002ec7  COMP_E0_IRQHandler            
00002ec7  COMP_E1_IRQHandler            
00002ec7  CS_IRQHandler                 
00002ec7  DMA_ERR_IRQHandler            
00002ec7  DMA_INT0_IRQHandler           
00002ec7  DMA_INT1_IRQHandler           
00002ec7  DMA_INT2_IRQHandler           
00002ec7  DMA_INT3_IRQHandler           
00002ec7  DebugMon_Handler              
00002ec7  Default_Handler               
00002ec7  EUSCIA0_IRQHandler            
00002ec7  EUSCIA1_IRQHandler            
00002ec7  EUSCIA2_IRQHandler            
00002ec7  EUSCIA3_IRQHandler            
00002ec7  EUSCIB0_IRQHandler            
00002ec7  EUSCIB1_IRQHandler            
00002ec7  EUSCIB2_IRQHandler            
00002ec7  EUSCIB3_IRQHandler            
00002ec7  FLCTL_IRQHandler              
00002ec7  FPU_IRQHandler                
00002ec7  HardFault_Handler             
00002ec7  MemManage_Handler             
00002ec7  NMI_Handler                   
00002ec7  PCM_IRQHandler                
00002ec7  PORT1_IRQHandler              
00002ec7  PORT2_IRQHandler              
00000789  PORT3_IRQHandler              
00000789  PORT3_IRQHandler              
0000093d  PORT4_IRQHandler              
0000093d  PORT4_IRQHandler              
00002ec7  PORT5_IRQHandler              
00002ec7  PORT6_IRQHandler              
00002ec7  PSS_IRQHandler                
00002ec7  PendSV_Handler                
00000c43  PulseEnablePin                
000002b1  RTC_C_IRQHandler              
000002b1  RTC_C_IRQHandler              
00002ebb  Reset_Handler                 
00002ec7  SVC_Handler                   
00002ec7  SysTick_Handler               
20000030  SystemCoreClock               
000017d9  SystemCoreClockUpdate         
00001a51  SystemInit                    
00002ec7  T32_INT1_IRQHandler           
00002ec7  T32_INT2_IRQHandler           
00002ec7  T32_INTC_IRQHandler           
00002ec7  TA0_0_IRQHandler              
00002ec7  TA0_N_IRQHandler              
00002ec7  TA1_0_IRQHandler              
00002ec7  TA1_N_IRQHandler              
00002ec7  TA2_0_IRQHandler              
00002ec7  TA2_N_IRQHandler              
00002ec7  TA3_0_IRQHandler              
00002ec7  TA3_N_IRQHandler              
00002ec7  UsageFault_Handler            
4000480c  WDTCTL_SYM                    
00002ec7  WDT_A_IRQHandler              
20010000  __STACK_END                   
00000200  __STACK_SIZE                  
00003048  __TI_CINIT_Base               
00003058  __TI_CINIT_Limit              
00003030  __TI_Handler_Table_Base       
0000303c  __TI_Handler_Table_Limit      
00002cd9  __TI_auto_init_nobinit_nopinit
00002a7d  __TI_decompress_lzss          
00002ead  __TI_decompress_none          
ffffffff  __TI_pprof_out_hndl           
00000d79  __TI_printfi                  
ffffffff  __TI_prof_data_size           
ffffffff  __TI_prof_data_start          
00000000  __TI_static_base__            
00002e89  __TI_zero_init_nomemset       
00002889  __aeabi_cdcmpeq               
00002889  __aeabi_cdcmple               
0000290f  __aeabi_cdrcmple              
00002c91  __aeabi_d2iz                  
00001f57  __aeabi_dadd                  
00002241  __aeabi_ddiv                  
000025a9  __aeabi_dmul                  
00001f4d  __aeabi_dsub                  
00002ed5  __aeabi_errno_addr            
00002dd5  __aeabi_i2d                   
000017d7  __aeabi_idiv0                 
000017d7  __aeabi_ldiv0                 
00002995  __aeabi_memclr                
00002995  __aeabi_memclr4               
00002995  __aeabi_memclr8               
00002757  __aeabi_memcpy                
00002757  __aeabi_memcpy4               
00002757  __aeabi_memcpy8               
00002997  __aeabi_memset                
00002997  __aeabi_memset4               
00002997  __aeabi_memset8               
000027f3  __aeabi_uldivmod              
ffffffff  __binit__                     
ffffffff  __c_args__                    
UNDEFED   __mpu_init                    
2000fe00  __stack                       
00002d9d  _c_int00_noargs               
00002ee4  _ctypes_                      
UNDEFED   _system_post_cinit            
00002edd  _system_pre_init              
00002ee1  abort                         
20000041  alarm_hours                   
20000014  alarm_hr                      
20000018  alarm_min                     
20000045  alarm_minutes                 
2000001c  alarm_sec                     
20000028  alarm_xm                      
00002c45  atoi                          
ffffffff  binit                         
00000ba1  commandWrite                  
00002e4d  copysign                      
00002e4d  copysignl                     
00000bc5  dataWrite                     
0000098d  debounce1                     
00000a01  debounce2                     
00000b7b  delay_micro                   
00000b53  delay_ms                      
2000002c  errno                         
00002ae5  frexp                         
00002ae5  frexpl                        
20000038  hours                         
20000008  hr                            
00000a65  init_LCD                      
000001b3  init_LEDs                     
000001fb  init_RTC                      
00000641  init_Switches                 
00000197  init_SysTick                  
00000233  init_adc                      
00000000  interruptVectors              
20000004  lcd_raw                       
00002499  ldexp                         
00002499  ldexpl                        
00002b9f  ltoa                          
00000111  main                          
00002e03  memccpy                       
00002757  memcpy                        
0000299d  memset                        
2000000c  min                           
2000003b  minutes                       
00000be5  pushByte                      
00000c21  pushNibble                    
00002499  scalbn                        
00002499  scalbnl                       
20000010  sec                           
2000003e  seconds                       
00000559  set_alarm                     
20000024  set_alarm_flag                
000003f1  set_time                      
20000020  set_time_flag                 
00002d1d  sprintf                       
00000cb9  start_Menu                    
00002e37  strchr                        
00002e61  strcpy                        
00002e75  strlen                        
20000000  temperature_raw               
000002eb  update_time                   
00002e9b  wcslen                        
00000c81  write_String                  
20000034  xm                            


GLOBAL SYMBOLS: SORTED BY Symbol Address 

address   name                          
-------   ----                          
00000000  __TI_static_base__            
00000000  interruptVectors              
00000111  main                          
00000197  init_SysTick                  
000001b3  init_LEDs                     
000001fb  init_RTC                      
00000200  __STACK_SIZE                  
00000233  init_adc                      
00000285  ADC14_IRQHandler              
00000285  ADC14_IRQHandler              
000002b1  RTC_C_IRQHandler              
000002b1  RTC_C_IRQHandler              
000002eb  update_time                   
000003f1  set_time                      
00000559  set_alarm                     
00000641  init_Switches                 
00000789  PORT3_IRQHandler              
00000789  PORT3_IRQHandler              
0000093d  PORT4_IRQHandler              
0000093d  PORT4_IRQHandler              
0000098d  debounce1                     
00000a01  debounce2                     
00000a65  init_LCD                      
00000b53  delay_ms                      
00000b7b  delay_micro                   
00000ba1  commandWrite                  
00000bc5  dataWrite                     
00000be5  pushByte                      
00000c21  pushNibble                    
00000c43  PulseEnablePin                
00000c81  write_String                  
00000cb9  start_Menu                    
00000d79  __TI_printfi                  
000017d7  __aeabi_idiv0                 
000017d7  __aeabi_ldiv0                 
000017d9  SystemCoreClockUpdate         
00001a51  SystemInit                    
00001f4d  __aeabi_dsub                  
00001f57  __aeabi_dadd                  
00002241  __aeabi_ddiv                  
00002499  ldexp                         
00002499  ldexpl                        
00002499  scalbn                        
00002499  scalbnl                       
000025a9  __aeabi_dmul                  
00002757  __aeabi_memcpy                
00002757  __aeabi_memcpy4               
00002757  __aeabi_memcpy8               
00002757  memcpy                        
000027f3  __aeabi_uldivmod              
00002889  __aeabi_cdcmpeq               
00002889  __aeabi_cdcmple               
0000290f  __aeabi_cdrcmple              
00002995  __aeabi_memclr                
00002995  __aeabi_memclr4               
00002995  __aeabi_memclr8               
00002997  __aeabi_memset                
00002997  __aeabi_memset4               
00002997  __aeabi_memset8               
0000299d  memset                        
00002a7d  __TI_decompress_lzss          
00002ae5  frexp                         
00002ae5  frexpl                        
00002b9f  ltoa                          
00002c45  atoi                          
00002c91  __aeabi_d2iz                  
00002cd9  __TI_auto_init_nobinit_nopinit
00002d1d  sprintf                       
00002d9d  _c_int00_noargs               
00002dd5  __aeabi_i2d                   
00002e03  memccpy                       
00002e37  strchr                        
00002e4d  copysign                      
00002e4d  copysignl                     
00002e61  strcpy                        
00002e75  strlen                        
00002e89  __TI_zero_init_nomemset       
00002e9b  wcslen                        
00002ead  __TI_decompress_none          
00002ebb  Reset_Handler                 
00002ec7  AES256_IRQHandler             
00002ec7  BusFault_Handler              
00002ec7  COMP_E0_IRQHandler            
00002ec7  COMP_E1_IRQHandler            
00002ec7  CS_IRQHandler                 
00002ec7  DMA_ERR_IRQHandler            
00002ec7  DMA_INT0_IRQHandler           
00002ec7  DMA_INT1_IRQHandler           
00002ec7  DMA_INT2_IRQHandler           
00002ec7  DMA_INT3_IRQHandler           
00002ec7  DebugMon_Handler              
00002ec7  Default_Handler               
00002ec7  EUSCIA0_IRQHandler            
00002ec7  EUSCIA1_IRQHandler            
00002ec7  EUSCIA2_IRQHandler            
00002ec7  EUSCIA3_IRQHandler            
00002ec7  EUSCIB0_IRQHandler            
00002ec7  EUSCIB1_IRQHandler            
00002ec7  EUSCIB2_IRQHandler            
00002ec7  EUSCIB3_IRQHandler            
00002ec7  FLCTL_IRQHandler              
00002ec7  FPU_IRQHandler                
00002ec7  HardFault_Handler             
00002ec7  MemManage_Handler             
00002ec7  NMI_Handler                   
00002ec7  PCM_IRQHandler                
00002ec7  PORT1_IRQHandler              
00002ec7  PORT2_IRQHandler              
00002ec7  PORT5_IRQHandler              
00002ec7  PORT6_IRQHandler              
00002ec7  PSS_IRQHandler                
00002ec7  PendSV_Handler                
00002ec7  SVC_Handler                   
00002ec7  SysTick_Handler               
00002ec7  T32_INT1_IRQHandler           
00002ec7  T32_INT2_IRQHandler           
00002ec7  T32_INTC_IRQHandler           
00002ec7  TA0_0_IRQHandler              
00002ec7  TA0_N_IRQHandler              
00002ec7  TA1_0_IRQHandler              
00002ec7  TA1_N_IRQHandler              
00002ec7  TA2_0_IRQHandler              
00002ec7  TA2_N_IRQHandler              
00002ec7  TA3_0_IRQHandler              
00002ec7  TA3_N_IRQHandler              
00002ec7  UsageFault_Handler            
00002ec7  WDT_A_IRQHandler              
00002ed5  __aeabi_errno_addr            
00002edd  _system_pre_init              
00002ee1  C$$EXIT                       
00002ee1  abort                         
00002ee4  _ctypes_                      
00003030  __TI_Handler_Table_Base       
0000303c  __TI_Handler_Table_Limit      
00003048  __TI_CINIT_Base               
00003058  __TI_CINIT_Limit              
20000000  temperature_raw               
20000004  lcd_raw                       
20000008  hr                            
2000000c  min                           
20000010  sec                           
20000014  alarm_hr                      
20000018  alarm_min                     
2000001c  alarm_sec                     
20000020  set_time_flag                 
20000024  set_alarm_flag                
20000028  alarm_xm                      
2000002c  errno                         
20000030  SystemCoreClock               
20000034  xm                            
20000038  hours                         
2000003b  minutes                       
2000003e  seconds                       
20000041  alarm_hours                   
20000045  alarm_minutes                 
2000fe00  __stack                       
20010000  __STACK_END                   
4000480c  WDTCTL_SYM                    
ffffffff  __TI_pprof_out_hndl           
ffffffff  __TI_prof_data_size           
ffffffff  __TI_prof_data_start          
ffffffff  __binit__                     
ffffffff  __c_args__                    
ffffffff  binit                         
UNDEFED   __mpu_init                    
UNDEFED   _system_post_cinit            

[166 symbols]
