******************************************************************************
                  TI ARM Linker Unix v18.1.3                   
******************************************************************************
>> Linked Tue Dec  4 22:07:03 2018

OUTPUT FILE NAME:   <FinalProject.out>
ENTRY POINT SYMBOL: "_c_int00_noargs"  address: 00003389


MEMORY CONFIGURATION

         name            origin    length      used     unused   attr    fill
----------------------  --------  ---------  --------  --------  ----  --------
  MAIN                  00000000   00040000  00003664  0003c99c  R  X
  INFO                  00200000   00004000  00000000  00004000  R  X
  SRAM_CODE             01000000   00010000  0000025c  0000fda4  RW X
  SRAM_DATA             20000000   00010000  0000025c  0000fda4  RW  


SEGMENT ALLOCATION MAP

run origin  load origin   length   init length attrs members
----------  ----------- ---------- ----------- ----- -------
00000000    00000000    00003668   00003668    r-x
  00000000    00000000    000000e4   000000e4    r-- .intvecs
  000000e4    000000e4    00003410   00003410    r-x .text
  000034f4    000034f4    00000130   00000130    r-- .const
  00003628    00003628    00000040   00000040    r-- .cinit
20000000    20000000    0000005c   00000000    rw-
  20000000    20000000    0000005c   00000000    rw- .data
2000fe00    2000fe00    00000200   00000000    rw-
  2000fe00    2000fe00    00000200   00000000    rw- .stack


SECTION ALLOCATION MAP

 output                                  attributes/
section   page    origin      length       input sections
--------  ----  ----------  ----------   ----------------
.intvecs   0    00000000    000000e4     
                  00000000    000000e4     startup_msp432p401r_ccs.obj (.intvecs:retain)

.text      0    000000e4    00003410     
                  000000e4    00001210     main.obj (.text)
                  000012f4    00000a5e     rtsv7M4_T_le_v4SPD16_eabi.lib : _printfi.c.obj (.text:__TI_printfi)
                  00001d52    00000002                                   : div0.asm.obj (.text)
                  00001d54    00000334     system_msp432p401r.obj (.text)
                  00002088    00000270     rtsv7M4_T_le_v4SPD16_eabi.lib : _printfi.c.obj (.text:_pconv_a)
                  000022f8    000001d0                                   : _printfi.c.obj (.text:_pconv_g)
                  000024c8    000001b6                                   : fd_add_t2.asm.obj (.text)
                  0000267e    00000002     --HOLE-- [fill = 0]
                  00002680    0000013c                                   : _printfi.c.obj (.text:_pconv_e)
                  000027bc    00000136                                   : fd_div_t2.asm.obj (.text)
                  000028f2    00000002     --HOLE-- [fill = 0]
                  000028f4    00000120                                   : _printfi.c.obj (.text:fcvt)
                  00002a14    00000110                                   : s_scalbn.c.obj (.text:scalbn)
                  00002b24    000000fc                                   : fd_mul_t2.asm.obj (.text)
                  00002c20    000000b1                                   : _printfi.c.obj (.text:_ltostr)
                  00002cd1    00000001     --HOLE-- [fill = 0]
                  00002cd2    0000009c                                   : memcpy_t2.asm.obj (.text)
                  00002d6e    00000096                                   : ull_div_t2.asm.obj (.text)
                  00002e04    00000086                                   : fd_cmp_t2.asm.obj (.text:__aeabi_cdcmple)
                  00002e8a    00000086                                   : fd_cmp_t2.asm.obj (.text:__aeabi_cdrcmple)
                  00002f10    0000007a                                   : memset_t2.asm.obj (.text)
                  00002f8a    0000006e                                   : _printfi.c.obj (.text:_mcpy)
                  00002ff8    0000006e                                   : fd_tos_t2.asm.obj (.text)
                  00003066    00000068                                   : copy_decompress_lzss.c.obj (.text:decompress:lzss:__TI_decompress_lzss)
                  000030ce    00000002     --HOLE-- [fill = 0]
                  000030d0    00000064                                   : s_frexp.c.obj (.text:frexp)
                  00003134    00000056                                   : _printfi.c.obj (.text:_pconv_f)
                  0000318a    00000054                                   : ltoa.c.obj (.text:ltoa)
                  000031de    00000052                                   : _printfi.c.obj (.text:_ecpy)
                  00003230    0000004c                                   : atoi.c.obj (.text:atoi)
                  0000327c    00000048                                   : fd_toi_t2.asm.obj (.text)
                  000032c4    00000044                                   : autoinit.c.obj (.text:__TI_auto_init_nobinit_nopinit:__TI_auto_init_nobinit_nopinit)
                  00003308    00000040                                   : sprintf.c.obj (.text:sprintf)
                  00003348    0000003e                                   : _printfi.c.obj (.text:_fcpy)
                  00003386    00000002     --HOLE-- [fill = 0]
                  00003388    00000038                                   : boot_cortex_m.c.obj (.text:_c_int00_noargs:_c_int00_noargs)
                  000033c0    00000038                                   : fs_tod_t2.asm.obj (.text)
                  000033f8    0000002e                                   : i_tofd_t2.asm.obj (.text)
                  00003426    0000001c                                   : memccpy.c.obj (.text:memccpy)
                  00003442    00000018                                   : sprintf.c.obj (.text:_outs)
                  0000345a    00000016                                   : strchr.c.obj (.text:strchr)
                  00003470    00000014                                   : s_copysign.c.obj (.text:copysign)
                  00003484    00000014                                   : strcpy.c.obj (.text:strcpy)
                  00003498    00000014                                   : strlen.c.obj (.text:strlen)
                  000034ac    00000012                                   : wcslen.c.obj (.text:wcslen)
                  000034be    0000000e                                   : copy_decompress_none.c.obj (.text:decompress:none:__TI_decompress_none)
                  000034cc    0000000e     startup_msp432p401r_ccs.obj (.text)
                  000034da    0000000a     rtsv7M4_T_le_v4SPD16_eabi.lib : sprintf.c.obj (.text:_outc)
                  000034e4    00000008                                   : errno.c.obj (.text:__aeabi_errno_addr)
                  000034ec    00000004                                   : pre_init.c.obj (.text:_system_pre_init)
                  000034f0    00000004                                   : exit.c.obj (.text:abort:abort)

.const     0    000034f4    00000130     
                  000034f4    00000101     rtsv7M4_T_le_v4SPD16_eabi.lib : ctype.c.obj (.const:.string:_ctypes_)
                  000035f5    0000000c     main.obj (.const:.string:$P$T3$4)
                  00003601    0000000a     main.obj (.const:.string:$P$T4$5)
                  0000360b    00000009     main.obj (.const:.string:$P$T5$6)
                  00003614    00000007     main.obj (.const:.string:$P$T6$7)
                  0000361b    00000005     main.obj (.const:.string:$P$T0$1)
                  00003620    00000002     main.obj (.const:.string:$P$T1$2)
                  00003622    00000002     main.obj (.const:.string:$P$T2$3)

.cinit     0    00003628    00000040     
                  00003628    0000002e     (.cinit..data.load) [load image, compression = lzss]
                  00003656    00000002     --HOLE-- [fill = 0]
                  00003658    00000008     (__TI_handler_table)
                  00003660    00000008     (__TI_cinit_table)

.init_array 
*          0    00000000    00000000     UNINITIALIZED

.binit     0    00000000    00000000     

.data      0    20000000    0000005c     UNINITIALIZED
                  20000000    00000034     main.obj (.data)
                  20000034    0000000a     main.obj (.data:alarm)
                  2000003e    00000004     main.obj (.data:alarm_xm)
                  20000042    00000002     main.obj (.data:alarm_minutes)
                  20000044    00000004     rtsv7M4_T_le_v4SPD16_eabi.lib : errno.c.obj (.data)
                  20000048    00000004     system_msp432p401r.obj (.data)
                  2000004c    00000004     main.obj (.data:xm)
                  20000050    00000003     main.obj (.data:alarm_hours)
                  20000053    00000003     main.obj (.data:hours)
                  20000056    00000003     main.obj (.data:minutes)
                  20000059    00000003     main.obj (.data:seconds)

.stack     0    2000fe00    00000200     UNINITIALIZED
                  2000fe00    00000004     rtsv7M4_T_le_v4SPD16_eabi.lib : boot_cortex_m.c.obj (.stack)
                  2000fe04    000001fc     --HOLE--

MODULE SUMMARY

       Module                        code    ro data   rw data
       ------                        ----    -------   -------
    ./
       main.obj                      4624    47        168    
       system_msp432p401r.obj        820     0         8      
       startup_msp432p401r_ccs.obj   14      228       0      
    +--+-----------------------------+-------+---------+---------+
       Total:                        5458    275       176    
                                                              
    /Applications/ti/ccsv8/tools/compiler/ti-cgt-arm_18.1.3.LTS/lib/rtsv7M4_T_le_v4SPD16_eabi.lib
       _printfi.c.obj                4863    0         0      
       fd_add_t2.asm.obj             438     0         0      
       fd_div_t2.asm.obj             310     0         0      
       s_scalbn.c.obj                272     0         0      
       fd_cmp_t2.asm.obj             268     0         0      
       ctype.c.obj                   0       257       0      
       fd_mul_t2.asm.obj             252     0         0      
       memcpy_t2.asm.obj             156     0         0      
       ull_div_t2.asm.obj            150     0         0      
       memset_t2.asm.obj             122     0         0      
       fd_tos_t2.asm.obj             110     0         0      
       copy_decompress_lzss.c.obj    104     0         0      
       s_frexp.c.obj                 100     0         0      
       sprintf.c.obj                 98      0         0      
       ltoa.c.obj                    84      0         0      
       atoi.c.obj                    76      0         0      
       fd_toi_t2.asm.obj             72      0         0      
       autoinit.c.obj                68      0         0      
       boot_cortex_m.c.obj           56      0         0      
       fs_tod_t2.asm.obj             56      0         0      
       i_tofd_t2.asm.obj             46      0         0      
       memccpy.c.obj                 28      0         0      
       strchr.c.obj                  22      0         0      
       s_copysign.c.obj              20      0         0      
       strcpy.c.obj                  20      0         0      
       strlen.c.obj                  20      0         0      
       wcslen.c.obj                  18      0         0      
       errno.c.obj                   8       0         8      
       copy_decompress_none.c.obj    14      0         0      
       exit.c.obj                    4       0         0      
       pre_init.c.obj                4       0         0      
       div0.asm.obj                  2       0         0      
    +--+-----------------------------+-------+---------+---------+
       Total:                        7861    257       8      
                                                              
       Stack:                        0       0         1024   
       Linker Generated:             0       62        0      
    +--+-----------------------------+-------+---------+---------+
       Grand Total:                  13319   594       1208   


LINKER GENERATED COPY TABLES

__TI_cinit_table @ 00003660 records: 1, size/record: 8, table size: 8
	.data: load addr=00003628, load size=0000002e bytes, run addr=20000000, run size=0000005c bytes, compression=lzss


LINKER GENERATED HANDLER TABLE

__TI_handler_table @ 00003658 records: 2, size/record: 4, table size: 8
	index: 0, handler: __TI_decompress_lzss
	index: 1, handler: __TI_decompress_none


GLOBAL SYMBOLS: SORTED ALPHABETICALLY BY Name 

address   name                          
-------   ----                          
00000675  ADC14_IRQHandler              
00000675  ADC14_IRQHandler              
000034d9  AES256_IRQHandler             
000034d9  BusFault_Handler              
000034f1  C$$EXIT                       
000034d9  COMP_E0_IRQHandler            
000034d9  COMP_E1_IRQHandler            
000034d9  CS_IRQHandler                 
000034d9  DMA_ERR_IRQHandler            
000034d9  DMA_INT0_IRQHandler           
000034d9  DMA_INT1_IRQHandler           
000034d9  DMA_INT2_IRQHandler           
000034d9  DMA_INT3_IRQHandler           
000034d9  DebugMon_Handler              
000034d9  Default_Handler               
000034d9  EUSCIA0_IRQHandler            
000034d9  EUSCIA1_IRQHandler            
000034d9  EUSCIA2_IRQHandler            
000034d9  EUSCIA3_IRQHandler            
000034d9  EUSCIB0_IRQHandler            
000034d9  EUSCIB1_IRQHandler            
000034d9  EUSCIB2_IRQHandler            
000034d9  EUSCIB3_IRQHandler            
000034d9  FLCTL_IRQHandler              
000034d9  FPU_IRQHandler                
000034d9  HardFault_Handler             
000034d9  MemManage_Handler             
000034d9  NMI_Handler                   
000034d9  PCM_IRQHandler                
000034d9  PORT1_IRQHandler              
000034d9  PORT2_IRQHandler              
00000dcd  PORT3_IRQHandler              
00000dcd  PORT3_IRQHandler              
00000dfb  PORT4_IRQHandler              
00000dfb  PORT4_IRQHandler              
000034d9  PORT5_IRQHandler              
000034d9  PORT6_IRQHandler              
000034d9  PSS_IRQHandler                
000034d9  PendSV_Handler                
0000110d  PulseEnablePin                
000006a9  RTC_C_IRQHandler              
000006a9  RTC_C_IRQHandler              
000034cd  Reset_Handler                 
000034d9  SVC_Handler                   
000034d9  SysTick_Handler               
20000048  SystemCoreClock               
00001d55  SystemCoreClockUpdate         
00001fcd  SystemInit                    
0000126d  T32_INT1_IRQHandler           
0000126d  T32_INT1_IRQHandler           
000034d9  T32_INT2_IRQHandler           
000034d9  T32_INTC_IRQHandler           
000034d9  TA0_0_IRQHandler              
000034d9  TA0_N_IRQHandler              
000034d9  TA1_0_IRQHandler              
000034d9  TA1_N_IRQHandler              
000034d9  TA2_0_IRQHandler              
000034d9  TA2_N_IRQHandler              
000034d9  TA3_0_IRQHandler              
000034d9  TA3_N_IRQHandler              
000034d9  UsageFault_Handler            
4000480c  WDTCTL_SYM                    
000034d9  WDT_A_IRQHandler              
20010000  __STACK_END                   
00000200  __STACK_SIZE                  
00003660  __TI_CINIT_Base               
00003668  __TI_CINIT_Limit              
00003658  __TI_Handler_Table_Base       
00003660  __TI_Handler_Table_Limit      
000032c5  __TI_auto_init_nobinit_nopinit
00003067  __TI_decompress_lzss          
000034bf  __TI_decompress_none          
ffffffff  __TI_pprof_out_hndl           
000012f5  __TI_printfi                  
ffffffff  __TI_prof_data_size           
ffffffff  __TI_prof_data_start          
00000000  __TI_static_base__            
00002e05  __aeabi_cdcmpeq               
00002e05  __aeabi_cdcmple               
00002e8b  __aeabi_cdrcmple              
00002ff9  __aeabi_d2f                   
0000327d  __aeabi_d2iz                  
000024d3  __aeabi_dadd                  
000027bd  __aeabi_ddiv                  
00002b25  __aeabi_dmul                  
000024c9  __aeabi_dsub                  
000034e5  __aeabi_errno_addr            
000033c1  __aeabi_f2d                   
000033f9  __aeabi_i2d                   
00001d53  __aeabi_idiv0                 
00001d53  __aeabi_ldiv0                 
00002f11  __aeabi_memclr                
00002f11  __aeabi_memclr4               
00002f11  __aeabi_memclr8               
00002cd3  __aeabi_memcpy                
00002cd3  __aeabi_memcpy4               
00002cd3  __aeabi_memcpy8               
00002f13  __aeabi_memset                
00002f13  __aeabi_memset4               
00002f13  __aeabi_memset8               
00002d6f  __aeabi_uldivmod              
ffffffff  __binit__                     
ffffffff  __c_args__                    
UNDEFED   __mpu_init                    
2000fe00  __stack                       
00003389  _c_int00_noargs               
000034f4  _ctypes_                      
UNDEFED   _system_post_cinit            
000034ed  _system_pre_init              
000034f1  abort                         
20000034  alarm                         
20000030  alarm_enable                  
20000050  alarm_hours                   
20000014  alarm_hr                      
20000018  alarm_min                     
20000042  alarm_minutes                 
2000001c  alarm_sec                     
2000003e  alarm_xm                      
00003231  atoi                          
ffffffff  binit                         
20000024  btndown_flag                  
20000020  btnup_flag                    
00001051  commandWrite                  
00003471  copysign                      
00003471  copysignl                     
00001071  dataWrite                     
00000e35  debounce1                     
00000e8d  debounce2                     
00001025  delay_micro                   
00000fe3  delay_ms                      
20000044  errno                         
000030d1  frexp                         
000030d1  frexpl                        
20000053  hours                         
20000008  hr                            
00000ef5  init_LCD                      
00000585  init_LEDs                     
000005d9  init_RTC                      
00001205  init_Speaker                  
00000c8d  init_Switches                 
0000055d  init_SysTick                  
0000124b  init_Timer32                  
00000623  init_adc                      
00000000  interruptVectors              
20000004  lcd_raw                       
00002a15  ldexp                         
00002a15  ldexpl                        
0000318b  ltoa                          
00000111  main                          
00003427  memccpy                       
00002cd3  memcpy                        
00002f19  memset                        
2000000c  min                           
20000056  minutes                       
000010b1  pushByte                      
000010e7  pushNibble                    
00002a15  scalbn                        
00002a15  scalbnl                       
20000010  sec                           
20000059  seconds                       
00000a79  set_alarm                     
2000002c  set_alarm_flag                
00000529  set_lcd_brightness            
0000089d  set_time                      
20000028  set_time_flag                 
00003309  sprintf                       
00001181  start_Menu                    
0000345b  strchr                        
00003485  strcpy                        
00003499  strlen                        
20000000  temperature_raw               
00000455  update_alarm_lcd              
000003c3  update_temperature            
00000715  update_time                   
000034ad  wcslen                        
00001141  write_String                  
2000004c  xm                            


GLOBAL SYMBOLS: SORTED BY Symbol Address 

address   name                          
-------   ----                          
00000000  __TI_static_base__            
00000000  interruptVectors              
00000111  main                          
00000200  __STACK_SIZE                  
000003c3  update_temperature            
00000455  update_alarm_lcd              
00000529  set_lcd_brightness            
0000055d  init_SysTick                  
00000585  init_LEDs                     
000005d9  init_RTC                      
00000623  init_adc                      
00000675  ADC14_IRQHandler              
00000675  ADC14_IRQHandler              
000006a9  RTC_C_IRQHandler              
000006a9  RTC_C_IRQHandler              
00000715  update_time                   
0000089d  set_time                      
00000a79  set_alarm                     
00000c8d  init_Switches                 
00000dcd  PORT3_IRQHandler              
00000dcd  PORT3_IRQHandler              
00000dfb  PORT4_IRQHandler              
00000dfb  PORT4_IRQHandler              
00000e35  debounce1                     
00000e8d  debounce2                     
00000ef5  init_LCD                      
00000fe3  delay_ms                      
00001025  delay_micro                   
00001051  commandWrite                  
00001071  dataWrite                     
000010b1  pushByte                      
000010e7  pushNibble                    
0000110d  PulseEnablePin                
00001141  write_String                  
00001181  start_Menu                    
00001205  init_Speaker                  
0000124b  init_Timer32                  
0000126d  T32_INT1_IRQHandler           
0000126d  T32_INT1_IRQHandler           
000012f5  __TI_printfi                  
00001d53  __aeabi_idiv0                 
00001d53  __aeabi_ldiv0                 
00001d55  SystemCoreClockUpdate         
00001fcd  SystemInit                    
000024c9  __aeabi_dsub                  
000024d3  __aeabi_dadd                  
000027bd  __aeabi_ddiv                  
00002a15  ldexp                         
00002a15  ldexpl                        
00002a15  scalbn                        
00002a15  scalbnl                       
00002b25  __aeabi_dmul                  
00002cd3  __aeabi_memcpy                
00002cd3  __aeabi_memcpy4               
00002cd3  __aeabi_memcpy8               
00002cd3  memcpy                        
00002d6f  __aeabi_uldivmod              
00002e05  __aeabi_cdcmpeq               
00002e05  __aeabi_cdcmple               
00002e8b  __aeabi_cdrcmple              
00002f11  __aeabi_memclr                
00002f11  __aeabi_memclr4               
00002f11  __aeabi_memclr8               
00002f13  __aeabi_memset                
00002f13  __aeabi_memset4               
00002f13  __aeabi_memset8               
00002f19  memset                        
00002ff9  __aeabi_d2f                   
00003067  __TI_decompress_lzss          
000030d1  frexp                         
000030d1  frexpl                        
0000318b  ltoa                          
00003231  atoi                          
0000327d  __aeabi_d2iz                  
000032c5  __TI_auto_init_nobinit_nopinit
00003309  sprintf                       
00003389  _c_int00_noargs               
000033c1  __aeabi_f2d                   
000033f9  __aeabi_i2d                   
00003427  memccpy                       
0000345b  strchr                        
00003471  copysign                      
00003471  copysignl                     
00003485  strcpy                        
00003499  strlen                        
000034ad  wcslen                        
000034bf  __TI_decompress_none          
000034cd  Reset_Handler                 
000034d9  AES256_IRQHandler             
000034d9  BusFault_Handler              
000034d9  COMP_E0_IRQHandler            
000034d9  COMP_E1_IRQHandler            
000034d9  CS_IRQHandler                 
000034d9  DMA_ERR_IRQHandler            
000034d9  DMA_INT0_IRQHandler           
000034d9  DMA_INT1_IRQHandler           
000034d9  DMA_INT2_IRQHandler           
000034d9  DMA_INT3_IRQHandler           
000034d9  DebugMon_Handler              
000034d9  Default_Handler               
000034d9  EUSCIA0_IRQHandler            
000034d9  EUSCIA1_IRQHandler            
000034d9  EUSCIA2_IRQHandler            
000034d9  EUSCIA3_IRQHandler            
000034d9  EUSCIB0_IRQHandler            
000034d9  EUSCIB1_IRQHandler            
000034d9  EUSCIB2_IRQHandler            
000034d9  EUSCIB3_IRQHandler            
000034d9  FLCTL_IRQHandler              
000034d9  FPU_IRQHandler                
000034d9  HardFault_Handler             
000034d9  MemManage_Handler             
000034d9  NMI_Handler                   
000034d9  PCM_IRQHandler                
000034d9  PORT1_IRQHandler              
000034d9  PORT2_IRQHandler              
000034d9  PORT5_IRQHandler              
000034d9  PORT6_IRQHandler              
000034d9  PSS_IRQHandler                
000034d9  PendSV_Handler                
000034d9  SVC_Handler                   
000034d9  SysTick_Handler               
000034d9  T32_INT2_IRQHandler           
000034d9  T32_INTC_IRQHandler           
000034d9  TA0_0_IRQHandler              
000034d9  TA0_N_IRQHandler              
000034d9  TA1_0_IRQHandler              
000034d9  TA1_N_IRQHandler              
000034d9  TA2_0_IRQHandler              
000034d9  TA2_N_IRQHandler              
000034d9  TA3_0_IRQHandler              
000034d9  TA3_N_IRQHandler              
000034d9  UsageFault_Handler            
000034d9  WDT_A_IRQHandler              
000034e5  __aeabi_errno_addr            
000034ed  _system_pre_init              
000034f1  C$$EXIT                       
000034f1  abort                         
000034f4  _ctypes_                      
00003658  __TI_Handler_Table_Base       
00003660  __TI_CINIT_Base               
00003660  __TI_Handler_Table_Limit      
00003668  __TI_CINIT_Limit              
20000000  temperature_raw               
20000004  lcd_raw                       
20000008  hr                            
2000000c  min                           
20000010  sec                           
20000014  alarm_hr                      
20000018  alarm_min                     
2000001c  alarm_sec                     
20000020  btnup_flag                    
20000024  btndown_flag                  
20000028  set_time_flag                 
2000002c  set_alarm_flag                
20000030  alarm_enable                  
20000034  alarm                         
2000003e  alarm_xm                      
20000042  alarm_minutes                 
20000044  errno                         
20000048  SystemCoreClock               
2000004c  xm                            
20000050  alarm_hours                   
20000053  hours                         
20000056  minutes                       
20000059  seconds                       
2000fe00  __stack                       
20010000  __STACK_END                   
4000480c  WDTCTL_SYM                    
ffffffff  __TI_pprof_out_hndl           
ffffffff  __TI_prof_data_size           
ffffffff  __TI_prof_data_start          
ffffffff  __binit__                     
ffffffff  __c_args__                    
ffffffff  binit                         
UNDEFED   __mpu_init                    
UNDEFED   _system_post_cinit            

[177 symbols]
