******************************************************************************
                  TI ARM Linker Unix v18.1.3                   
******************************************************************************
>> Linked Mon Dec  3 21:11:17 2018

OUTPUT FILE NAME:   <FinalProject.out>
ENTRY POINT SYMBOL: "_c_int00_noargs"  address: 00003131


MEMORY CONFIGURATION

         name            origin    length      used     unused   attr    fill
----------------------  --------  ---------  --------  --------  ----  --------
  MAIN                  00000000   00040000  000033cf  0003cc31  R  X
  INFO                  00200000   00004000  00000000  00004000  R  X
  SRAM_CODE             01000000   00010000  0000025c  0000fda4  RW X
  SRAM_DATA             20000000   00010000  0000025c  0000fda4  RW  


SEGMENT ALLOCATION MAP

run origin  load origin   length   init length attrs members
----------  ----------- ---------- ----------- ----- -------
00000000    00000000    000033d0   000033d0    r-x
  00000000    00000000    000000e4   000000e4    r-- .intvecs
  000000e4    000000e4    00003180   00003180    r-x .text
  00003264    00003264    0000012b   0000012b    r-- .const
  00003390    00003390    00000040   00000040    r-- .cinit
20000000    20000000    0000005c   00000000    rw-
  20000000    20000000    0000005c   00000000    rw- .data
2000fe00    2000fe00    00000200   00000000    rw-
  2000fe00    2000fe00    00000200   00000000    rw- .stack


SECTION ALLOCATION MAP

 output                                  attributes/
section   page    origin      length       input sections
--------  ----  ----------  ----------   ----------------
.intvecs   0    00000000    000000e4     
                  00000000    000000e4     startup_msp432p401r_ccs.obj (.intvecs:retain)

.text      0    000000e4    00003180     
                  000000e4    00001028     main.obj (.text)
                  0000110c    00000a5e     rtsv7M4_T_le_v4SPD16_eabi.lib : _printfi.c.obj (.text:__TI_printfi)
                  00001b6a    00000002                                   : div0.asm.obj (.text)
                  00001b6c    00000334     system_msp432p401r.obj (.text)
                  00001ea0    00000270     rtsv7M4_T_le_v4SPD16_eabi.lib : _printfi.c.obj (.text:_pconv_a)
                  00002110    000001d0                                   : _printfi.c.obj (.text:_pconv_g)
                  000022e0    000001b6                                   : fd_add_t2.asm.obj (.text)
                  00002496    00000002     --HOLE-- [fill = 0]
                  00002498    0000013c                                   : _printfi.c.obj (.text:_pconv_e)
                  000025d4    00000136                                   : fd_div_t2.asm.obj (.text)
                  0000270a    00000002     --HOLE-- [fill = 0]
                  0000270c    00000120                                   : _printfi.c.obj (.text:fcvt)
                  0000282c    00000110                                   : s_scalbn.c.obj (.text:scalbn)
                  0000293c    000000fc                                   : fd_mul_t2.asm.obj (.text)
                  00002a38    000000b1                                   : _printfi.c.obj (.text:_ltostr)
                  00002ae9    00000001     --HOLE-- [fill = 0]
                  00002aea    0000009c                                   : memcpy_t2.asm.obj (.text)
                  00002b86    00000096                                   : ull_div_t2.asm.obj (.text)
                  00002c1c    00000086                                   : fd_cmp_t2.asm.obj (.text:__aeabi_cdcmple)
                  00002ca2    00000086                                   : fd_cmp_t2.asm.obj (.text:__aeabi_cdrcmple)
                  00002d28    0000007a                                   : memset_t2.asm.obj (.text)
                  00002da2    0000006e                                   : _printfi.c.obj (.text:_mcpy)
                  00002e10    00000068                                   : copy_decompress_lzss.c.obj (.text:decompress:lzss:__TI_decompress_lzss)
                  00002e78    00000064                                   : s_frexp.c.obj (.text:frexp)
                  00002edc    00000056                                   : _printfi.c.obj (.text:_pconv_f)
                  00002f32    00000054                                   : ltoa.c.obj (.text:ltoa)
                  00002f86    00000052                                   : _printfi.c.obj (.text:_ecpy)
                  00002fd8    0000004c                                   : atoi.c.obj (.text:atoi)
                  00003024    00000048                                   : fd_toi_t2.asm.obj (.text)
                  0000306c    00000044                                   : autoinit.c.obj (.text:__TI_auto_init_nobinit_nopinit:__TI_auto_init_nobinit_nopinit)
                  000030b0    00000040                                   : sprintf.c.obj (.text:sprintf)
                  000030f0    0000003e                                   : _printfi.c.obj (.text:_fcpy)
                  0000312e    00000002     --HOLE-- [fill = 0]
                  00003130    00000038                                   : boot_cortex_m.c.obj (.text:_c_int00_noargs:_c_int00_noargs)
                  00003168    0000002e                                   : i_tofd_t2.asm.obj (.text)
                  00003196    0000001c                                   : memccpy.c.obj (.text:memccpy)
                  000031b2    00000018                                   : sprintf.c.obj (.text:_outs)
                  000031ca    00000016                                   : strchr.c.obj (.text:strchr)
                  000031e0    00000014                                   : s_copysign.c.obj (.text:copysign)
                  000031f4    00000014                                   : strcpy.c.obj (.text:strcpy)
                  00003208    00000014                                   : strlen.c.obj (.text:strlen)
                  0000321c    00000012                                   : wcslen.c.obj (.text:wcslen)
                  0000322e    0000000e                                   : copy_decompress_none.c.obj (.text:decompress:none:__TI_decompress_none)
                  0000323c    0000000e     startup_msp432p401r_ccs.obj (.text)
                  0000324a    0000000a     rtsv7M4_T_le_v4SPD16_eabi.lib : sprintf.c.obj (.text:_outc)
                  00003254    00000008                                   : errno.c.obj (.text:__aeabi_errno_addr)
                  0000325c    00000004                                   : pre_init.c.obj (.text:_system_pre_init)
                  00003260    00000004                                   : exit.c.obj (.text:abort:abort)

.const     0    00003264    0000012b     
                  00003264    00000101     rtsv7M4_T_le_v4SPD16_eabi.lib : ctype.c.obj (.const:.string:_ctypes_)
                  00003365    0000000c     main.obj (.const:.string:$P$T2$3)
                  00003371    0000000a     main.obj (.const:.string:$P$T3$4)
                  0000337b    00000009     main.obj (.const:.string:$P$T4$5)
                  00003384    00000007     main.obj (.const:.string:$P$T5$6)
                  0000338b    00000002     main.obj (.const:.string:$P$T0$1)
                  0000338d    00000002     main.obj (.const:.string:$P$T1$2)

.cinit     0    00003390    00000040     
                  00003390    0000002e     (.cinit..data.load) [load image, compression = lzss]
                  000033be    00000002     --HOLE-- [fill = 0]
                  000033c0    00000008     (__TI_handler_table)
                  000033c8    00000008     (__TI_cinit_table)

.init_array 
*          0    00000000    00000000     UNINITIALIZED

.binit     0    00000000    00000000     

.data      0    20000000    0000005c     UNINITIALIZED
                  20000000    00000034     main.obj (.data)
                  20000034    0000000a     main.obj (.data:alarm)
                  2000003e    00000004     main.obj (.data:alarm_xm)
                  20000042    00000002     main.obj (.data:alarm_minutes)
                  20000044    00000004     rtsv7M4_T_le_v4SPD16_eabi.lib : errno.c.obj (.data)
                  20000048    00000004     system_msp432p401r.obj (.data)
                  2000004c    00000004     main.obj (.data:xm)
                  20000050    00000003     main.obj (.data:alarm_hours)
                  20000053    00000003     main.obj (.data:hours)
                  20000056    00000003     main.obj (.data:minutes)
                  20000059    00000003     main.obj (.data:seconds)

.stack     0    2000fe00    00000200     UNINITIALIZED
                  2000fe00    00000004     rtsv7M4_T_le_v4SPD16_eabi.lib : boot_cortex_m.c.obj (.stack)
                  2000fe04    000001fc     --HOLE--

MODULE SUMMARY

       Module                        code    ro data   rw data
       ------                        ----    -------   -------
    ./
       main.obj                      4136    42        168    
       system_msp432p401r.obj        820     0         8      
       startup_msp432p401r_ccs.obj   14      228       0      
    +--+-----------------------------+-------+---------+---------+
       Total:                        4970    270       176    
                                                              
    /Applications/ti/ccsv8/tools/compiler/ti-cgt-arm_18.1.3.LTS/lib/rtsv7M4_T_le_v4SPD16_eabi.lib
       _printfi.c.obj                4863    0         0      
       fd_add_t2.asm.obj             438     0         0      
       fd_div_t2.asm.obj             310     0         0      
       s_scalbn.c.obj                272     0         0      
       fd_cmp_t2.asm.obj             268     0         0      
       ctype.c.obj                   0       257       0      
       fd_mul_t2.asm.obj             252     0         0      
       memcpy_t2.asm.obj             156     0         0      
       ull_div_t2.asm.obj            150     0         0      
       memset_t2.asm.obj             122     0         0      
       copy_decompress_lzss.c.obj    104     0         0      
       s_frexp.c.obj                 100     0         0      
       sprintf.c.obj                 98      0         0      
       ltoa.c.obj                    84      0         0      
       atoi.c.obj                    76      0         0      
       fd_toi_t2.asm.obj             72      0         0      
       autoinit.c.obj                68      0         0      
       boot_cortex_m.c.obj           56      0         0      
       i_tofd_t2.asm.obj             46      0         0      
       memccpy.c.obj                 28      0         0      
       strchr.c.obj                  22      0         0      
       s_copysign.c.obj              20      0         0      
       strcpy.c.obj                  20      0         0      
       strlen.c.obj                  20      0         0      
       wcslen.c.obj                  18      0         0      
       errno.c.obj                   8       0         8      
       copy_decompress_none.c.obj    14      0         0      
       exit.c.obj                    4       0         0      
       pre_init.c.obj                4       0         0      
       div0.asm.obj                  2       0         0      
    +--+-----------------------------+-------+---------+---------+
       Total:                        7695    257       8      
                                                              
       Stack:                        0       0         1024   
       Linker Generated:             0       62        0      
    +--+-----------------------------+-------+---------+---------+
       Grand Total:                  12665   589       1208   


LINKER GENERATED COPY TABLES

__TI_cinit_table @ 000033c8 records: 1, size/record: 8, table size: 8
	.data: load addr=00003390, load size=0000002e bytes, run addr=20000000, run size=0000005c bytes, compression=lzss


LINKER GENERATED HANDLER TABLE

__TI_handler_table @ 000033c0 records: 2, size/record: 4, table size: 8
	index: 0, handler: __TI_decompress_lzss
	index: 1, handler: __TI_decompress_none


GLOBAL SYMBOLS: SORTED ALPHABETICALLY BY Name 

address   name                          
-------   ----                          
000004a5  ADC14_IRQHandler              
000004a5  ADC14_IRQHandler              
00003249  AES256_IRQHandler             
00003249  BusFault_Handler              
00003261  C$$EXIT                       
00003249  COMP_E0_IRQHandler            
00003249  COMP_E1_IRQHandler            
00003249  CS_IRQHandler                 
00003249  DMA_ERR_IRQHandler            
00003249  DMA_INT0_IRQHandler           
00003249  DMA_INT1_IRQHandler           
00003249  DMA_INT2_IRQHandler           
00003249  DMA_INT3_IRQHandler           
00003249  DebugMon_Handler              
00003249  Default_Handler               
00003249  EUSCIA0_IRQHandler            
00003249  EUSCIA1_IRQHandler            
00003249  EUSCIA2_IRQHandler            
00003249  EUSCIA3_IRQHandler            
00003249  EUSCIB0_IRQHandler            
00003249  EUSCIB1_IRQHandler            
00003249  EUSCIB2_IRQHandler            
00003249  EUSCIB3_IRQHandler            
00003249  FLCTL_IRQHandler              
00003249  FPU_IRQHandler                
00003249  HardFault_Handler             
00003249  MemManage_Handler             
00003249  NMI_Handler                   
00003249  PCM_IRQHandler                
00003249  PORT1_IRQHandler              
00003249  PORT2_IRQHandler              
00000bd5  PORT3_IRQHandler              
00000bd5  PORT3_IRQHandler              
00000c03  PORT4_IRQHandler              
00000c03  PORT4_IRQHandler              
00003249  PORT5_IRQHandler              
00003249  PORT6_IRQHandler              
00003249  PSS_IRQHandler                
00003249  PendSV_Handler                
00000f25  PulseEnablePin                
000004f5  RTC_C_IRQHandler              
000004f5  RTC_C_IRQHandler              
0000323d  Reset_Handler                 
00003249  SVC_Handler                   
00003249  SysTick_Handler               
20000048  SystemCoreClock               
00001b6d  SystemCoreClockUpdate         
00001de5  SystemInit                    
00001089  T32_INT1_IRQHandler           
00001089  T32_INT1_IRQHandler           
00003249  T32_INT2_IRQHandler           
00003249  T32_INTC_IRQHandler           
00003249  TA0_0_IRQHandler              
00003249  TA0_N_IRQHandler              
00003249  TA1_0_IRQHandler              
00003249  TA1_N_IRQHandler              
00003249  TA2_0_IRQHandler              
00003249  TA2_N_IRQHandler              
00003249  TA3_0_IRQHandler              
00003249  TA3_N_IRQHandler              
00003249  UsageFault_Handler            
4000480c  WDTCTL_SYM                    
00003249  WDT_A_IRQHandler              
20010000  __STACK_END                   
00000200  __STACK_SIZE                  
000033c8  __TI_CINIT_Base               
000033d0  __TI_CINIT_Limit              
000033c0  __TI_Handler_Table_Base       
000033c8  __TI_Handler_Table_Limit      
0000306d  __TI_auto_init_nobinit_nopinit
00002e11  __TI_decompress_lzss          
0000322f  __TI_decompress_none          
ffffffff  __TI_pprof_out_hndl           
0000110d  __TI_printfi                  
ffffffff  __TI_prof_data_size           
ffffffff  __TI_prof_data_start          
00000000  __TI_static_base__            
00002c1d  __aeabi_cdcmpeq               
00002c1d  __aeabi_cdcmple               
00002ca3  __aeabi_cdrcmple              
00003025  __aeabi_d2iz                  
000022eb  __aeabi_dadd                  
000025d5  __aeabi_ddiv                  
0000293d  __aeabi_dmul                  
000022e1  __aeabi_dsub                  
00003255  __aeabi_errno_addr            
00003169  __aeabi_i2d                   
00001b6b  __aeabi_idiv0                 
00001b6b  __aeabi_ldiv0                 
00002d29  __aeabi_memclr                
00002d29  __aeabi_memclr4               
00002d29  __aeabi_memclr8               
00002aeb  __aeabi_memcpy                
00002aeb  __aeabi_memcpy4               
00002aeb  __aeabi_memcpy8               
00002d2b  __aeabi_memset                
00002d2b  __aeabi_memset4               
00002d2b  __aeabi_memset8               
00002b87  __aeabi_uldivmod              
ffffffff  __binit__                     
ffffffff  __c_args__                    
UNDEFED   __mpu_init                    
2000fe00  __stack                       
00003131  _c_int00_noargs               
00003264  _ctypes_                      
UNDEFED   _system_post_cinit            
0000325d  _system_pre_init              
00003261  abort                         
20000034  alarm                         
20000030  alarm_enable                  
20000050  alarm_hours                   
20000014  alarm_hr                      
20000018  alarm_min                     
20000042  alarm_minutes                 
2000001c  alarm_sec                     
2000003e  alarm_xm                      
00002fd9  atoi                          
ffffffff  binit                         
20000024  btndown_flag                  
20000020  btnup_flag                    
00000e67  commandWrite                  
000031e1  copysign                      
000031e1  copysignl                     
00000e91  dataWrite                     
00000c3d  debounce1                     
00000ca5  debounce2                     
00000e41  delay_micro                   
00000e05  delay_ms                      
20000044  errno                         
00002e79  frexp                         
00002e79  frexpl                        
20000053  hours                         
20000008  hr                            
00000d0d  init_LCD                      
000003b3  init_LEDs                     
000003fb  init_RTC                      
0000101d  init_Speaker                  
00000a95  init_Switches                 
00000397  init_SysTick                  
00001063  init_Timer32                  
00000441  init_adc                      
00000000  interruptVectors              
20000004  lcd_raw                       
0000282d  ldexp                         
0000282d  ldexpl                        
00002f33  ltoa                          
00000111  main                          
00003197  memccpy                       
00002aeb  memcpy                        
00002d31  memset                        
2000000c  min                           
20000056  minutes                       
00000ec9  pushByte                      
00000eff  pushNibble                    
0000282d  scalbn                        
0000282d  scalbnl                       
20000010  sec                           
20000059  seconds                       
00000899  set_alarm                     
2000002c  set_alarm_flag                
000006a9  set_time                      
20000028  set_time_flag                 
000030b1  sprintf                       
00000f99  start_Menu                    
000031cb  strchr                        
000031f5  strcpy                        
00003209  strlen                        
20000000  temperature_raw               
0000054d  update_time                   
0000321d  wcslen                        
00000f5d  write_String                  
2000004c  xm                            


GLOBAL SYMBOLS: SORTED BY Symbol Address 

address   name                          
-------   ----                          
00000000  __TI_static_base__            
00000000  interruptVectors              
00000111  main                          
00000200  __STACK_SIZE                  
00000397  init_SysTick                  
000003b3  init_LEDs                     
000003fb  init_RTC                      
00000441  init_adc                      
000004a5  ADC14_IRQHandler              
000004a5  ADC14_IRQHandler              
000004f5  RTC_C_IRQHandler              
000004f5  RTC_C_IRQHandler              
0000054d  update_time                   
000006a9  set_time                      
00000899  set_alarm                     
00000a95  init_Switches                 
00000bd5  PORT3_IRQHandler              
00000bd5  PORT3_IRQHandler              
00000c03  PORT4_IRQHandler              
00000c03  PORT4_IRQHandler              
00000c3d  debounce1                     
00000ca5  debounce2                     
00000d0d  init_LCD                      
00000e05  delay_ms                      
00000e41  delay_micro                   
00000e67  commandWrite                  
00000e91  dataWrite                     
00000ec9  pushByte                      
00000eff  pushNibble                    
00000f25  PulseEnablePin                
00000f5d  write_String                  
00000f99  start_Menu                    
0000101d  init_Speaker                  
00001063  init_Timer32                  
00001089  T32_INT1_IRQHandler           
00001089  T32_INT1_IRQHandler           
0000110d  __TI_printfi                  
00001b6b  __aeabi_idiv0                 
00001b6b  __aeabi_ldiv0                 
00001b6d  SystemCoreClockUpdate         
00001de5  SystemInit                    
000022e1  __aeabi_dsub                  
000022eb  __aeabi_dadd                  
000025d5  __aeabi_ddiv                  
0000282d  ldexp                         
0000282d  ldexpl                        
0000282d  scalbn                        
0000282d  scalbnl                       
0000293d  __aeabi_dmul                  
00002aeb  __aeabi_memcpy                
00002aeb  __aeabi_memcpy4               
00002aeb  __aeabi_memcpy8               
00002aeb  memcpy                        
00002b87  __aeabi_uldivmod              
00002c1d  __aeabi_cdcmpeq               
00002c1d  __aeabi_cdcmple               
00002ca3  __aeabi_cdrcmple              
00002d29  __aeabi_memclr                
00002d29  __aeabi_memclr4               
00002d29  __aeabi_memclr8               
00002d2b  __aeabi_memset                
00002d2b  __aeabi_memset4               
00002d2b  __aeabi_memset8               
00002d31  memset                        
00002e11  __TI_decompress_lzss          
00002e79  frexp                         
00002e79  frexpl                        
00002f33  ltoa                          
00002fd9  atoi                          
00003025  __aeabi_d2iz                  
0000306d  __TI_auto_init_nobinit_nopinit
000030b1  sprintf                       
00003131  _c_int00_noargs               
00003169  __aeabi_i2d                   
00003197  memccpy                       
000031cb  strchr                        
000031e1  copysign                      
000031e1  copysignl                     
000031f5  strcpy                        
00003209  strlen                        
0000321d  wcslen                        
0000322f  __TI_decompress_none          
0000323d  Reset_Handler                 
00003249  AES256_IRQHandler             
00003249  BusFault_Handler              
00003249  COMP_E0_IRQHandler            
00003249  COMP_E1_IRQHandler            
00003249  CS_IRQHandler                 
00003249  DMA_ERR_IRQHandler            
00003249  DMA_INT0_IRQHandler           
00003249  DMA_INT1_IRQHandler           
00003249  DMA_INT2_IRQHandler           
00003249  DMA_INT3_IRQHandler           
00003249  DebugMon_Handler              
00003249  Default_Handler               
00003249  EUSCIA0_IRQHandler            
00003249  EUSCIA1_IRQHandler            
00003249  EUSCIA2_IRQHandler            
00003249  EUSCIA3_IRQHandler            
00003249  EUSCIB0_IRQHandler            
00003249  EUSCIB1_IRQHandler            
00003249  EUSCIB2_IRQHandler            
00003249  EUSCIB3_IRQHandler            
00003249  FLCTL_IRQHandler              
00003249  FPU_IRQHandler                
00003249  HardFault_Handler             
00003249  MemManage_Handler             
00003249  NMI_Handler                   
00003249  PCM_IRQHandler                
00003249  PORT1_IRQHandler              
00003249  PORT2_IRQHandler              
00003249  PORT5_IRQHandler              
00003249  PORT6_IRQHandler              
00003249  PSS_IRQHandler                
00003249  PendSV_Handler                
00003249  SVC_Handler                   
00003249  SysTick_Handler               
00003249  T32_INT2_IRQHandler           
00003249  T32_INTC_IRQHandler           
00003249  TA0_0_IRQHandler              
00003249  TA0_N_IRQHandler              
00003249  TA1_0_IRQHandler              
00003249  TA1_N_IRQHandler              
00003249  TA2_0_IRQHandler              
00003249  TA2_N_IRQHandler              
00003249  TA3_0_IRQHandler              
00003249  TA3_N_IRQHandler              
00003249  UsageFault_Handler            
00003249  WDT_A_IRQHandler              
00003255  __aeabi_errno_addr            
0000325d  _system_pre_init              
00003261  C$$EXIT                       
00003261  abort                         
00003264  _ctypes_                      
000033c0  __TI_Handler_Table_Base       
000033c8  __TI_CINIT_Base               
000033c8  __TI_Handler_Table_Limit      
000033d0  __TI_CINIT_Limit              
20000000  temperature_raw               
20000004  lcd_raw                       
20000008  hr                            
2000000c  min                           
20000010  sec                           
20000014  alarm_hr                      
20000018  alarm_min                     
2000001c  alarm_sec                     
20000020  btnup_flag                    
20000024  btndown_flag                  
20000028  set_time_flag                 
2000002c  set_alarm_flag                
20000030  alarm_enable                  
20000034  alarm                         
2000003e  alarm_xm                      
20000042  alarm_minutes                 
20000044  errno                         
20000048  SystemCoreClock               
2000004c  xm                            
20000050  alarm_hours                   
20000053  hours                         
20000056  minutes                       
20000059  seconds                       
2000fe00  __stack                       
20010000  __STACK_END                   
4000480c  WDTCTL_SYM                    
ffffffff  __TI_pprof_out_hndl           
ffffffff  __TI_prof_data_size           
ffffffff  __TI_prof_data_start          
ffffffff  __binit__                     
ffffffff  __c_args__                    
ffffffff  binit                         
UNDEFED   __mpu_init                    
UNDEFED   _system_post_cinit            

[172 symbols]
