******************************************************************************
                  TI ARM Linker Unix v18.1.3                   
******************************************************************************
>> Linked Tue Dec  4 23:04:58 2018

OUTPUT FILE NAME:   <FinalProject.out>
ENTRY POINT SYMBOL: "_c_int00_noargs"  address: 000033a1


MEMORY CONFIGURATION

         name            origin    length      used     unused   attr    fill
----------------------  --------  ---------  --------  --------  ----  --------
  MAIN                  00000000   00040000  0000367c  0003c984  R  X
  INFO                  00200000   00004000  00000000  00004000  R  X
  SRAM_CODE             01000000   00010000  0000025c  0000fda4  RW X
  SRAM_DATA             20000000   00010000  0000025c  0000fda4  RW  


SEGMENT ALLOCATION MAP

run origin  load origin   length   init length attrs members
----------  ----------- ---------- ----------- ----- -------
00000000    00000000    00003680   00003680    r-x
  00000000    00000000    000000e4   000000e4    r-- .intvecs
  000000e4    000000e4    00003428   00003428    r-x .text
  0000350c    0000350c    00000130   00000130    r-- .const
  00003640    00003640    00000040   00000040    r-- .cinit
20000000    20000000    0000005c   00000000    rw-
  20000000    20000000    0000005c   00000000    rw- .data
2000fe00    2000fe00    00000200   00000000    rw-
  2000fe00    2000fe00    00000200   00000000    rw- .stack


SECTION ALLOCATION MAP

 output                                  attributes/
section   page    origin      length       input sections
--------  ----  ----------  ----------   ----------------
.intvecs   0    00000000    000000e4     
                  00000000    000000e4     startup_msp432p401r_ccs.obj (.intvecs:retain)

.text      0    000000e4    00003428     
                  000000e4    00001228     main.obj (.text)
                  0000130c    00000a5e     rtsv7M4_T_le_v4SPD16_eabi.lib : _printfi.c.obj (.text:__TI_printfi)
                  00001d6a    00000002                                   : div0.asm.obj (.text)
                  00001d6c    00000334     system_msp432p401r.obj (.text)
                  000020a0    00000270     rtsv7M4_T_le_v4SPD16_eabi.lib : _printfi.c.obj (.text:_pconv_a)
                  00002310    000001d0                                   : _printfi.c.obj (.text:_pconv_g)
                  000024e0    000001b6                                   : fd_add_t2.asm.obj (.text)
                  00002696    00000002     --HOLE-- [fill = 0]
                  00002698    0000013c                                   : _printfi.c.obj (.text:_pconv_e)
                  000027d4    00000136                                   : fd_div_t2.asm.obj (.text)
                  0000290a    00000002     --HOLE-- [fill = 0]
                  0000290c    00000120                                   : _printfi.c.obj (.text:fcvt)
                  00002a2c    00000110                                   : s_scalbn.c.obj (.text:scalbn)
                  00002b3c    000000fc                                   : fd_mul_t2.asm.obj (.text)
                  00002c38    000000b1                                   : _printfi.c.obj (.text:_ltostr)
                  00002ce9    00000001     --HOLE-- [fill = 0]
                  00002cea    0000009c                                   : memcpy_t2.asm.obj (.text)
                  00002d86    00000096                                   : ull_div_t2.asm.obj (.text)
                  00002e1c    00000086                                   : fd_cmp_t2.asm.obj (.text:__aeabi_cdcmple)
                  00002ea2    00000086                                   : fd_cmp_t2.asm.obj (.text:__aeabi_cdrcmple)
                  00002f28    0000007a                                   : memset_t2.asm.obj (.text)
                  00002fa2    0000006e                                   : _printfi.c.obj (.text:_mcpy)
                  00003010    0000006e                                   : fd_tos_t2.asm.obj (.text)
                  0000307e    00000068                                   : copy_decompress_lzss.c.obj (.text:decompress:lzss:__TI_decompress_lzss)
                  000030e6    00000002     --HOLE-- [fill = 0]
                  000030e8    00000064                                   : s_frexp.c.obj (.text:frexp)
                  0000314c    00000056                                   : _printfi.c.obj (.text:_pconv_f)
                  000031a2    00000054                                   : ltoa.c.obj (.text:ltoa)
                  000031f6    00000052                                   : _printfi.c.obj (.text:_ecpy)
                  00003248    0000004c                                   : atoi.c.obj (.text:atoi)
                  00003294    00000048                                   : fd_toi_t2.asm.obj (.text)
                  000032dc    00000044                                   : autoinit.c.obj (.text:__TI_auto_init_nobinit_nopinit:__TI_auto_init_nobinit_nopinit)
                  00003320    00000040                                   : sprintf.c.obj (.text:sprintf)
                  00003360    0000003e                                   : _printfi.c.obj (.text:_fcpy)
                  0000339e    00000002     --HOLE-- [fill = 0]
                  000033a0    00000038                                   : boot_cortex_m.c.obj (.text:_c_int00_noargs:_c_int00_noargs)
                  000033d8    00000038                                   : fs_tod_t2.asm.obj (.text)
                  00003410    0000002e                                   : i_tofd_t2.asm.obj (.text)
                  0000343e    0000001c                                   : memccpy.c.obj (.text:memccpy)
                  0000345a    00000018                                   : sprintf.c.obj (.text:_outs)
                  00003472    00000016                                   : strchr.c.obj (.text:strchr)
                  00003488    00000014                                   : s_copysign.c.obj (.text:copysign)
                  0000349c    00000014                                   : strcpy.c.obj (.text:strcpy)
                  000034b0    00000014                                   : strlen.c.obj (.text:strlen)
                  000034c4    00000012                                   : wcslen.c.obj (.text:wcslen)
                  000034d6    0000000e                                   : copy_decompress_none.c.obj (.text:decompress:none:__TI_decompress_none)
                  000034e4    0000000e     startup_msp432p401r_ccs.obj (.text)
                  000034f2    0000000a     rtsv7M4_T_le_v4SPD16_eabi.lib : sprintf.c.obj (.text:_outc)
                  000034fc    00000008                                   : errno.c.obj (.text:__aeabi_errno_addr)
                  00003504    00000004                                   : pre_init.c.obj (.text:_system_pre_init)
                  00003508    00000004                                   : exit.c.obj (.text:abort:abort)

.const     0    0000350c    00000130     
                  0000350c    00000101     rtsv7M4_T_le_v4SPD16_eabi.lib : ctype.c.obj (.const:.string:_ctypes_)
                  0000360d    0000000c     main.obj (.const:.string:$P$T3$4)
                  00003619    0000000a     main.obj (.const:.string:$P$T4$5)
                  00003623    00000009     main.obj (.const:.string:$P$T5$6)
                  0000362c    00000007     main.obj (.const:.string:$P$T6$7)
                  00003633    00000005     main.obj (.const:.string:$P$T0$1)
                  00003638    00000002     main.obj (.const:.string:$P$T1$2)
                  0000363a    00000002     main.obj (.const:.string:$P$T2$3)

.cinit     0    00003640    00000040     
                  00003640    0000002e     (.cinit..data.load) [load image, compression = lzss]
                  0000366e    00000002     --HOLE-- [fill = 0]
                  00003670    00000008     (__TI_handler_table)
                  00003678    00000008     (__TI_cinit_table)

.init_array 
*          0    00000000    00000000     UNINITIALIZED

.binit     0    00000000    00000000     

.data      0    20000000    0000005c     UNINITIALIZED
                  20000000    00000034     main.obj (.data)
                  20000034    0000000a     main.obj (.data:alarm)
                  2000003e    00000004     main.obj (.data:alarm_xm)
                  20000042    00000002     main.obj (.data:alarm_minutes)
                  20000044    00000004     rtsv7M4_T_le_v4SPD16_eabi.lib : errno.c.obj (.data)
                  20000048    00000004     system_msp432p401r.obj (.data)
                  2000004c    00000004     main.obj (.data:xm)
                  20000050    00000003     main.obj (.data:alarm_hours)
                  20000053    00000003     main.obj (.data:hours)
                  20000056    00000003     main.obj (.data:minutes)
                  20000059    00000003     main.obj (.data:seconds)

.stack     0    2000fe00    00000200     UNINITIALIZED
                  2000fe00    00000004     rtsv7M4_T_le_v4SPD16_eabi.lib : boot_cortex_m.c.obj (.stack)
                  2000fe04    000001fc     --HOLE--

MODULE SUMMARY

       Module                        code    ro data   rw data
       ------                        ----    -------   -------
    ./
       main.obj                      4648    47        168    
       system_msp432p401r.obj        820     0         8      
       startup_msp432p401r_ccs.obj   14      228       0      
    +--+-----------------------------+-------+---------+---------+
       Total:                        5482    275       176    
                                                              
    /Applications/ti/ccsv8/tools/compiler/ti-cgt-arm_18.1.3.LTS/lib/rtsv7M4_T_le_v4SPD16_eabi.lib
       _printfi.c.obj                4863    0         0      
       fd_add_t2.asm.obj             438     0         0      
       fd_div_t2.asm.obj             310     0         0      
       s_scalbn.c.obj                272     0         0      
       fd_cmp_t2.asm.obj             268     0         0      
       ctype.c.obj                   0       257       0      
       fd_mul_t2.asm.obj             252     0         0      
       memcpy_t2.asm.obj             156     0         0      
       ull_div_t2.asm.obj            150     0         0      
       memset_t2.asm.obj             122     0         0      
       fd_tos_t2.asm.obj             110     0         0      
       copy_decompress_lzss.c.obj    104     0         0      
       s_frexp.c.obj                 100     0         0      
       sprintf.c.obj                 98      0         0      
       ltoa.c.obj                    84      0         0      
       atoi.c.obj                    76      0         0      
       fd_toi_t2.asm.obj             72      0         0      
       autoinit.c.obj                68      0         0      
       boot_cortex_m.c.obj           56      0         0      
       fs_tod_t2.asm.obj             56      0         0      
       i_tofd_t2.asm.obj             46      0         0      
       memccpy.c.obj                 28      0         0      
       strchr.c.obj                  22      0         0      
       s_copysign.c.obj              20      0         0      
       strcpy.c.obj                  20      0         0      
       strlen.c.obj                  20      0         0      
       wcslen.c.obj                  18      0         0      
       errno.c.obj                   8       0         8      
       copy_decompress_none.c.obj    14      0         0      
       exit.c.obj                    4       0         0      
       pre_init.c.obj                4       0         0      
       div0.asm.obj                  2       0         0      
    +--+-----------------------------+-------+---------+---------+
       Total:                        7861    257       8      
                                                              
       Stack:                        0       0         1024   
       Linker Generated:             0       62        0      
    +--+-----------------------------+-------+---------+---------+
       Grand Total:                  13343   594       1208   


LINKER GENERATED COPY TABLES

__TI_cinit_table @ 00003678 records: 1, size/record: 8, table size: 8
	.data: load addr=00003640, load size=0000002e bytes, run addr=20000000, run size=0000005c bytes, compression=lzss


LINKER GENERATED HANDLER TABLE

__TI_handler_table @ 00003670 records: 2, size/record: 4, table size: 8
	index: 0, handler: __TI_decompress_lzss
	index: 1, handler: __TI_decompress_none


GLOBAL SYMBOLS: SORTED ALPHABETICALLY BY Name 

address   name                          
-------   ----                          
00000679  ADC14_IRQHandler              
00000679  ADC14_IRQHandler              
000034f1  AES256_IRQHandler             
000034f1  BusFault_Handler              
00003509  C$$EXIT                       
000034f1  COMP_E0_IRQHandler            
000034f1  COMP_E1_IRQHandler            
000034f1  CS_IRQHandler                 
000034f1  DMA_ERR_IRQHandler            
000034f1  DMA_INT0_IRQHandler           
000034f1  DMA_INT1_IRQHandler           
000034f1  DMA_INT2_IRQHandler           
000034f1  DMA_INT3_IRQHandler           
000034f1  DebugMon_Handler              
000034f1  Default_Handler               
000034f1  EUSCIA0_IRQHandler            
000034f1  EUSCIA1_IRQHandler            
000034f1  EUSCIA2_IRQHandler            
000034f1  EUSCIA3_IRQHandler            
000034f1  EUSCIB0_IRQHandler            
000034f1  EUSCIB1_IRQHandler            
000034f1  EUSCIB2_IRQHandler            
000034f1  EUSCIB3_IRQHandler            
000034f1  FLCTL_IRQHandler              
000034f1  FPU_IRQHandler                
000034f1  HardFault_Handler             
000034f1  MemManage_Handler             
000034f1  NMI_Handler                   
000034f1  PCM_IRQHandler                
000034f1  PORT1_IRQHandler              
000034f1  PORT2_IRQHandler              
00000dd1  PORT3_IRQHandler              
00000dd1  PORT3_IRQHandler              
00000dff  PORT4_IRQHandler              
00000dff  PORT4_IRQHandler              
000034f1  PORT5_IRQHandler              
000034f1  PORT6_IRQHandler              
000034f1  PSS_IRQHandler                
000034f1  PendSV_Handler                
0000111d  PulseEnablePin                
000006ad  RTC_C_IRQHandler              
000006ad  RTC_C_IRQHandler              
000034e5  Reset_Handler                 
000034f1  SVC_Handler                   
000034f1  SysTick_Handler               
20000048  SystemCoreClock               
00001d6d  SystemCoreClockUpdate         
00001fe5  SystemInit                    
00001285  T32_INT1_IRQHandler           
00001285  T32_INT1_IRQHandler           
000034f1  T32_INT2_IRQHandler           
000034f1  T32_INTC_IRQHandler           
000034f1  TA0_0_IRQHandler              
000034f1  TA0_N_IRQHandler              
000034f1  TA1_0_IRQHandler              
000034f1  TA1_N_IRQHandler              
000034f1  TA2_0_IRQHandler              
000034f1  TA2_N_IRQHandler              
000034f1  TA3_0_IRQHandler              
000034f1  TA3_N_IRQHandler              
000034f1  UsageFault_Handler            
4000480c  WDTCTL_SYM                    
000034f1  WDT_A_IRQHandler              
20010000  __STACK_END                   
00000200  __STACK_SIZE                  
00003678  __TI_CINIT_Base               
00003680  __TI_CINIT_Limit              
00003670  __TI_Handler_Table_Base       
00003678  __TI_Handler_Table_Limit      
000032dd  __TI_auto_init_nobinit_nopinit
0000307f  __TI_decompress_lzss          
000034d7  __TI_decompress_none          
ffffffff  __TI_pprof_out_hndl           
0000130d  __TI_printfi                  
ffffffff  __TI_prof_data_size           
ffffffff  __TI_prof_data_start          
00000000  __TI_static_base__            
00002e1d  __aeabi_cdcmpeq               
00002e1d  __aeabi_cdcmple               
00002ea3  __aeabi_cdrcmple              
00003011  __aeabi_d2f                   
00003295  __aeabi_d2iz                  
000024eb  __aeabi_dadd                  
000027d5  __aeabi_ddiv                  
00002b3d  __aeabi_dmul                  
000024e1  __aeabi_dsub                  
000034fd  __aeabi_errno_addr            
000033d9  __aeabi_f2d                   
00003411  __aeabi_i2d                   
00001d6b  __aeabi_idiv0                 
00001d6b  __aeabi_ldiv0                 
00002f29  __aeabi_memclr                
00002f29  __aeabi_memclr4               
00002f29  __aeabi_memclr8               
00002ceb  __aeabi_memcpy                
00002ceb  __aeabi_memcpy4               
00002ceb  __aeabi_memcpy8               
00002f2b  __aeabi_memset                
00002f2b  __aeabi_memset4               
00002f2b  __aeabi_memset8               
00002d87  __aeabi_uldivmod              
ffffffff  __binit__                     
ffffffff  __c_args__                    
UNDEFED   __mpu_init                    
2000fe00  __stack                       
000033a1  _c_int00_noargs               
0000350c  _ctypes_                      
UNDEFED   _system_post_cinit            
00003505  _system_pre_init              
00003509  abort                         
20000034  alarm                         
20000030  alarm_enable                  
20000050  alarm_hours                   
20000014  alarm_hr                      
20000018  alarm_min                     
20000042  alarm_minutes                 
2000001c  alarm_sec                     
2000003e  alarm_xm                      
00003249  atoi                          
ffffffff  binit                         
20000024  btndown_flag                  
20000020  btnup_flag                    
0000105f  commandWrite                  
00003489  copysign                      
00003489  copysignl                     
00001089  dataWrite                     
00000e39  debounce1                     
00000e91  debounce2                     
00001039  delay_micro                   
00000ff9  delay_ms                      
20000044  errno                         
000030e9  frexp                         
000030e9  frexpl                        
20000053  hours                         
20000008  hr                            
00000ef9  init_LCD                      
00000589  init_LEDs                     
000005dd  init_RTC                      
00001215  init_Speaker                  
00000c91  init_Switches                 
00000561  init_SysTick                  
0000125b  init_Timer32                  
00000627  init_adc                      
00000000  interruptVectors              
20000004  lcd_raw                       
00002a2d  ldexp                         
00002a2d  ldexpl                        
000031a3  ltoa                          
00000111  main                          
0000343f  memccpy                       
00002ceb  memcpy                        
00002f31  memset                        
2000000c  min                           
20000056  minutes                       
000010c1  pushByte                      
000010f7  pushNibble                    
00002a2d  scalbn                        
00002a2d  scalbnl                       
20000010  sec                           
20000059  seconds                       
00000a7d  set_alarm                     
2000002c  set_alarm_flag                
0000052d  set_lcd_brightness            
000008a1  set_time                      
20000028  set_time_flag                 
00003321  sprintf                       
00001191  start_Menu                    
00003473  strchr                        
0000349d  strcpy                        
000034b1  strlen                        
20000000  temperature_raw               
00000459  update_alarm_lcd              
000003c7  update_temperature            
00000719  update_time                   
000034c5  wcslen                        
00001155  write_String                  
2000004c  xm                            


GLOBAL SYMBOLS: SORTED BY Symbol Address 

address   name                          
-------   ----                          
00000000  __TI_static_base__            
00000000  interruptVectors              
00000111  main                          
00000200  __STACK_SIZE                  
000003c7  update_temperature            
00000459  update_alarm_lcd              
0000052d  set_lcd_brightness            
00000561  init_SysTick                  
00000589  init_LEDs                     
000005dd  init_RTC                      
00000627  init_adc                      
00000679  ADC14_IRQHandler              
00000679  ADC14_IRQHandler              
000006ad  RTC_C_IRQHandler              
000006ad  RTC_C_IRQHandler              
00000719  update_time                   
000008a1  set_time                      
00000a7d  set_alarm                     
00000c91  init_Switches                 
00000dd1  PORT3_IRQHandler              
00000dd1  PORT3_IRQHandler              
00000dff  PORT4_IRQHandler              
00000dff  PORT4_IRQHandler              
00000e39  debounce1                     
00000e91  debounce2                     
00000ef9  init_LCD                      
00000ff9  delay_ms                      
00001039  delay_micro                   
0000105f  commandWrite                  
00001089  dataWrite                     
000010c1  pushByte                      
000010f7  pushNibble                    
0000111d  PulseEnablePin                
00001155  write_String                  
00001191  start_Menu                    
00001215  init_Speaker                  
0000125b  init_Timer32                  
00001285  T32_INT1_IRQHandler           
00001285  T32_INT1_IRQHandler           
0000130d  __TI_printfi                  
00001d6b  __aeabi_idiv0                 
00001d6b  __aeabi_ldiv0                 
00001d6d  SystemCoreClockUpdate         
00001fe5  SystemInit                    
000024e1  __aeabi_dsub                  
000024eb  __aeabi_dadd                  
000027d5  __aeabi_ddiv                  
00002a2d  ldexp                         
00002a2d  ldexpl                        
00002a2d  scalbn                        
00002a2d  scalbnl                       
00002b3d  __aeabi_dmul                  
00002ceb  __aeabi_memcpy                
00002ceb  __aeabi_memcpy4               
00002ceb  __aeabi_memcpy8               
00002ceb  memcpy                        
00002d87  __aeabi_uldivmod              
00002e1d  __aeabi_cdcmpeq               
00002e1d  __aeabi_cdcmple               
00002ea3  __aeabi_cdrcmple              
00002f29  __aeabi_memclr                
00002f29  __aeabi_memclr4               
00002f29  __aeabi_memclr8               
00002f2b  __aeabi_memset                
00002f2b  __aeabi_memset4               
00002f2b  __aeabi_memset8               
00002f31  memset                        
00003011  __aeabi_d2f                   
0000307f  __TI_decompress_lzss          
000030e9  frexp                         
000030e9  frexpl                        
000031a3  ltoa                          
00003249  atoi                          
00003295  __aeabi_d2iz                  
000032dd  __TI_auto_init_nobinit_nopinit
00003321  sprintf                       
000033a1  _c_int00_noargs               
000033d9  __aeabi_f2d                   
00003411  __aeabi_i2d                   
0000343f  memccpy                       
00003473  strchr                        
00003489  copysign                      
00003489  copysignl                     
0000349d  strcpy                        
000034b1  strlen                        
000034c5  wcslen                        
000034d7  __TI_decompress_none          
000034e5  Reset_Handler                 
000034f1  AES256_IRQHandler             
000034f1  BusFault_Handler              
000034f1  COMP_E0_IRQHandler            
000034f1  COMP_E1_IRQHandler            
000034f1  CS_IRQHandler                 
000034f1  DMA_ERR_IRQHandler            
000034f1  DMA_INT0_IRQHandler           
000034f1  DMA_INT1_IRQHandler           
000034f1  DMA_INT2_IRQHandler           
000034f1  DMA_INT3_IRQHandler           
000034f1  DebugMon_Handler              
000034f1  Default_Handler               
000034f1  EUSCIA0_IRQHandler            
000034f1  EUSCIA1_IRQHandler            
000034f1  EUSCIA2_IRQHandler            
000034f1  EUSCIA3_IRQHandler            
000034f1  EUSCIB0_IRQHandler            
000034f1  EUSCIB1_IRQHandler            
000034f1  EUSCIB2_IRQHandler            
000034f1  EUSCIB3_IRQHandler            
000034f1  FLCTL_IRQHandler              
000034f1  FPU_IRQHandler                
000034f1  HardFault_Handler             
000034f1  MemManage_Handler             
000034f1  NMI_Handler                   
000034f1  PCM_IRQHandler                
000034f1  PORT1_IRQHandler              
000034f1  PORT2_IRQHandler              
000034f1  PORT5_IRQHandler              
000034f1  PORT6_IRQHandler              
000034f1  PSS_IRQHandler                
000034f1  PendSV_Handler                
000034f1  SVC_Handler                   
000034f1  SysTick_Handler               
000034f1  T32_INT2_IRQHandler           
000034f1  T32_INTC_IRQHandler           
000034f1  TA0_0_IRQHandler              
000034f1  TA0_N_IRQHandler              
000034f1  TA1_0_IRQHandler              
000034f1  TA1_N_IRQHandler              
000034f1  TA2_0_IRQHandler              
000034f1  TA2_N_IRQHandler              
000034f1  TA3_0_IRQHandler              
000034f1  TA3_N_IRQHandler              
000034f1  UsageFault_Handler            
000034f1  WDT_A_IRQHandler              
000034fd  __aeabi_errno_addr            
00003505  _system_pre_init              
00003509  C$$EXIT                       
00003509  abort                         
0000350c  _ctypes_                      
00003670  __TI_Handler_Table_Base       
00003678  __TI_CINIT_Base               
00003678  __TI_Handler_Table_Limit      
00003680  __TI_CINIT_Limit              
20000000  temperature_raw               
20000004  lcd_raw                       
20000008  hr                            
2000000c  min                           
20000010  sec                           
20000014  alarm_hr                      
20000018  alarm_min                     
2000001c  alarm_sec                     
20000020  btnup_flag                    
20000024  btndown_flag                  
20000028  set_time_flag                 
2000002c  set_alarm_flag                
20000030  alarm_enable                  
20000034  alarm                         
2000003e  alarm_xm                      
20000042  alarm_minutes                 
20000044  errno                         
20000048  SystemCoreClock               
2000004c  xm                            
20000050  alarm_hours                   
20000053  hours                         
20000056  minutes                       
20000059  seconds                       
2000fe00  __stack                       
20010000  __STACK_END                   
4000480c  WDTCTL_SYM                    
ffffffff  __TI_pprof_out_hndl           
ffffffff  __TI_prof_data_size           
ffffffff  __TI_prof_data_start          
ffffffff  __binit__                     
ffffffff  __c_args__                    
ffffffff  binit                         
UNDEFED   __mpu_init                    
UNDEFED   _system_post_cinit            

[177 symbols]
