******************************************************************************
                  TI ARM Linker Unix v18.1.3                   
******************************************************************************
>> Linked Wed Dec  5 15:52:15 2018

OUTPUT FILE NAME:   <FinalProject.out>
ENTRY POINT SYMBOL: "_c_int00_noargs"  address: 000034c9


MEMORY CONFIGURATION

         name            origin    length      used     unused   attr    fill
----------------------  --------  ---------  --------  --------  ----  --------
  MAIN                  00000000   00040000  000037a4  0003c85c  R  X
  INFO                  00200000   00004000  00000000  00004000  R  X
  SRAM_CODE             01000000   00010000  00000260  0000fda0  RW X
  SRAM_DATA             20000000   00010000  00000260  0000fda0  RW  


SEGMENT ALLOCATION MAP

run origin  load origin   length   init length attrs members
----------  ----------- ---------- ----------- ----- -------
00000000    00000000    000037a8   000037a8    r-x
  00000000    00000000    000000e4   000000e4    r-- .intvecs
  000000e4    000000e4    00003550   00003550    r-x .text
  00003634    00003634    00000130   00000130    r-- .const
  00003768    00003768    00000040   00000040    r-- .cinit
20000000    20000000    00000060   00000000    rw-
  20000000    20000000    00000060   00000000    rw- .data
2000fe00    2000fe00    00000200   00000000    rw-
  2000fe00    2000fe00    00000200   00000000    rw- .stack


SECTION ALLOCATION MAP

 output                                  attributes/
section   page    origin      length       input sections
--------  ----  ----------  ----------   ----------------
.intvecs   0    00000000    000000e4     
                  00000000    000000e4     startup_msp432p401r_ccs.obj (.intvecs:retain)

.text      0    000000e4    00003550     
                  000000e4    00001350     main.obj (.text)
                  00001434    00000a5e     rtsv7M4_T_le_v4SPD16_eabi.lib : _printfi.c.obj (.text:__TI_printfi)
                  00001e92    00000002                                   : div0.asm.obj (.text)
                  00001e94    00000334     system_msp432p401r.obj (.text)
                  000021c8    00000270     rtsv7M4_T_le_v4SPD16_eabi.lib : _printfi.c.obj (.text:_pconv_a)
                  00002438    000001d0                                   : _printfi.c.obj (.text:_pconv_g)
                  00002608    000001b6                                   : fd_add_t2.asm.obj (.text)
                  000027be    00000002     --HOLE-- [fill = 0]
                  000027c0    0000013c                                   : _printfi.c.obj (.text:_pconv_e)
                  000028fc    00000136                                   : fd_div_t2.asm.obj (.text)
                  00002a32    00000002     --HOLE-- [fill = 0]
                  00002a34    00000120                                   : _printfi.c.obj (.text:fcvt)
                  00002b54    00000110                                   : s_scalbn.c.obj (.text:scalbn)
                  00002c64    000000fc                                   : fd_mul_t2.asm.obj (.text)
                  00002d60    000000b1                                   : _printfi.c.obj (.text:_ltostr)
                  00002e11    00000001     --HOLE-- [fill = 0]
                  00002e12    0000009c                                   : memcpy_t2.asm.obj (.text)
                  00002eae    00000096                                   : ull_div_t2.asm.obj (.text)
                  00002f44    00000086                                   : fd_cmp_t2.asm.obj (.text:__aeabi_cdcmple)
                  00002fca    00000086                                   : fd_cmp_t2.asm.obj (.text:__aeabi_cdrcmple)
                  00003050    0000007a                                   : memset_t2.asm.obj (.text)
                  000030ca    0000006e                                   : _printfi.c.obj (.text:_mcpy)
                  00003138    0000006e                                   : fd_tos_t2.asm.obj (.text)
                  000031a6    00000068                                   : copy_decompress_lzss.c.obj (.text:decompress:lzss:__TI_decompress_lzss)
                  0000320e    00000002     --HOLE-- [fill = 0]
                  00003210    00000064                                   : s_frexp.c.obj (.text:frexp)
                  00003274    00000056                                   : _printfi.c.obj (.text:_pconv_f)
                  000032ca    00000054                                   : ltoa.c.obj (.text:ltoa)
                  0000331e    00000052                                   : _printfi.c.obj (.text:_ecpy)
                  00003370    0000004c                                   : atoi.c.obj (.text:atoi)
                  000033bc    00000048                                   : fd_toi_t2.asm.obj (.text)
                  00003404    00000044                                   : autoinit.c.obj (.text:__TI_auto_init_nobinit_nopinit:__TI_auto_init_nobinit_nopinit)
                  00003448    00000040                                   : sprintf.c.obj (.text:sprintf)
                  00003488    0000003e                                   : _printfi.c.obj (.text:_fcpy)
                  000034c6    00000002     --HOLE-- [fill = 0]
                  000034c8    00000038                                   : boot_cortex_m.c.obj (.text:_c_int00_noargs:_c_int00_noargs)
                  00003500    00000038                                   : fs_tod_t2.asm.obj (.text)
                  00003538    0000002e                                   : i_tofd_t2.asm.obj (.text)
                  00003566    0000001c                                   : memccpy.c.obj (.text:memccpy)
                  00003582    00000018                                   : sprintf.c.obj (.text:_outs)
                  0000359a    00000016                                   : strchr.c.obj (.text:strchr)
                  000035b0    00000014                                   : s_copysign.c.obj (.text:copysign)
                  000035c4    00000014                                   : strcpy.c.obj (.text:strcpy)
                  000035d8    00000014                                   : strlen.c.obj (.text:strlen)
                  000035ec    00000012                                   : wcslen.c.obj (.text:wcslen)
                  000035fe    0000000e                                   : copy_decompress_none.c.obj (.text:decompress:none:__TI_decompress_none)
                  0000360c    0000000e     startup_msp432p401r_ccs.obj (.text)
                  0000361a    0000000a     rtsv7M4_T_le_v4SPD16_eabi.lib : sprintf.c.obj (.text:_outc)
                  00003624    00000008                                   : errno.c.obj (.text:__aeabi_errno_addr)
                  0000362c    00000004                                   : pre_init.c.obj (.text:_system_pre_init)
                  00003630    00000004                                   : exit.c.obj (.text:abort:abort)

.const     0    00003634    00000130     
                  00003634    00000101     rtsv7M4_T_le_v4SPD16_eabi.lib : ctype.c.obj (.const:.string:_ctypes_)
                  00003735    0000000c     main.obj (.const:.string:$P$T3$4)
                  00003741    0000000a     main.obj (.const:.string:$P$T4$5)
                  0000374b    00000009     main.obj (.const:.string:$P$T5$6)
                  00003754    00000007     main.obj (.const:.string:$P$T6$7)
                  0000375b    00000005     main.obj (.const:.string:$P$T0$1)
                  00003760    00000002     main.obj (.const:.string:$P$T1$2)
                  00003762    00000002     main.obj (.const:.string:$P$T2$3)

.cinit     0    00003768    00000040     
                  00003768    0000002e     (.cinit..data.load) [load image, compression = lzss]
                  00003796    00000002     --HOLE-- [fill = 0]
                  00003798    00000008     (__TI_handler_table)
                  000037a0    00000008     (__TI_cinit_table)

.init_array 
*          0    00000000    00000000     UNINITIALIZED

.binit     0    00000000    00000000     

.data      0    20000000    00000060     UNINITIALIZED
                  20000000    00000038     main.obj (.data)
                  20000038    0000000a     main.obj (.data:alarm)
                  20000042    00000004     main.obj (.data:alarm_xm)
                  20000046    00000002     main.obj (.data:alarm_minutes)
                  20000048    00000004     rtsv7M4_T_le_v4SPD16_eabi.lib : errno.c.obj (.data)
                  2000004c    00000004     system_msp432p401r.obj (.data)
                  20000050    00000004     main.obj (.data:xm)
                  20000054    00000003     main.obj (.data:alarm_hours)
                  20000057    00000003     main.obj (.data:hours)
                  2000005a    00000003     main.obj (.data:minutes)
                  2000005d    00000003     main.obj (.data:seconds)

.stack     0    2000fe00    00000200     UNINITIALIZED
                  2000fe00    00000004     rtsv7M4_T_le_v4SPD16_eabi.lib : boot_cortex_m.c.obj (.stack)
                  2000fe04    000001fc     --HOLE--

MODULE SUMMARY

       Module                        code    ro data   rw data
       ------                        ----    -------   -------
    ./
       main.obj                      4944    47        176    
       system_msp432p401r.obj        820     0         8      
       startup_msp432p401r_ccs.obj   14      228       0      
    +--+-----------------------------+-------+---------+---------+
       Total:                        5778    275       184    
                                                              
    /Applications/ti/ccsv8/tools/compiler/ti-cgt-arm_18.1.3.LTS/lib/rtsv7M4_T_le_v4SPD16_eabi.lib
       _printfi.c.obj                4863    0         0      
       fd_add_t2.asm.obj             438     0         0      
       fd_div_t2.asm.obj             310     0         0      
       s_scalbn.c.obj                272     0         0      
       fd_cmp_t2.asm.obj             268     0         0      
       ctype.c.obj                   0       257       0      
       fd_mul_t2.asm.obj             252     0         0      
       memcpy_t2.asm.obj             156     0         0      
       ull_div_t2.asm.obj            150     0         0      
       memset_t2.asm.obj             122     0         0      
       fd_tos_t2.asm.obj             110     0         0      
       copy_decompress_lzss.c.obj    104     0         0      
       s_frexp.c.obj                 100     0         0      
       sprintf.c.obj                 98      0         0      
       ltoa.c.obj                    84      0         0      
       atoi.c.obj                    76      0         0      
       fd_toi_t2.asm.obj             72      0         0      
       autoinit.c.obj                68      0         0      
       boot_cortex_m.c.obj           56      0         0      
       fs_tod_t2.asm.obj             56      0         0      
       i_tofd_t2.asm.obj             46      0         0      
       memccpy.c.obj                 28      0         0      
       strchr.c.obj                  22      0         0      
       s_copysign.c.obj              20      0         0      
       strcpy.c.obj                  20      0         0      
       strlen.c.obj                  20      0         0      
       wcslen.c.obj                  18      0         0      
       errno.c.obj                   8       0         8      
       copy_decompress_none.c.obj    14      0         0      
       exit.c.obj                    4       0         0      
       pre_init.c.obj                4       0         0      
       div0.asm.obj                  2       0         0      
    +--+-----------------------------+-------+---------+---------+
       Total:                        7861    257       8      
                                                              
       Stack:                        0       0         1024   
       Linker Generated:             0       62        0      
    +--+-----------------------------+-------+---------+---------+
       Grand Total:                  13639   594       1216   


LINKER GENERATED COPY TABLES

__TI_cinit_table @ 000037a0 records: 1, size/record: 8, table size: 8
	.data: load addr=00003768, load size=0000002e bytes, run addr=20000000, run size=00000060 bytes, compression=lzss


LINKER GENERATED HANDLER TABLE

__TI_handler_table @ 00003798 records: 2, size/record: 4, table size: 8
	index: 0, handler: __TI_decompress_lzss
	index: 1, handler: __TI_decompress_none


GLOBAL SYMBOLS: SORTED ALPHABETICALLY BY Name 

address   name                          
-------   ----                          
000006c5  ADC14_IRQHandler              
000006c5  ADC14_IRQHandler              
00003619  AES256_IRQHandler             
00003619  BusFault_Handler              
00003631  C$$EXIT                       
00003619  COMP_E0_IRQHandler            
00003619  COMP_E1_IRQHandler            
00003619  CS_IRQHandler                 
00003619  DMA_ERR_IRQHandler            
00003619  DMA_INT0_IRQHandler           
00003619  DMA_INT1_IRQHandler           
00003619  DMA_INT2_IRQHandler           
00003619  DMA_INT3_IRQHandler           
00003619  DebugMon_Handler              
00003619  Default_Handler               
00003619  EUSCIA0_IRQHandler            
00003619  EUSCIA1_IRQHandler            
00003619  EUSCIA2_IRQHandler            
00003619  EUSCIA3_IRQHandler            
00003619  EUSCIB0_IRQHandler            
00003619  EUSCIB1_IRQHandler            
00003619  EUSCIB2_IRQHandler            
00003619  EUSCIB3_IRQHandler            
00003619  FLCTL_IRQHandler              
00003619  FPU_IRQHandler                
00003619  HardFault_Handler             
00003619  MemManage_Handler             
00003619  NMI_Handler                   
00003619  PCM_IRQHandler                
00003619  PORT1_IRQHandler              
00003619  PORT2_IRQHandler              
00000edd  PORT3_IRQHandler              
00000edd  PORT3_IRQHandler              
00000f15  PORT4_IRQHandler              
00000f15  PORT4_IRQHandler              
00003619  PORT5_IRQHandler              
00003619  PORT6_IRQHandler              
00003619  PSS_IRQHandler                
00003619  PendSV_Handler                
0000123f  PulseEnablePin                
00000725  RTC_C_IRQHandler              
00000725  RTC_C_IRQHandler              
0000360d  Reset_Handler                 
00003619  SVC_Handler                   
00003619  SysTick_Handler               
2000004c  SystemCoreClock               
00001e95  SystemCoreClockUpdate         
0000210d  SystemInit                    
00001399  T32_INT1_IRQHandler           
00001399  T32_INT1_IRQHandler           
00003619  T32_INT2_IRQHandler           
00003619  T32_INTC_IRQHandler           
00003619  TA0_0_IRQHandler              
00003619  TA0_N_IRQHandler              
00003619  TA1_0_IRQHandler              
00003619  TA1_N_IRQHandler              
00003619  TA2_0_IRQHandler              
00003619  TA2_N_IRQHandler              
00003619  TA3_0_IRQHandler              
00003619  TA3_N_IRQHandler              
00003619  UsageFault_Handler            
4000480c  WDTCTL_SYM                    
00003619  WDT_A_IRQHandler              
20010000  __STACK_END                   
00000200  __STACK_SIZE                  
000037a0  __TI_CINIT_Base               
000037a8  __TI_CINIT_Limit              
00003798  __TI_Handler_Table_Base       
000037a0  __TI_Handler_Table_Limit      
00003405  __TI_auto_init_nobinit_nopinit
000031a7  __TI_decompress_lzss          
000035ff  __TI_decompress_none          
ffffffff  __TI_pprof_out_hndl           
00001435  __TI_printfi                  
ffffffff  __TI_prof_data_size           
ffffffff  __TI_prof_data_start          
00000000  __TI_static_base__            
00002f45  __aeabi_cdcmpeq               
00002f45  __aeabi_cdcmple               
00002fcb  __aeabi_cdrcmple              
00003139  __aeabi_d2f                   
000033bd  __aeabi_d2iz                  
00002613  __aeabi_dadd                  
000028fd  __aeabi_ddiv                  
00002c65  __aeabi_dmul                  
00002609  __aeabi_dsub                  
00003625  __aeabi_errno_addr            
00003501  __aeabi_f2d                   
00003539  __aeabi_i2d                   
00001e93  __aeabi_idiv0                 
00001e93  __aeabi_ldiv0                 
00003051  __aeabi_memclr                
00003051  __aeabi_memclr4               
00003051  __aeabi_memclr8               
00002e13  __aeabi_memcpy                
00002e13  __aeabi_memcpy4               
00002e13  __aeabi_memcpy8               
00003053  __aeabi_memset                
00003053  __aeabi_memset4               
00003053  __aeabi_memset8               
00002eaf  __aeabi_uldivmod              
ffffffff  __binit__                     
ffffffff  __c_args__                    
UNDEFED   __mpu_init                    
2000fe00  __stack                       
000034c9  _c_int00_noargs               
00003634  _ctypes_                      
UNDEFED   _system_post_cinit            
0000362d  _system_pre_init              
00003631  abort                         
20000038  alarm                         
20000034  alarm_enable                  
20000054  alarm_hours                   
20000014  alarm_hr                      
20000018  alarm_min                     
20000046  alarm_minutes                 
2000001c  alarm_sec                     
20000042  alarm_xm                      
00003371  atoi                          
ffffffff  binit                         
20000028  btn_fastspeed                 
20000024  btndown_flag                  
20000020  btnup_flag                    
000011a3  commandWrite                  
000035b1  copysign                      
000035b1  copysignl                     
000011c3  dataWrite                     
00000f69  debounce1                     
00000fc5  debounce2                     
0000117d  delay_micro                   
00001155  delay_ms                      
20000048  errno                         
00003211  frexp                         
00003211  frexpl                        
20000057  hours                         
20000008  hr                            
00001041  init_LCD                      
000005dd  init_LEDs                     
0000062f  init_RTC                      
0000133d  init_Speaker                  
00000d19  init_Switches                 
000005c1  init_SysTick                  
00001383  init_Timer32                  
0000066d  init_adc                      
00000000  interruptVectors              
20000004  lcd_raw                       
00002b55  ldexp                         
00002b55  ldexpl                        
000032cb  ltoa                          
00000111  main                          
00003567  memccpy                       
00002e13  memcpy                        
00003059  memset                        
2000000c  min                           
2000005a  minutes                       
000011e3  pushByte                      
0000121d  pushNibble                    
00002b55  scalbn                        
00002b55  scalbnl                       
20000010  sec                           
2000005d  seconds                       
00000afd  set_alarm                     
20000030  set_alarm_flag                
00000575  set_lcd_brightness            
0000091d  set_time                      
2000002c  set_time_flag                 
00003449  sprintf                       
000012b9  start_Menu                    
0000359b  strchr                        
000035c5  strcpy                        
000035d9  strlen                        
20000000  temperature_raw               
00000475  update_alarm_lcd              
000003d1  update_temperature            
00000791  update_time                   
000035ed  wcslen                        
0000127d  write_String                  
20000050  xm                            


GLOBAL SYMBOLS: SORTED BY Symbol Address 

address   name                          
-------   ----                          
00000000  __TI_static_base__            
00000000  interruptVectors              
00000111  main                          
00000200  __STACK_SIZE                  
000003d1  update_temperature            
00000475  update_alarm_lcd              
00000575  set_lcd_brightness            
000005c1  init_SysTick                  
000005dd  init_LEDs                     
0000062f  init_RTC                      
0000066d  init_adc                      
000006c5  ADC14_IRQHandler              
000006c5  ADC14_IRQHandler              
00000725  RTC_C_IRQHandler              
00000725  RTC_C_IRQHandler              
00000791  update_time                   
0000091d  set_time                      
00000afd  set_alarm                     
00000d19  init_Switches                 
00000edd  PORT3_IRQHandler              
00000edd  PORT3_IRQHandler              
00000f15  PORT4_IRQHandler              
00000f15  PORT4_IRQHandler              
00000f69  debounce1                     
00000fc5  debounce2                     
00001041  init_LCD                      
00001155  delay_ms                      
0000117d  delay_micro                   
000011a3  commandWrite                  
000011c3  dataWrite                     
000011e3  pushByte                      
0000121d  pushNibble                    
0000123f  PulseEnablePin                
0000127d  write_String                  
000012b9  start_Menu                    
0000133d  init_Speaker                  
00001383  init_Timer32                  
00001399  T32_INT1_IRQHandler           
00001399  T32_INT1_IRQHandler           
00001435  __TI_printfi                  
00001e93  __aeabi_idiv0                 
00001e93  __aeabi_ldiv0                 
00001e95  SystemCoreClockUpdate         
0000210d  SystemInit                    
00002609  __aeabi_dsub                  
00002613  __aeabi_dadd                  
000028fd  __aeabi_ddiv                  
00002b55  ldexp                         
00002b55  ldexpl                        
00002b55  scalbn                        
00002b55  scalbnl                       
00002c65  __aeabi_dmul                  
00002e13  __aeabi_memcpy                
00002e13  __aeabi_memcpy4               
00002e13  __aeabi_memcpy8               
00002e13  memcpy                        
00002eaf  __aeabi_uldivmod              
00002f45  __aeabi_cdcmpeq               
00002f45  __aeabi_cdcmple               
00002fcb  __aeabi_cdrcmple              
00003051  __aeabi_memclr                
00003051  __aeabi_memclr4               
00003051  __aeabi_memclr8               
00003053  __aeabi_memset                
00003053  __aeabi_memset4               
00003053  __aeabi_memset8               
00003059  memset                        
00003139  __aeabi_d2f                   
000031a7  __TI_decompress_lzss          
00003211  frexp                         
00003211  frexpl                        
000032cb  ltoa                          
00003371  atoi                          
000033bd  __aeabi_d2iz                  
00003405  __TI_auto_init_nobinit_nopinit
00003449  sprintf                       
000034c9  _c_int00_noargs               
00003501  __aeabi_f2d                   
00003539  __aeabi_i2d                   
00003567  memccpy                       
0000359b  strchr                        
000035b1  copysign                      
000035b1  copysignl                     
000035c5  strcpy                        
000035d9  strlen                        
000035ed  wcslen                        
000035ff  __TI_decompress_none          
0000360d  Reset_Handler                 
00003619  AES256_IRQHandler             
00003619  BusFault_Handler              
00003619  COMP_E0_IRQHandler            
00003619  COMP_E1_IRQHandler            
00003619  CS_IRQHandler                 
00003619  DMA_ERR_IRQHandler            
00003619  DMA_INT0_IRQHandler           
00003619  DMA_INT1_IRQHandler           
00003619  DMA_INT2_IRQHandler           
00003619  DMA_INT3_IRQHandler           
00003619  DebugMon_Handler              
00003619  Default_Handler               
00003619  EUSCIA0_IRQHandler            
00003619  EUSCIA1_IRQHandler            
00003619  EUSCIA2_IRQHandler            
00003619  EUSCIA3_IRQHandler            
00003619  EUSCIB0_IRQHandler            
00003619  EUSCIB1_IRQHandler            
00003619  EUSCIB2_IRQHandler            
00003619  EUSCIB3_IRQHandler            
00003619  FLCTL_IRQHandler              
00003619  FPU_IRQHandler                
00003619  HardFault_Handler             
00003619  MemManage_Handler             
00003619  NMI_Handler                   
00003619  PCM_IRQHandler                
00003619  PORT1_IRQHandler              
00003619  PORT2_IRQHandler              
00003619  PORT5_IRQHandler              
00003619  PORT6_IRQHandler              
00003619  PSS_IRQHandler                
00003619  PendSV_Handler                
00003619  SVC_Handler                   
00003619  SysTick_Handler               
00003619  T32_INT2_IRQHandler           
00003619  T32_INTC_IRQHandler           
00003619  TA0_0_IRQHandler              
00003619  TA0_N_IRQHandler              
00003619  TA1_0_IRQHandler              
00003619  TA1_N_IRQHandler              
00003619  TA2_0_IRQHandler              
00003619  TA2_N_IRQHandler              
00003619  TA3_0_IRQHandler              
00003619  TA3_N_IRQHandler              
00003619  UsageFault_Handler            
00003619  WDT_A_IRQHandler              
00003625  __aeabi_errno_addr            
0000362d  _system_pre_init              
00003631  C$$EXIT                       
00003631  abort                         
00003634  _ctypes_                      
00003798  __TI_Handler_Table_Base       
000037a0  __TI_CINIT_Base               
000037a0  __TI_Handler_Table_Limit      
000037a8  __TI_CINIT_Limit              
20000000  temperature_raw               
20000004  lcd_raw                       
20000008  hr                            
2000000c  min                           
20000010  sec                           
20000014  alarm_hr                      
20000018  alarm_min                     
2000001c  alarm_sec                     
20000020  btnup_flag                    
20000024  btndown_flag                  
20000028  btn_fastspeed                 
2000002c  set_time_flag                 
20000030  set_alarm_flag                
20000034  alarm_enable                  
20000038  alarm                         
20000042  alarm_xm                      
20000046  alarm_minutes                 
20000048  errno                         
2000004c  SystemCoreClock               
20000050  xm                            
20000054  alarm_hours                   
20000057  hours                         
2000005a  minutes                       
2000005d  seconds                       
2000fe00  __stack                       
20010000  __STACK_END                   
4000480c  WDTCTL_SYM                    
ffffffff  __TI_pprof_out_hndl           
ffffffff  __TI_prof_data_size           
ffffffff  __TI_prof_data_start          
ffffffff  __binit__                     
ffffffff  __c_args__                    
ffffffff  binit                         
UNDEFED   __mpu_init                    
UNDEFED   _system_post_cinit            

[178 symbols]
