******************************************************************************
                  TI ARM Linker Unix v18.1.3                   
******************************************************************************
>> Linked Fri Nov 30 11:43:47 2018

OUTPUT FILE NAME:   <FinalProject.out>
ENTRY POINT SYMBOL: "_c_int00_noargs"  address: 00002bb1


MEMORY CONFIGURATION

         name            origin    length      used     unused   attr    fill
----------------------  --------  ---------  --------  --------  ----  --------
  MAIN                  00000000   00040000  00002e4f  0003d1b1  R  X
  INFO                  00200000   00004000  00000000  00004000  R  X
  SRAM_CODE             01000000   00010000  00000241  0000fdbf  RW X
  SRAM_DATA             20000000   00010000  00000241  0000fdbf  RW  


SEGMENT ALLOCATION MAP

run origin  load origin   length   init length attrs members
----------  ----------- ---------- ----------- ----- -------
00000000    00000000    00002e50   00002e50    r-x
  00000000    00000000    000000e4   000000e4    r-- .intvecs
  000000e4    000000e4    00002c00   00002c00    r-x .text
  00002ce4    00002ce4    0000012b   0000012b    r-- .const
  00002e10    00002e10    00000040   00000040    r-- .cinit
20000000    20000000    00000041   00000000    rw-
  20000000    20000000    00000039   00000000    rw- .data
  20000039    20000039    00000008   00000000    rw- .bss
2000fe00    2000fe00    00000200   00000000    rw-
  2000fe00    2000fe00    00000200   00000000    rw- .stack


SECTION ALLOCATION MAP

 output                                  attributes/
section   page    origin      length       input sections
--------  ----  ----------  ----------   ----------------
.intvecs   0    00000000    000000e4     
                  00000000    000000e4     startup_msp432p401r_ccs.obj (.intvecs:retain)

.text      0    000000e4    00002c00     
                  000000e4    00000aa8     main.obj (.text)
                  00000b8c    00000a5e     rtsv7M4_T_le_v4SPD16_eabi.lib : _printfi.c.obj (.text:__TI_printfi)
                  000015ea    00000002                                   : div0.asm.obj (.text)
                  000015ec    00000334     system_msp432p401r.obj (.text)
                  00001920    00000270     rtsv7M4_T_le_v4SPD16_eabi.lib : _printfi.c.obj (.text:_pconv_a)
                  00001b90    000001d0                                   : _printfi.c.obj (.text:_pconv_g)
                  00001d60    000001b6                                   : fd_add_t2.asm.obj (.text)
                  00001f16    00000002     --HOLE-- [fill = 0]
                  00001f18    0000013c                                   : _printfi.c.obj (.text:_pconv_e)
                  00002054    00000136                                   : fd_div_t2.asm.obj (.text)
                  0000218a    00000002     --HOLE-- [fill = 0]
                  0000218c    00000120                                   : _printfi.c.obj (.text:fcvt)
                  000022ac    00000110                                   : s_scalbn.c.obj (.text:scalbn)
                  000023bc    000000fc                                   : fd_mul_t2.asm.obj (.text)
                  000024b8    000000b1                                   : _printfi.c.obj (.text:_ltostr)
                  00002569    00000001     --HOLE-- [fill = 0]
                  0000256a    0000009c                                   : memcpy_t2.asm.obj (.text)
                  00002606    00000096                                   : ull_div_t2.asm.obj (.text)
                  0000269c    00000086                                   : fd_cmp_t2.asm.obj (.text:__aeabi_cdcmple)
                  00002722    00000086                                   : fd_cmp_t2.asm.obj (.text:__aeabi_cdrcmple)
                  000027a8    0000007a                                   : memset_t2.asm.obj (.text)
                  00002822    0000006e                                   : _printfi.c.obj (.text:_mcpy)
                  00002890    00000068                                   : copy_decompress_lzss.c.obj (.text:decompress:lzss:__TI_decompress_lzss)
                  000028f8    00000064                                   : s_frexp.c.obj (.text:frexp)
                  0000295c    00000056                                   : _printfi.c.obj (.text:_pconv_f)
                  000029b2    00000054                                   : ltoa.c.obj (.text:ltoa)
                  00002a06    00000052                                   : _printfi.c.obj (.text:_ecpy)
                  00002a58    0000004c                                   : atoi.c.obj (.text:atoi)
                  00002aa4    00000048                                   : fd_toi_t2.asm.obj (.text)
                  00002aec    00000044                                   : autoinit.c.obj (.text:__TI_auto_init_nobinit_nopinit:__TI_auto_init_nobinit_nopinit)
                  00002b30    00000040                                   : sprintf.c.obj (.text:sprintf)
                  00002b70    0000003e                                   : _printfi.c.obj (.text:_fcpy)
                  00002bae    00000002     --HOLE-- [fill = 0]
                  00002bb0    00000038                                   : boot_cortex_m.c.obj (.text:_c_int00_noargs:_c_int00_noargs)
                  00002be8    0000002e                                   : i_tofd_t2.asm.obj (.text)
                  00002c16    0000001c                                   : memccpy.c.obj (.text:memccpy)
                  00002c32    00000018                                   : sprintf.c.obj (.text:_outs)
                  00002c4a    00000016                                   : strchr.c.obj (.text:strchr)
                  00002c60    00000014                                   : s_copysign.c.obj (.text:copysign)
                  00002c74    00000014                                   : strlen.c.obj (.text:strlen)
                  00002c88    00000012                                   : copy_zero_init.c.obj (.text:decompress:ZI:__TI_zero_init_nomemset:__TI_zero_init_nomemset)
                  00002c9a    00000012                                   : wcslen.c.obj (.text:wcslen)
                  00002cac    0000000e                                   : copy_decompress_none.c.obj (.text:decompress:none:__TI_decompress_none)
                  00002cba    0000000e     startup_msp432p401r_ccs.obj (.text)
                  00002cc8    0000000a     rtsv7M4_T_le_v4SPD16_eabi.lib : sprintf.c.obj (.text:_outc)
                  00002cd2    00000002     --HOLE-- [fill = 0]
                  00002cd4    00000008                                   : errno.c.obj (.text:__aeabi_errno_addr)
                  00002cdc    00000004                                   : pre_init.c.obj (.text:_system_pre_init)
                  00002ce0    00000004                                   : exit.c.obj (.text:abort:abort)

.const     0    00002ce4    0000012b     
                  00002ce4    00000101     rtsv7M4_T_le_v4SPD16_eabi.lib : ctype.c.obj (.const:.string:_ctypes_)
                  00002de5    0000000c     main.obj (.const:.string:$P$T0$1)
                  00002df1    0000000a     main.obj (.const:.string:$P$T1$2)
                  00002dfb    00000009     main.obj (.const:.string:$P$T2$3)
                  00002e04    00000007     main.obj (.const:.string:$P$T3$4)
                  00002e0b    00000002     main.obj (.const:.string:$P$T4$5)
                  00002e0d    00000002     main.obj (.const:.string:$P$T5$6)

.cinit     0    00002e10    00000040     
                  00002e10    0000001b     (.cinit..data.load) [load image, compression = lzss]
                  00002e2b    00000001     --HOLE-- [fill = 0]
                  00002e2c    0000000c     (__TI_handler_table)
                  00002e38    00000008     (.cinit..bss.load) [load image, compression = zero_init]
                  00002e40    00000010     (__TI_cinit_table)

.init_array 
*          0    00000000    00000000     UNINITIALIZED

.binit     0    00000000    00000000     

.data      0    20000000    00000039     UNINITIALIZED
                  20000000    00000020     main.obj (.data)
                  20000020    00000004     main.obj (.data:alarm_xm)
                  20000024    00000004     rtsv7M4_T_le_v4SPD16_eabi.lib : errno.c.obj (.data)
                  20000028    00000004     system_msp432p401r.obj (.data)
                  2000002c    00000004     main.obj (.data:xm)
                  20000030    00000003     main.obj (.data:hours)
                  20000033    00000003     main.obj (.data:minutes)
                  20000036    00000003     main.obj (.data:seconds)

.bss       0    20000039    00000008     UNINITIALIZED
                  20000039    00000004     (.common:alarm_hours)
                  2000003d    00000004     (.common:alarm_minutes)

.stack     0    2000fe00    00000200     UNINITIALIZED
                  2000fe00    00000004     rtsv7M4_T_le_v4SPD16_eabi.lib : boot_cortex_m.c.obj (.stack)
                  2000fe04    000001fc     --HOLE--

MODULE SUMMARY

       Module                        code    ro data   rw data
       ------                        ----    -------   -------
    ./
       main.obj                      2728    42        114    
       system_msp432p401r.obj        820     0         8      
       startup_msp432p401r_ccs.obj   14      228       0      
    +--+-----------------------------+-------+---------+---------+
       Total:                        3562    270       122    
                                                              
    /Applications/ti/ccsv8/tools/compiler/ti-cgt-arm_18.1.3.LTS/lib/rtsv7M4_T_le_v4SPD16_eabi.lib
       _printfi.c.obj                4863    0         0      
       fd_add_t2.asm.obj             438     0         0      
       fd_div_t2.asm.obj             310     0         0      
       s_scalbn.c.obj                272     0         0      
       fd_cmp_t2.asm.obj             268     0         0      
       ctype.c.obj                   0       257       0      
       fd_mul_t2.asm.obj             252     0         0      
       memcpy_t2.asm.obj             156     0         0      
       ull_div_t2.asm.obj            150     0         0      
       memset_t2.asm.obj             122     0         0      
       copy_decompress_lzss.c.obj    104     0         0      
       s_frexp.c.obj                 100     0         0      
       sprintf.c.obj                 98      0         0      
       ltoa.c.obj                    84      0         0      
       atoi.c.obj                    76      0         0      
       fd_toi_t2.asm.obj             72      0         0      
       autoinit.c.obj                68      0         0      
       boot_cortex_m.c.obj           56      0         0      
       i_tofd_t2.asm.obj             46      0         0      
       memccpy.c.obj                 28      0         0      
       strchr.c.obj                  22      0         0      
       s_copysign.c.obj              20      0         0      
       strlen.c.obj                  20      0         0      
       copy_zero_init.c.obj          18      0         0      
       wcslen.c.obj                  18      0         0      
       errno.c.obj                   8       0         8      
       copy_decompress_none.c.obj    14      0         0      
       exit.c.obj                    4       0         0      
       pre_init.c.obj                4       0         0      
       div0.asm.obj                  2       0         0      
    +--+-----------------------------+-------+---------+---------+
       Total:                        7693    257       8      
                                                              
       Stack:                        0       0         1024   
       Linker Generated:             0       63        0      
    +--+-----------------------------+-------+---------+---------+
       Grand Total:                  11255   590       1154   


LINKER GENERATED COPY TABLES

__TI_cinit_table @ 00002e40 records: 2, size/record: 8, table size: 16
	.data: load addr=00002e10, load size=0000001b bytes, run addr=20000000, run size=00000039 bytes, compression=lzss
	.bss: load addr=00002e38, load size=00000008 bytes, run addr=20000039, run size=00000008 bytes, compression=zero_init


LINKER GENERATED HANDLER TABLE

__TI_handler_table @ 00002e2c records: 3, size/record: 4, table size: 12
	index: 0, handler: __TI_decompress_lzss
	index: 1, handler: __TI_decompress_none
	index: 2, handler: __TI_zero_init


GLOBAL SYMBOLS: SORTED ALPHABETICALLY BY Name 

address   name                          
-------   ----                          
00002cc7  ADC14_IRQHandler              
00002cc7  AES256_IRQHandler             
00002cc7  BusFault_Handler              
00002ce1  C$$EXIT                       
00002cc7  COMP_E0_IRQHandler            
00002cc7  COMP_E1_IRQHandler            
00002cc7  CS_IRQHandler                 
00002cc7  DMA_ERR_IRQHandler            
00002cc7  DMA_INT0_IRQHandler           
00002cc7  DMA_INT1_IRQHandler           
00002cc7  DMA_INT2_IRQHandler           
00002cc7  DMA_INT3_IRQHandler           
00002cc7  DebugMon_Handler              
00002cc7  Default_Handler               
00002cc7  EUSCIA0_IRQHandler            
00002cc7  EUSCIA1_IRQHandler            
00002cc7  EUSCIA2_IRQHandler            
00002cc7  EUSCIA3_IRQHandler            
00002cc7  EUSCIB0_IRQHandler            
00002cc7  EUSCIB1_IRQHandler            
00002cc7  EUSCIB2_IRQHandler            
00002cc7  EUSCIB3_IRQHandler            
00002cc7  FLCTL_IRQHandler              
00002cc7  FPU_IRQHandler                
00002cc7  HardFault_Handler             
00002cc7  MemManage_Handler             
00002cc7  NMI_Handler                   
00002cc7  PCM_IRQHandler                
00002cc7  PORT1_IRQHandler              
00002cc7  PORT2_IRQHandler              
0000094d  PORT3_IRQHandler              
0000094d  PORT3_IRQHandler              
00000aff  PORT4_IRQHandler              
00000aff  PORT4_IRQHandler              
00002cc7  PORT5_IRQHandler              
00002cc7  PORT6_IRQHandler              
00002cc7  PSS_IRQHandler                
00002cc7  PendSV_Handler                
000004f9  PulseEnablePin                
0000022f  RTC_C_IRQHandler              
0000022f  RTC_C_IRQHandler              
00002cbb  Reset_Handler                 
00002cc7  SVC_Handler                   
00002cc7  SysTick_Handler               
20000028  SystemCoreClock               
000015ed  SystemCoreClockUpdate         
00001865  SystemInit                    
00002cc7  T32_INT1_IRQHandler           
00002cc7  T32_INT2_IRQHandler           
00002cc7  T32_INTC_IRQHandler           
00002cc7  TA0_0_IRQHandler              
00002cc7  TA0_N_IRQHandler              
00002cc7  TA1_0_IRQHandler              
00002cc7  TA1_N_IRQHandler              
00002cc7  TA2_0_IRQHandler              
00002cc7  TA2_N_IRQHandler              
00002cc7  TA3_0_IRQHandler              
00002cc7  TA3_N_IRQHandler              
00002cc7  UsageFault_Handler            
4000480c  WDTCTL_SYM                    
00002cc7  WDT_A_IRQHandler              
20010000  __STACK_END                   
00000200  __STACK_SIZE                  
00002e40  __TI_CINIT_Base               
00002e50  __TI_CINIT_Limit              
00002e2c  __TI_Handler_Table_Base       
00002e38  __TI_Handler_Table_Limit      
00002aed  __TI_auto_init_nobinit_nopinit
00002891  __TI_decompress_lzss          
00002cad  __TI_decompress_none          
ffffffff  __TI_pprof_out_hndl           
00000b8d  __TI_printfi                  
ffffffff  __TI_prof_data_size           
ffffffff  __TI_prof_data_start          
00000000  __TI_static_base__            
00002c89  __TI_zero_init_nomemset       
0000269d  __aeabi_cdcmpeq               
0000269d  __aeabi_cdcmple               
00002723  __aeabi_cdrcmple              
00002aa5  __aeabi_d2iz                  
00001d6b  __aeabi_dadd                  
00002055  __aeabi_ddiv                  
000023bd  __aeabi_dmul                  
00001d61  __aeabi_dsub                  
00002cd5  __aeabi_errno_addr            
00002be9  __aeabi_i2d                   
000015eb  __aeabi_idiv0                 
000015eb  __aeabi_ldiv0                 
000027a9  __aeabi_memclr                
000027a9  __aeabi_memclr4               
000027a9  __aeabi_memclr8               
0000256b  __aeabi_memcpy                
0000256b  __aeabi_memcpy4               
0000256b  __aeabi_memcpy8               
000027ab  __aeabi_memset                
000027ab  __aeabi_memset4               
000027ab  __aeabi_memset8               
00002607  __aeabi_uldivmod              
ffffffff  __binit__                     
ffffffff  __c_args__                    
UNDEFED   __mpu_init                    
2000fe00  __stack                       
00002bb1  _c_int00_noargs               
00002ce4  _ctypes_                      
UNDEFED   _system_post_cinit            
00002cdd  _system_pre_init              
00002ce1  abort                         
20000039  alarm_hours                   
2000000c  alarm_hr                      
20000010  alarm_min                     
2000003d  alarm_minutes                 
20000014  alarm_sec                     
20000020  alarm_xm                      
00002a59  atoi                          
ffffffff  binit                         
0000043f  commandWrite                  
00002c61  copysign                      
00002c61  copysignl                     
00000469  dataWrite                     
00000419  delay_micro                   
000003f1  delay_ms                      
20000024  errno                         
000028f9  frexp                         
000028f9  frexpl                        
20000030  hours                         
20000000  hr                            
00000303  init_LCD                      
000001af  init_LEDs                     
000001f7  init_RTC                      
000007d5  init_Switches                 
00000193  init_SysTick                  
00000000  interruptVectors              
000022ad  ldexp                         
000022ad  ldexpl                        
000029b3  ltoa                          
00000111  main                          
00002c17  memccpy                       
0000256b  memcpy                        
000027b1  memset                        
20000004  min                           
20000033  minutes                       
00000491  pushByte                      
000004c7  pushNibble                    
000022ad  scalbn                        
000022ad  scalbnl                       
20000008  sec                           
20000036  seconds                       
00000705  set_alarm                     
2000001c  set_alarm_flag                
00000645  set_time                      
20000018  set_time_flag                 
00002b31  sprintf                       
000005ad  start_Menu                    
00002c4b  strchr                        
00002c75  strlen                        
00000269  update_time                   
00002c9b  wcslen                        
00000559  write_String                  
2000002c  xm                            


GLOBAL SYMBOLS: SORTED BY Symbol Address 

address   name                          
-------   ----                          
00000000  __TI_static_base__            
00000000  interruptVectors              
00000111  main                          
00000193  init_SysTick                  
000001af  init_LEDs                     
000001f7  init_RTC                      
00000200  __STACK_SIZE                  
0000022f  RTC_C_IRQHandler              
0000022f  RTC_C_IRQHandler              
00000269  update_time                   
00000303  init_LCD                      
000003f1  delay_ms                      
00000419  delay_micro                   
0000043f  commandWrite                  
00000469  dataWrite                     
00000491  pushByte                      
000004c7  pushNibble                    
000004f9  PulseEnablePin                
00000559  write_String                  
000005ad  start_Menu                    
00000645  set_time                      
00000705  set_alarm                     
000007d5  init_Switches                 
0000094d  PORT3_IRQHandler              
0000094d  PORT3_IRQHandler              
00000aff  PORT4_IRQHandler              
00000aff  PORT4_IRQHandler              
00000b8d  __TI_printfi                  
000015eb  __aeabi_idiv0                 
000015eb  __aeabi_ldiv0                 
000015ed  SystemCoreClockUpdate         
00001865  SystemInit                    
00001d61  __aeabi_dsub                  
00001d6b  __aeabi_dadd                  
00002055  __aeabi_ddiv                  
000022ad  ldexp                         
000022ad  ldexpl                        
000022ad  scalbn                        
000022ad  scalbnl                       
000023bd  __aeabi_dmul                  
0000256b  __aeabi_memcpy                
0000256b  __aeabi_memcpy4               
0000256b  __aeabi_memcpy8               
0000256b  memcpy                        
00002607  __aeabi_uldivmod              
0000269d  __aeabi_cdcmpeq               
0000269d  __aeabi_cdcmple               
00002723  __aeabi_cdrcmple              
000027a9  __aeabi_memclr                
000027a9  __aeabi_memclr4               
000027a9  __aeabi_memclr8               
000027ab  __aeabi_memset                
000027ab  __aeabi_memset4               
000027ab  __aeabi_memset8               
000027b1  memset                        
00002891  __TI_decompress_lzss          
000028f9  frexp                         
000028f9  frexpl                        
000029b3  ltoa                          
00002a59  atoi                          
00002aa5  __aeabi_d2iz                  
00002aed  __TI_auto_init_nobinit_nopinit
00002b31  sprintf                       
00002bb1  _c_int00_noargs               
00002be9  __aeabi_i2d                   
00002c17  memccpy                       
00002c4b  strchr                        
00002c61  copysign                      
00002c61  copysignl                     
00002c75  strlen                        
00002c89  __TI_zero_init_nomemset       
00002c9b  wcslen                        
00002cad  __TI_decompress_none          
00002cbb  Reset_Handler                 
00002cc7  ADC14_IRQHandler              
00002cc7  AES256_IRQHandler             
00002cc7  BusFault_Handler              
00002cc7  COMP_E0_IRQHandler            
00002cc7  COMP_E1_IRQHandler            
00002cc7  CS_IRQHandler                 
00002cc7  DMA_ERR_IRQHandler            
00002cc7  DMA_INT0_IRQHandler           
00002cc7  DMA_INT1_IRQHandler           
00002cc7  DMA_INT2_IRQHandler           
00002cc7  DMA_INT3_IRQHandler           
00002cc7  DebugMon_Handler              
00002cc7  Default_Handler               
00002cc7  EUSCIA0_IRQHandler            
00002cc7  EUSCIA1_IRQHandler            
00002cc7  EUSCIA2_IRQHandler            
00002cc7  EUSCIA3_IRQHandler            
00002cc7  EUSCIB0_IRQHandler            
00002cc7  EUSCIB1_IRQHandler            
00002cc7  EUSCIB2_IRQHandler            
00002cc7  EUSCIB3_IRQHandler            
00002cc7  FLCTL_IRQHandler              
00002cc7  FPU_IRQHandler                
00002cc7  HardFault_Handler             
00002cc7  MemManage_Handler             
00002cc7  NMI_Handler                   
00002cc7  PCM_IRQHandler                
00002cc7  PORT1_IRQHandler              
00002cc7  PORT2_IRQHandler              
00002cc7  PORT5_IRQHandler              
00002cc7  PORT6_IRQHandler              
00002cc7  PSS_IRQHandler                
00002cc7  PendSV_Handler                
00002cc7  SVC_Handler                   
00002cc7  SysTick_Handler               
00002cc7  T32_INT1_IRQHandler           
00002cc7  T32_INT2_IRQHandler           
00002cc7  T32_INTC_IRQHandler           
00002cc7  TA0_0_IRQHandler              
00002cc7  TA0_N_IRQHandler              
00002cc7  TA1_0_IRQHandler              
00002cc7  TA1_N_IRQHandler              
00002cc7  TA2_0_IRQHandler              
00002cc7  TA2_N_IRQHandler              
00002cc7  TA3_0_IRQHandler              
00002cc7  TA3_N_IRQHandler              
00002cc7  UsageFault_Handler            
00002cc7  WDT_A_IRQHandler              
00002cd5  __aeabi_errno_addr            
00002cdd  _system_pre_init              
00002ce1  C$$EXIT                       
00002ce1  abort                         
00002ce4  _ctypes_                      
00002e2c  __TI_Handler_Table_Base       
00002e38  __TI_Handler_Table_Limit      
00002e40  __TI_CINIT_Base               
00002e50  __TI_CINIT_Limit              
20000000  hr                            
20000004  min                           
20000008  sec                           
2000000c  alarm_hr                      
20000010  alarm_min                     
20000014  alarm_sec                     
20000018  set_time_flag                 
2000001c  set_alarm_flag                
20000020  alarm_xm                      
20000024  errno                         
20000028  SystemCoreClock               
2000002c  xm                            
20000030  hours                         
20000033  minutes                       
20000036  seconds                       
20000039  alarm_hours                   
2000003d  alarm_minutes                 
2000fe00  __stack                       
20010000  __STACK_END                   
4000480c  WDTCTL_SYM                    
ffffffff  __TI_pprof_out_hndl           
ffffffff  __TI_prof_data_size           
ffffffff  __TI_prof_data_start          
ffffffff  __binit__                     
ffffffff  __c_args__                    
ffffffff  binit                         
UNDEFED   __mpu_init                    
UNDEFED   _system_post_cinit            

[159 symbols]
