******************************************************************************
                  TI ARM Linker Unix v18.1.3                   
******************************************************************************
>> Linked Mon Dec  3 21:55:13 2018

OUTPUT FILE NAME:   <FinalProject.out>
ENTRY POINT SYMBOL: "_c_int00_noargs"  address: 00003145


MEMORY CONFIGURATION

         name            origin    length      used     unused   attr    fill
----------------------  --------  ---------  --------  --------  ----  --------
  MAIN                  00000000   00040000  000033e3  0003cc1d  R  X
  INFO                  00200000   00004000  00000000  00004000  R  X
  SRAM_CODE             01000000   00010000  0000025c  0000fda4  RW X
  SRAM_DATA             20000000   00010000  0000025c  0000fda4  RW  


SEGMENT ALLOCATION MAP

run origin  load origin   length   init length attrs members
----------  ----------- ---------- ----------- ----- -------
00000000    00000000    000033e8   000033e8    r-x
  00000000    00000000    000000e4   000000e4    r-- .intvecs
  000000e4    000000e4    00003194   00003194    r-x .text
  00003278    00003278    0000012b   0000012b    r-- .const
  000033a8    000033a8    00000040   00000040    r-- .cinit
20000000    20000000    0000005c   00000000    rw-
  20000000    20000000    0000005c   00000000    rw- .data
2000fe00    2000fe00    00000200   00000000    rw-
  2000fe00    2000fe00    00000200   00000000    rw- .stack


SECTION ALLOCATION MAP

 output                                  attributes/
section   page    origin      length       input sections
--------  ----  ----------  ----------   ----------------
.intvecs   0    00000000    000000e4     
                  00000000    000000e4     startup_msp432p401r_ccs.obj (.intvecs:retain)

.text      0    000000e4    00003194     
                  000000e4    0000103c     main.obj (.text)
                  00001120    00000a5e     rtsv7M4_T_le_v4SPD16_eabi.lib : _printfi.c.obj (.text:__TI_printfi)
                  00001b7e    00000002                                   : div0.asm.obj (.text)
                  00001b80    00000334     system_msp432p401r.obj (.text)
                  00001eb4    00000270     rtsv7M4_T_le_v4SPD16_eabi.lib : _printfi.c.obj (.text:_pconv_a)
                  00002124    000001d0                                   : _printfi.c.obj (.text:_pconv_g)
                  000022f4    000001b6                                   : fd_add_t2.asm.obj (.text)
                  000024aa    00000002     --HOLE-- [fill = 0]
                  000024ac    0000013c                                   : _printfi.c.obj (.text:_pconv_e)
                  000025e8    00000136                                   : fd_div_t2.asm.obj (.text)
                  0000271e    00000002     --HOLE-- [fill = 0]
                  00002720    00000120                                   : _printfi.c.obj (.text:fcvt)
                  00002840    00000110                                   : s_scalbn.c.obj (.text:scalbn)
                  00002950    000000fc                                   : fd_mul_t2.asm.obj (.text)
                  00002a4c    000000b1                                   : _printfi.c.obj (.text:_ltostr)
                  00002afd    00000001     --HOLE-- [fill = 0]
                  00002afe    0000009c                                   : memcpy_t2.asm.obj (.text)
                  00002b9a    00000096                                   : ull_div_t2.asm.obj (.text)
                  00002c30    00000086                                   : fd_cmp_t2.asm.obj (.text:__aeabi_cdcmple)
                  00002cb6    00000086                                   : fd_cmp_t2.asm.obj (.text:__aeabi_cdrcmple)
                  00002d3c    0000007a                                   : memset_t2.asm.obj (.text)
                  00002db6    0000006e                                   : _printfi.c.obj (.text:_mcpy)
                  00002e24    00000068                                   : copy_decompress_lzss.c.obj (.text:decompress:lzss:__TI_decompress_lzss)
                  00002e8c    00000064                                   : s_frexp.c.obj (.text:frexp)
                  00002ef0    00000056                                   : _printfi.c.obj (.text:_pconv_f)
                  00002f46    00000054                                   : ltoa.c.obj (.text:ltoa)
                  00002f9a    00000052                                   : _printfi.c.obj (.text:_ecpy)
                  00002fec    0000004c                                   : atoi.c.obj (.text:atoi)
                  00003038    00000048                                   : fd_toi_t2.asm.obj (.text)
                  00003080    00000044                                   : autoinit.c.obj (.text:__TI_auto_init_nobinit_nopinit:__TI_auto_init_nobinit_nopinit)
                  000030c4    00000040                                   : sprintf.c.obj (.text:sprintf)
                  00003104    0000003e                                   : _printfi.c.obj (.text:_fcpy)
                  00003142    00000002     --HOLE-- [fill = 0]
                  00003144    00000038                                   : boot_cortex_m.c.obj (.text:_c_int00_noargs:_c_int00_noargs)
                  0000317c    0000002e                                   : i_tofd_t2.asm.obj (.text)
                  000031aa    0000001c                                   : memccpy.c.obj (.text:memccpy)
                  000031c6    00000018                                   : sprintf.c.obj (.text:_outs)
                  000031de    00000016                                   : strchr.c.obj (.text:strchr)
                  000031f4    00000014                                   : s_copysign.c.obj (.text:copysign)
                  00003208    00000014                                   : strcpy.c.obj (.text:strcpy)
                  0000321c    00000014                                   : strlen.c.obj (.text:strlen)
                  00003230    00000012                                   : wcslen.c.obj (.text:wcslen)
                  00003242    0000000e                                   : copy_decompress_none.c.obj (.text:decompress:none:__TI_decompress_none)
                  00003250    0000000e     startup_msp432p401r_ccs.obj (.text)
                  0000325e    0000000a     rtsv7M4_T_le_v4SPD16_eabi.lib : sprintf.c.obj (.text:_outc)
                  00003268    00000008                                   : errno.c.obj (.text:__aeabi_errno_addr)
                  00003270    00000004                                   : pre_init.c.obj (.text:_system_pre_init)
                  00003274    00000004                                   : exit.c.obj (.text:abort:abort)

.const     0    00003278    0000012b     
                  00003278    00000101     rtsv7M4_T_le_v4SPD16_eabi.lib : ctype.c.obj (.const:.string:_ctypes_)
                  00003379    0000000c     main.obj (.const:.string:$P$T2$3)
                  00003385    0000000a     main.obj (.const:.string:$P$T3$4)
                  0000338f    00000009     main.obj (.const:.string:$P$T4$5)
                  00003398    00000007     main.obj (.const:.string:$P$T5$6)
                  0000339f    00000002     main.obj (.const:.string:$P$T0$1)
                  000033a1    00000002     main.obj (.const:.string:$P$T1$2)

.cinit     0    000033a8    00000040     
                  000033a8    0000002e     (.cinit..data.load) [load image, compression = lzss]
                  000033d6    00000002     --HOLE-- [fill = 0]
                  000033d8    00000008     (__TI_handler_table)
                  000033e0    00000008     (__TI_cinit_table)

.init_array 
*          0    00000000    00000000     UNINITIALIZED

.binit     0    00000000    00000000     

.data      0    20000000    0000005c     UNINITIALIZED
                  20000000    00000034     main.obj (.data)
                  20000034    0000000a     main.obj (.data:alarm)
                  2000003e    00000004     main.obj (.data:alarm_xm)
                  20000042    00000002     main.obj (.data:alarm_minutes)
                  20000044    00000004     rtsv7M4_T_le_v4SPD16_eabi.lib : errno.c.obj (.data)
                  20000048    00000004     system_msp432p401r.obj (.data)
                  2000004c    00000004     main.obj (.data:xm)
                  20000050    00000003     main.obj (.data:alarm_hours)
                  20000053    00000003     main.obj (.data:hours)
                  20000056    00000003     main.obj (.data:minutes)
                  20000059    00000003     main.obj (.data:seconds)

.stack     0    2000fe00    00000200     UNINITIALIZED
                  2000fe00    00000004     rtsv7M4_T_le_v4SPD16_eabi.lib : boot_cortex_m.c.obj (.stack)
                  2000fe04    000001fc     --HOLE--

MODULE SUMMARY

       Module                        code    ro data   rw data
       ------                        ----    -------   -------
    ./
       main.obj                      4156    42        168    
       system_msp432p401r.obj        820     0         8      
       startup_msp432p401r_ccs.obj   14      228       0      
    +--+-----------------------------+-------+---------+---------+
       Total:                        4990    270       176    
                                                              
    /Applications/ti/ccsv8/tools/compiler/ti-cgt-arm_18.1.3.LTS/lib/rtsv7M4_T_le_v4SPD16_eabi.lib
       _printfi.c.obj                4863    0         0      
       fd_add_t2.asm.obj             438     0         0      
       fd_div_t2.asm.obj             310     0         0      
       s_scalbn.c.obj                272     0         0      
       fd_cmp_t2.asm.obj             268     0         0      
       ctype.c.obj                   0       257       0      
       fd_mul_t2.asm.obj             252     0         0      
       memcpy_t2.asm.obj             156     0         0      
       ull_div_t2.asm.obj            150     0         0      
       memset_t2.asm.obj             122     0         0      
       copy_decompress_lzss.c.obj    104     0         0      
       s_frexp.c.obj                 100     0         0      
       sprintf.c.obj                 98      0         0      
       ltoa.c.obj                    84      0         0      
       atoi.c.obj                    76      0         0      
       fd_toi_t2.asm.obj             72      0         0      
       autoinit.c.obj                68      0         0      
       boot_cortex_m.c.obj           56      0         0      
       i_tofd_t2.asm.obj             46      0         0      
       memccpy.c.obj                 28      0         0      
       strchr.c.obj                  22      0         0      
       s_copysign.c.obj              20      0         0      
       strcpy.c.obj                  20      0         0      
       strlen.c.obj                  20      0         0      
       wcslen.c.obj                  18      0         0      
       errno.c.obj                   8       0         8      
       copy_decompress_none.c.obj    14      0         0      
       exit.c.obj                    4       0         0      
       pre_init.c.obj                4       0         0      
       div0.asm.obj                  2       0         0      
    +--+-----------------------------+-------+---------+---------+
       Total:                        7695    257       8      
                                                              
       Stack:                        0       0         1024   
       Linker Generated:             0       62        0      
    +--+-----------------------------+-------+---------+---------+
       Grand Total:                  12685   589       1208   


LINKER GENERATED COPY TABLES

__TI_cinit_table @ 000033e0 records: 1, size/record: 8, table size: 8
	.data: load addr=000033a8, load size=0000002e bytes, run addr=20000000, run size=0000005c bytes, compression=lzss


LINKER GENERATED HANDLER TABLE

__TI_handler_table @ 000033d8 records: 2, size/record: 4, table size: 8
	index: 0, handler: __TI_decompress_lzss
	index: 1, handler: __TI_decompress_none


GLOBAL SYMBOLS: SORTED ALPHABETICALLY BY Name 

address   name                          
-------   ----                          
000004cd  ADC14_IRQHandler              
000004cd  ADC14_IRQHandler              
0000325d  AES256_IRQHandler             
0000325d  BusFault_Handler              
00003275  C$$EXIT                       
0000325d  COMP_E0_IRQHandler            
0000325d  COMP_E1_IRQHandler            
0000325d  CS_IRQHandler                 
0000325d  DMA_ERR_IRQHandler            
0000325d  DMA_INT0_IRQHandler           
0000325d  DMA_INT1_IRQHandler           
0000325d  DMA_INT2_IRQHandler           
0000325d  DMA_INT3_IRQHandler           
0000325d  DebugMon_Handler              
0000325d  Default_Handler               
0000325d  EUSCIA0_IRQHandler            
0000325d  EUSCIA1_IRQHandler            
0000325d  EUSCIA2_IRQHandler            
0000325d  EUSCIA3_IRQHandler            
0000325d  EUSCIB0_IRQHandler            
0000325d  EUSCIB1_IRQHandler            
0000325d  EUSCIB2_IRQHandler            
0000325d  EUSCIB3_IRQHandler            
0000325d  FLCTL_IRQHandler              
0000325d  FPU_IRQHandler                
0000325d  HardFault_Handler             
0000325d  MemManage_Handler             
0000325d  NMI_Handler                   
0000325d  PCM_IRQHandler                
0000325d  PORT1_IRQHandler              
0000325d  PORT2_IRQHandler              
00000be9  PORT3_IRQHandler              
00000be9  PORT3_IRQHandler              
00000c17  PORT4_IRQHandler              
00000c17  PORT4_IRQHandler              
0000325d  PORT5_IRQHandler              
0000325d  PORT6_IRQHandler              
0000325d  PSS_IRQHandler                
0000325d  PendSV_Handler                
00000f39  PulseEnablePin                
00000509  RTC_C_IRQHandler              
00000509  RTC_C_IRQHandler              
00003251  Reset_Handler                 
0000325d  SVC_Handler                   
0000325d  SysTick_Handler               
20000048  SystemCoreClock               
00001b81  SystemCoreClockUpdate         
00001df9  SystemInit                    
0000109d  T32_INT1_IRQHandler           
0000109d  T32_INT1_IRQHandler           
0000325d  T32_INT2_IRQHandler           
0000325d  T32_INTC_IRQHandler           
0000325d  TA0_0_IRQHandler              
0000325d  TA0_N_IRQHandler              
0000325d  TA1_0_IRQHandler              
0000325d  TA1_N_IRQHandler              
0000325d  TA2_0_IRQHandler              
0000325d  TA2_N_IRQHandler              
0000325d  TA3_0_IRQHandler              
0000325d  TA3_N_IRQHandler              
0000325d  UsageFault_Handler            
4000480c  WDTCTL_SYM                    
0000325d  WDT_A_IRQHandler              
20010000  __STACK_END                   
00000200  __STACK_SIZE                  
000033e0  __TI_CINIT_Base               
000033e8  __TI_CINIT_Limit              
000033d8  __TI_Handler_Table_Base       
000033e0  __TI_Handler_Table_Limit      
00003081  __TI_auto_init_nobinit_nopinit
00002e25  __TI_decompress_lzss          
00003243  __TI_decompress_none          
ffffffff  __TI_pprof_out_hndl           
00001121  __TI_printfi                  
ffffffff  __TI_prof_data_size           
ffffffff  __TI_prof_data_start          
00000000  __TI_static_base__            
00002c31  __aeabi_cdcmpeq               
00002c31  __aeabi_cdcmple               
00002cb7  __aeabi_cdrcmple              
00003039  __aeabi_d2iz                  
000022ff  __aeabi_dadd                  
000025e9  __aeabi_ddiv                  
00002951  __aeabi_dmul                  
000022f5  __aeabi_dsub                  
00003269  __aeabi_errno_addr            
0000317d  __aeabi_i2d                   
00001b7f  __aeabi_idiv0                 
00001b7f  __aeabi_ldiv0                 
00002d3d  __aeabi_memclr                
00002d3d  __aeabi_memclr4               
00002d3d  __aeabi_memclr8               
00002aff  __aeabi_memcpy                
00002aff  __aeabi_memcpy4               
00002aff  __aeabi_memcpy8               
00002d3f  __aeabi_memset                
00002d3f  __aeabi_memset4               
00002d3f  __aeabi_memset8               
00002b9b  __aeabi_uldivmod              
ffffffff  __binit__                     
ffffffff  __c_args__                    
UNDEFED   __mpu_init                    
2000fe00  __stack                       
00003145  _c_int00_noargs               
00003278  _ctypes_                      
UNDEFED   _system_post_cinit            
00003271  _system_pre_init              
00003275  abort                         
20000034  alarm                         
20000030  alarm_enable                  
20000050  alarm_hours                   
20000014  alarm_hr                      
20000018  alarm_min                     
20000042  alarm_minutes                 
2000001c  alarm_sec                     
2000003e  alarm_xm                      
00002fed  atoi                          
ffffffff  binit                         
20000024  btndown_flag                  
20000020  btnup_flag                    
00000e7b  commandWrite                  
000031f5  copysign                      
000031f5  copysignl                     
00000ea5  dataWrite                     
00000c51  debounce1                     
00000cb9  debounce2                     
00000e55  delay_micro                   
00000e15  delay_ms                      
20000044  errno                         
00002e8d  frexp                         
00002e8d  frexpl                        
20000053  hours                         
20000008  hr                            
00000d21  init_LCD                      
000003c3  init_LEDs                     
00000411  init_RTC                      
00001031  init_Speaker                  
00000aa9  init_Switches                 
000003a7  init_SysTick                  
00001077  init_Timer32                  
0000045d  init_adc                      
00000000  interruptVectors              
20000004  lcd_raw                       
00002841  ldexp                         
00002841  ldexpl                        
00002f47  ltoa                          
00000111  main                          
000031ab  memccpy                       
00002aff  memcpy                        
00002d45  memset                        
2000000c  min                           
20000056  minutes                       
00000edd  pushByte                      
00000f13  pushNibble                    
00002841  scalbn                        
00002841  scalbnl                       
20000010  sec                           
20000059  seconds                       
000008a9  set_alarm                     
2000002c  set_alarm_flag                
000006bd  set_time                      
20000028  set_time_flag                 
000030c5  sprintf                       
00000fad  start_Menu                    
000031df  strchr                        
00003209  strcpy                        
0000321d  strlen                        
20000000  temperature_raw               
0000056d  update_time                   
00003231  wcslen                        
00000f71  write_String                  
2000004c  xm                            


GLOBAL SYMBOLS: SORTED BY Symbol Address 

address   name                          
-------   ----                          
00000000  __TI_static_base__            
00000000  interruptVectors              
00000111  main                          
00000200  __STACK_SIZE                  
000003a7  init_SysTick                  
000003c3  init_LEDs                     
00000411  init_RTC                      
0000045d  init_adc                      
000004cd  ADC14_IRQHandler              
000004cd  ADC14_IRQHandler              
00000509  RTC_C_IRQHandler              
00000509  RTC_C_IRQHandler              
0000056d  update_time                   
000006bd  set_time                      
000008a9  set_alarm                     
00000aa9  init_Switches                 
00000be9  PORT3_IRQHandler              
00000be9  PORT3_IRQHandler              
00000c17  PORT4_IRQHandler              
00000c17  PORT4_IRQHandler              
00000c51  debounce1                     
00000cb9  debounce2                     
00000d21  init_LCD                      
00000e15  delay_ms                      
00000e55  delay_micro                   
00000e7b  commandWrite                  
00000ea5  dataWrite                     
00000edd  pushByte                      
00000f13  pushNibble                    
00000f39  PulseEnablePin                
00000f71  write_String                  
00000fad  start_Menu                    
00001031  init_Speaker                  
00001077  init_Timer32                  
0000109d  T32_INT1_IRQHandler           
0000109d  T32_INT1_IRQHandler           
00001121  __TI_printfi                  
00001b7f  __aeabi_idiv0                 
00001b7f  __aeabi_ldiv0                 
00001b81  SystemCoreClockUpdate         
00001df9  SystemInit                    
000022f5  __aeabi_dsub                  
000022ff  __aeabi_dadd                  
000025e9  __aeabi_ddiv                  
00002841  ldexp                         
00002841  ldexpl                        
00002841  scalbn                        
00002841  scalbnl                       
00002951  __aeabi_dmul                  
00002aff  __aeabi_memcpy                
00002aff  __aeabi_memcpy4               
00002aff  __aeabi_memcpy8               
00002aff  memcpy                        
00002b9b  __aeabi_uldivmod              
00002c31  __aeabi_cdcmpeq               
00002c31  __aeabi_cdcmple               
00002cb7  __aeabi_cdrcmple              
00002d3d  __aeabi_memclr                
00002d3d  __aeabi_memclr4               
00002d3d  __aeabi_memclr8               
00002d3f  __aeabi_memset                
00002d3f  __aeabi_memset4               
00002d3f  __aeabi_memset8               
00002d45  memset                        
00002e25  __TI_decompress_lzss          
00002e8d  frexp                         
00002e8d  frexpl                        
00002f47  ltoa                          
00002fed  atoi                          
00003039  __aeabi_d2iz                  
00003081  __TI_auto_init_nobinit_nopinit
000030c5  sprintf                       
00003145  _c_int00_noargs               
0000317d  __aeabi_i2d                   
000031ab  memccpy                       
000031df  strchr                        
000031f5  copysign                      
000031f5  copysignl                     
00003209  strcpy                        
0000321d  strlen                        
00003231  wcslen                        
00003243  __TI_decompress_none          
00003251  Reset_Handler                 
0000325d  AES256_IRQHandler             
0000325d  BusFault_Handler              
0000325d  COMP_E0_IRQHandler            
0000325d  COMP_E1_IRQHandler            
0000325d  CS_IRQHandler                 
0000325d  DMA_ERR_IRQHandler            
0000325d  DMA_INT0_IRQHandler           
0000325d  DMA_INT1_IRQHandler           
0000325d  DMA_INT2_IRQHandler           
0000325d  DMA_INT3_IRQHandler           
0000325d  DebugMon_Handler              
0000325d  Default_Handler               
0000325d  EUSCIA0_IRQHandler            
0000325d  EUSCIA1_IRQHandler            
0000325d  EUSCIA2_IRQHandler            
0000325d  EUSCIA3_IRQHandler            
0000325d  EUSCIB0_IRQHandler            
0000325d  EUSCIB1_IRQHandler            
0000325d  EUSCIB2_IRQHandler            
0000325d  EUSCIB3_IRQHandler            
0000325d  FLCTL_IRQHandler              
0000325d  FPU_IRQHandler                
0000325d  HardFault_Handler             
0000325d  MemManage_Handler             
0000325d  NMI_Handler                   
0000325d  PCM_IRQHandler                
0000325d  PORT1_IRQHandler              
0000325d  PORT2_IRQHandler              
0000325d  PORT5_IRQHandler              
0000325d  PORT6_IRQHandler              
0000325d  PSS_IRQHandler                
0000325d  PendSV_Handler                
0000325d  SVC_Handler                   
0000325d  SysTick_Handler               
0000325d  T32_INT2_IRQHandler           
0000325d  T32_INTC_IRQHandler           
0000325d  TA0_0_IRQHandler              
0000325d  TA0_N_IRQHandler              
0000325d  TA1_0_IRQHandler              
0000325d  TA1_N_IRQHandler              
0000325d  TA2_0_IRQHandler              
0000325d  TA2_N_IRQHandler              
0000325d  TA3_0_IRQHandler              
0000325d  TA3_N_IRQHandler              
0000325d  UsageFault_Handler            
0000325d  WDT_A_IRQHandler              
00003269  __aeabi_errno_addr            
00003271  _system_pre_init              
00003275  C$$EXIT                       
00003275  abort                         
00003278  _ctypes_                      
000033d8  __TI_Handler_Table_Base       
000033e0  __TI_CINIT_Base               
000033e0  __TI_Handler_Table_Limit      
000033e8  __TI_CINIT_Limit              
20000000  temperature_raw               
20000004  lcd_raw                       
20000008  hr                            
2000000c  min                           
20000010  sec                           
20000014  alarm_hr                      
20000018  alarm_min                     
2000001c  alarm_sec                     
20000020  btnup_flag                    
20000024  btndown_flag                  
20000028  set_time_flag                 
2000002c  set_alarm_flag                
20000030  alarm_enable                  
20000034  alarm                         
2000003e  alarm_xm                      
20000042  alarm_minutes                 
20000044  errno                         
20000048  SystemCoreClock               
2000004c  xm                            
20000050  alarm_hours                   
20000053  hours                         
20000056  minutes                       
20000059  seconds                       
2000fe00  __stack                       
20010000  __STACK_END                   
4000480c  WDTCTL_SYM                    
ffffffff  __TI_pprof_out_hndl           
ffffffff  __TI_prof_data_size           
ffffffff  __TI_prof_data_start          
ffffffff  __binit__                     
ffffffff  __c_args__                    
ffffffff  binit                         
UNDEFED   __mpu_init                    
UNDEFED   _system_post_cinit            

[172 symbols]
